../Core/Inc/ros/time.h:51:3:ros::Time::Time()	16	static
../Core/Inc/ros/msg.h:46:7:constexpr ros::Msg::Msg()	16	static
../Core/Inc/std_msgs/Time.h:19:5:std_msgs::Time::Time()	16	static
../Core/Inc/std_msgs/Time.h:24:17:virtual int std_msgs::Time::serialize(unsigned char*) const	24	static
../Core/Inc/std_msgs/Time.h:40:17:virtual int std_msgs::Time::deserialize(unsigned char*)	24	static
../Core/Inc/std_msgs/Time.h:56:26:virtual const char* std_msgs::Time::getType()	16	static
../Core/Inc/std_msgs/Time.h:57:26:virtual const char* std_msgs::Time::getMD5()	16	static
../Core/Inc/rosserial_msgs/TopicInfo.h:34:5:rosserial_msgs::TopicInfo::TopicInfo()	16	static
../Core/Inc/rosserial_msgs/TopicInfo.h:43:17:virtual int rosserial_msgs::TopicInfo::serialize(unsigned char*) const	40	static
../Core/Inc/rosserial_msgs/TopicInfo.h:77:17:virtual int rosserial_msgs::TopicInfo::deserialize(unsigned char*)	48	static
../Core/Inc/rosserial_msgs/TopicInfo.h:124:26:virtual const char* rosserial_msgs::TopicInfo::getType()	16	static
../Core/Inc/rosserial_msgs/TopicInfo.h:125:26:virtual const char* rosserial_msgs::TopicInfo::getMD5()	16	static
../Core/Inc/rosserial_msgs/Log.h:25:5:rosserial_msgs::Log::Log()	16	static
../Core/Inc/rosserial_msgs/Log.h:31:17:virtual int rosserial_msgs::Log::serialize(unsigned char*) const	24	static
../Core/Inc/rosserial_msgs/Log.h:44:17:virtual int rosserial_msgs::Log::deserialize(unsigned char*)	32	static
../Core/Inc/rosserial_msgs/Log.h:61:26:virtual const char* rosserial_msgs::Log::getType()	16	static
../Core/Inc/rosserial_msgs/Log.h:62:26:virtual const char* rosserial_msgs::Log::getMD5()	16	static
../Core/Inc/rosserial_msgs/RequestParam.h:71:5:rosserial_msgs::RequestParamResponse::RequestParamResponse()	16	static
../Core/Inc/rosserial_msgs/RequestParam.h:78:17:virtual int rosserial_msgs::RequestParamResponse::serialize(unsigned char*) const	48	static
../Core/Inc/rosserial_msgs/RequestParam.h:130:17:virtual int rosserial_msgs::RequestParamResponse::deserialize(unsigned char*)	64	static
../Core/Inc/rosserial_msgs/RequestParam.h:200:26:virtual const char* rosserial_msgs::RequestParamResponse::getType()	16	static
../Core/Inc/rosserial_msgs/RequestParam.h:201:26:virtual const char* rosserial_msgs::RequestParamResponse::getMD5()	16	static
../Core/Inc/ros/publisher.h:48:3:ros::Publisher::Publisher(const char*, ros::Msg*, int)	24	static
../Core/Inc/ros/publisher.h:57:7:int ros::Publisher::getEndpointType()	16	static
../Core/Inc/STM32Hardware.h:61:21:uint32_t STM32Hardware::getRdmaInd()	16	static
../Core/Inc/STM32Hardware.h:71:5:STM32Hardware::STM32Hardware()	16	static
../Core/Inc/STM32Hardware.h:79:10:void STM32Hardware::init()	16	static
../Core/Inc/STM32Hardware.h:83:10:void STM32Hardware::reset_rbuf()	16	static
../Core/Inc/STM32Hardware.h:87:9:int STM32Hardware::read()	32	static
../Core/Inc/STM32Hardware.h:96:10:void STM32Hardware::flush()	24	static
../Core/Inc/STM32Hardware.h:111:10:void STM32Hardware::write(uint8_t*, int)	32	static
../Core/Inc/STM32Hardware.h:126:19:long unsigned int STM32Hardware::time()	16	static
../Core/Inc/std_msgs/UInt16.h:18:5:std_msgs::UInt16::UInt16()	16	static
../Core/Inc/std_msgs/UInt16.h:23:17:virtual int std_msgs::UInt16::serialize(unsigned char*) const	24	static
../Core/Inc/std_msgs/UInt16.h:32:17:virtual int std_msgs::UInt16::deserialize(unsigned char*)	24	static
../Core/Inc/std_msgs/UInt16.h:41:26:virtual const char* std_msgs::UInt16::getType()	16	static
../Core/Inc/std_msgs/UInt16.h:42:26:virtual const char* std_msgs::UInt16::getMD5()	16	static
../Core/Inc/motors.h:26:2:EncoderMotor::EncoderMotor(GPIO_TypeDef*, GPIO_TypeDef*, uint16_t, uint16_t, TIM_HandleTypeDef*, uint16_t, TIM_HandleTypeDef*, uint16_t, TIM_HandleTypeDef*, uint16_t)	24	static
../Core/Inc/std_msgs/UInt32.h:18:5:std_msgs::UInt32::UInt32()	16	static
../Core/Inc/std_msgs/UInt32.h:23:17:virtual int std_msgs::UInt32::serialize(unsigned char*) const	24	static
../Core/Inc/std_msgs/UInt32.h:34:17:virtual int std_msgs::UInt32::deserialize(unsigned char*)	24	static
../Core/Inc/std_msgs/UInt32.h:45:26:virtual const char* std_msgs::UInt32::getType()	16	static
../Core/Inc/std_msgs/UInt32.h:46:26:virtual const char* std_msgs::UInt32::getMD5()	16	static
../Core/Inc/ros/node_handle.h:50:7:constexpr ros::NodeHandleBase_::NodeHandleBase_()	16	static
../Core/Inc/ros/node_handle.h:106:7:constexpr ros::NodeHandle_<STM32Hardware>::NodeHandle_()	16	static
../Core/Src/main.cpp:146:5:int main()	152	static
../Core/Src/main.cpp:234:6:void SystemClock_Config()	88	static
../Core/Src/main.cpp:281:13:void MX_I2C1_Init()	8	static
../Core/Src/main.cpp:315:13:void MX_I2C2_Init()	8	static
../Core/Src/main.cpp:349:13:void MX_RTC_Init()	8	static
../Core/Src/main.cpp:384:13:void MX_TIM2_Init()	40	static
../Core/Src/main.cpp:435:13:void MX_TIM3_Init()	56	static
../Core/Src/main.cpp:499:13:void MX_TIM4_Init()	56	static
../Core/Src/main.cpp:563:13:void MX_TIM5_Init()	40	static
../Core/Src/main.cpp:614:13:void MX_TIM9_Init()	40	static
../Core/Src/main.cpp:656:13:void MX_TIM12_Init()	40	static
../Core/Src/main.cpp:698:13:void MX_UART4_Init()	8	static
../Core/Src/main.cpp:729:13:void MX_DMA_Init()	16	static
../Core/Src/main.cpp:756:13:void MX_GPIO_Init()	56	static
../Core/Src/main.cpp:795:6:void Error_Handler()	4	static,ignoring_inline_asm
../Core/Inc/ros/msg.h:188:15:static void ros::Msg::varToArr(A, V) [with A = unsigned char*; V = long unsigned int]	24	static
../Core/Inc/ros/msg.h:196:15:static void ros::Msg::arrToVar(V&, A) [with V = long unsigned int; A = unsigned char*]	24	static
../Core/Inc/ros/node_handle.h:136:8:void ros::NodeHandle_<Hardware, MAX_SUBSCRIBERS, MAX_PUBLISHERS, INPUT_SIZE, OUTPUT_SIZE>::initNode() [with Hardware = STM32Hardware; int MAX_SUBSCRIBERS = 25; int MAX_PUBLISHERS = 25; int INPUT_SIZE = 512; int OUTPUT_SIZE = 512]	16	static
../Core/Inc/ros/node_handle.h:397:8:bool ros::NodeHandle_<Hardware, MAX_SUBSCRIBERS, MAX_PUBLISHERS, INPUT_SIZE, OUTPUT_SIZE>::advertise(ros::Publisher&) [with Hardware = STM32Hardware; int MAX_SUBSCRIBERS = 25; int MAX_PUBLISHERS = 25; int INPUT_SIZE = 512; int OUTPUT_SIZE = 512]	24	static
../Core/Inc/ros/node_handle.h:345:16:bool ros::NodeHandle_<Hardware, MAX_SUBSCRIBERS, MAX_PUBLISHERS, INPUT_SIZE, OUTPUT_SIZE>::connected() [with Hardware = STM32Hardware; int MAX_SUBSCRIBERS = 25; int MAX_PUBLISHERS = 25; int INPUT_SIZE = 512; int OUTPUT_SIZE = 512]	16	static
../Core/Inc/ros/node_handle.h:189:15:int ros::NodeHandle_<Hardware, MAX_SUBSCRIBERS, MAX_PUBLISHERS, INPUT_SIZE, OUTPUT_SIZE>::spinOnce() [with Hardware = STM32Hardware; int MAX_SUBSCRIBERS = 25; int MAX_PUBLISHERS = 25; int INPUT_SIZE = 512; int OUTPUT_SIZE = 512]	32	static
../Core/Inc/ros/node_handle.h:354:8:void ros::NodeHandle_<Hardware, MAX_SUBSCRIBERS, MAX_PUBLISHERS, INPUT_SIZE, OUTPUT_SIZE>::requestSyncTime() [with Hardware = STM32Hardware; int MAX_SUBSCRIBERS = 25; int MAX_PUBLISHERS = 25; int INPUT_SIZE = 512; int OUTPUT_SIZE = 512]	32	static
../Core/Inc/ros/node_handle.h:445:8:void ros::NodeHandle_<Hardware, MAX_SUBSCRIBERS, MAX_PUBLISHERS, INPUT_SIZE, OUTPUT_SIZE>::negotiateTopics() [with Hardware = STM32Hardware; int MAX_SUBSCRIBERS = 25; int MAX_PUBLISHERS = 25; int INPUT_SIZE = 512; int OUTPUT_SIZE = 512]	56	static
../Core/Inc/ros/node_handle.h:361:8:void ros::NodeHandle_<Hardware, MAX_SUBSCRIBERS, MAX_PUBLISHERS, INPUT_SIZE, OUTPUT_SIZE>::syncTime(uint8_t*) [with Hardware = STM32Hardware; int MAX_SUBSCRIBERS = 25; int MAX_PUBLISHERS = 25; int INPUT_SIZE = 512; int OUTPUT_SIZE = 512]	32	static
../Core/Inc/ros/node_handle.h:476:15:int ros::NodeHandle_<Hardware, MAX_SUBSCRIBERS, MAX_PUBLISHERS, INPUT_SIZE, OUTPUT_SIZE>::publish(int, const ros::Msg*) [with Hardware = STM32Hardware; int MAX_SUBSCRIBERS = 25; int MAX_PUBLISHERS = 25; int INPUT_SIZE = 512; int OUTPUT_SIZE = 512]	40	static
../Core/Inc/ros/node_handle.h:384:8:void ros::NodeHandle_<Hardware, MAX_SUBSCRIBERS, MAX_PUBLISHERS, INPUT_SIZE, OUTPUT_SIZE>::setNow(const ros::Time&) [with Hardware = STM32Hardware; int MAX_SUBSCRIBERS = 25; int MAX_PUBLISHERS = 25; int INPUT_SIZE = 512; int OUTPUT_SIZE = 512]	24	static
../Core/Inc/ros/node_handle.h:538:8:void ros::NodeHandle_<Hardware, MAX_SUBSCRIBERS, MAX_PUBLISHERS, INPUT_SIZE, OUTPUT_SIZE>::logerror(const char*) [with Hardware = STM32Hardware; int MAX_SUBSCRIBERS = 25; int MAX_PUBLISHERS = 25; int INPUT_SIZE = 512; int OUTPUT_SIZE = 512]	16	static
../Core/Inc/ros/node_handle.h:517:8:void ros::NodeHandle_<Hardware, MAX_SUBSCRIBERS, MAX_PUBLISHERS, INPUT_SIZE, OUTPUT_SIZE>::log(char, const char*) [with Hardware = STM32Hardware; int MAX_SUBSCRIBERS = 25; int MAX_PUBLISHERS = 25; int INPUT_SIZE = 512; int OUTPUT_SIZE = 512]	40	static
../Core/Src/main.cpp:804:1:void __static_initialization_and_destruction_0(int, int)	16	static
../Core/Src/main.cpp:804:1:cpp)	8	static
