Archive member included to satisfy reference by file (symbol)

/home/valery/st/stm32cubeide_1.10.1/plugins/com.st.stm32cube.ide.mcu.externaltools.gnu-tools-for-stm32.10.3-2021.10.linux64_1.0.0.202111181127/tools/bin/../lib/gcc/arm-none-eabi/10.3.1/../../../../arm-none-eabi/lib/thumb/v7e-m+fp/hard/libstdc++_nano.a(pure.o)
                              ./Core/Src/main.o (__cxa_pure_virtual)
/home/valery/st/stm32cubeide_1.10.1/plugins/com.st.stm32cube.ide.mcu.externaltools.gnu-tools-for-stm32.10.3-2021.10.linux64_1.0.0.202111181127/tools/bin/../lib/gcc/arm-none-eabi/10.3.1/../../../../arm-none-eabi/lib/thumb/v7e-m+fp/hard/libstdc++_nano.a(eh_terminate.o)
                              /home/valery/st/stm32cubeide_1.10.1/plugins/com.st.stm32cube.ide.mcu.externaltools.gnu-tools-for-stm32.10.3-2021.10.linux64_1.0.0.202111181127/tools/bin/../lib/gcc/arm-none-eabi/10.3.1/../../../../arm-none-eabi/lib/thumb/v7e-m+fp/hard/libstdc++_nano.a(pure.o) (std::terminate())
/home/valery/st/stm32cubeide_1.10.1/plugins/com.st.stm32cube.ide.mcu.externaltools.gnu-tools-for-stm32.10.3-2021.10.linux64_1.0.0.202111181127/tools/bin/../lib/gcc/arm-none-eabi/10.3.1/../../../../arm-none-eabi/lib/thumb/v7e-m+fp/hard/libstdc++_nano.a(eh_unex_handler.o)
                              /home/valery/st/stm32cubeide_1.10.1/plugins/com.st.stm32cube.ide.mcu.externaltools.gnu-tools-for-stm32.10.3-2021.10.linux64_1.0.0.202111181127/tools/bin/../lib/gcc/arm-none-eabi/10.3.1/../../../../arm-none-eabi/lib/thumb/v7e-m+fp/hard/libstdc++_nano.a(eh_terminate.o) (__cxxabiv1::__unexpected_handler)
/home/valery/st/stm32cubeide_1.10.1/plugins/com.st.stm32cube.ide.mcu.externaltools.gnu-tools-for-stm32.10.3-2021.10.linux64_1.0.0.202111181127/tools/bin/../lib/gcc/arm-none-eabi/10.3.1/../../../../arm-none-eabi/lib/thumb/v7e-m+fp/hard/libstdc++_nano.a(eh_term_handler.o)
                              /home/valery/st/stm32cubeide_1.10.1/plugins/com.st.stm32cube.ide.mcu.externaltools.gnu-tools-for-stm32.10.3-2021.10.linux64_1.0.0.202111181127/tools/bin/../lib/gcc/arm-none-eabi/10.3.1/../../../../arm-none-eabi/lib/thumb/v7e-m+fp/hard/libstdc++_nano.a(eh_terminate.o) (__cxxabiv1::__terminate_handler)
/home/valery/st/stm32cubeide_1.10.1/plugins/com.st.stm32cube.ide.mcu.externaltools.gnu-tools-for-stm32.10.3-2021.10.linux64_1.0.0.202111181127/tools/bin/../lib/gcc/arm-none-eabi/10.3.1/../../../../arm-none-eabi/lib/thumb/v7e-m+fp/hard/libc_nano.a(lib_a-abort.o)
                              /home/valery/st/stm32cubeide_1.10.1/plugins/com.st.stm32cube.ide.mcu.externaltools.gnu-tools-for-stm32.10.3-2021.10.linux64_1.0.0.202111181127/tools/bin/../lib/gcc/arm-none-eabi/10.3.1/../../../../arm-none-eabi/lib/thumb/v7e-m+fp/hard/libstdc++_nano.a(eh_terminate.o) (abort)
/home/valery/st/stm32cubeide_1.10.1/plugins/com.st.stm32cube.ide.mcu.externaltools.gnu-tools-for-stm32.10.3-2021.10.linux64_1.0.0.202111181127/tools/bin/../lib/gcc/arm-none-eabi/10.3.1/../../../../arm-none-eabi/lib/thumb/v7e-m+fp/hard/libc_nano.a(lib_a-errno.o)
                              ./Core/Src/syscalls.o (__errno)
/home/valery/st/stm32cubeide_1.10.1/plugins/com.st.stm32cube.ide.mcu.externaltools.gnu-tools-for-stm32.10.3-2021.10.linux64_1.0.0.202111181127/tools/bin/../lib/gcc/arm-none-eabi/10.3.1/../../../../arm-none-eabi/lib/thumb/v7e-m+fp/hard/libc_nano.a(lib_a-exit.o)
                              /home/valery/st/stm32cubeide_1.10.1/plugins/com.st.stm32cube.ide.mcu.externaltools.gnu-tools-for-stm32.10.3-2021.10.linux64_1.0.0.202111181127/tools/bin/../lib/gcc/arm-none-eabi/10.3.1/../../../../arm-none-eabi/lib/thumb/v7e-m+fp/hard/crt0.o (exit)
/home/valery/st/stm32cubeide_1.10.1/plugins/com.st.stm32cube.ide.mcu.externaltools.gnu-tools-for-stm32.10.3-2021.10.linux64_1.0.0.202111181127/tools/bin/../lib/gcc/arm-none-eabi/10.3.1/../../../../arm-none-eabi/lib/thumb/v7e-m+fp/hard/libc_nano.a(lib_a-impure.o)
                              /home/valery/st/stm32cubeide_1.10.1/plugins/com.st.stm32cube.ide.mcu.externaltools.gnu-tools-for-stm32.10.3-2021.10.linux64_1.0.0.202111181127/tools/bin/../lib/gcc/arm-none-eabi/10.3.1/../../../../arm-none-eabi/lib/thumb/v7e-m+fp/hard/libc_nano.a(lib_a-exit.o) (_global_impure_ptr)
/home/valery/st/stm32cubeide_1.10.1/plugins/com.st.stm32cube.ide.mcu.externaltools.gnu-tools-for-stm32.10.3-2021.10.linux64_1.0.0.202111181127/tools/bin/../lib/gcc/arm-none-eabi/10.3.1/../../../../arm-none-eabi/lib/thumb/v7e-m+fp/hard/libc_nano.a(lib_a-init.o)
                              /home/valery/st/stm32cubeide_1.10.1/plugins/com.st.stm32cube.ide.mcu.externaltools.gnu-tools-for-stm32.10.3-2021.10.linux64_1.0.0.202111181127/tools/bin/../lib/gcc/arm-none-eabi/10.3.1/../../../../arm-none-eabi/lib/thumb/v7e-m+fp/hard/crt0.o (__libc_init_array)
[...]
Memory Configuration

Name             Origin             Length             Attributes
CCMRAM           0x0000000010000000 0x0000000000010000 xrw
RAM              0x0000000020000000 0x0000000000020000 xrw
FLASH            0x0000000008000000 0x0000000000100000 xr
*default*        0x0000000000000000 0xffffffffffffffff

Linker script and memory map

LOAD /home/valery/st/stm32cubeide_1.10.1/plugins/com.st.stm32cube.ide.mcu.externaltools.gnu-tools-for-stm32.10.3-2021.10.linux64_1.0.0.202111181127/tools/bin/../lib/gcc/arm-none-eabi/10.3.1/thumb/v7e-m+fp/hard/crti.o
LOAD /home/valery/st/stm32cubeide_1.10.1/plugins/com.st.stm32cube.ide.mcu.externaltools.gnu-tools-for-stm32.10.3-2021.10.linux64_1.0.0.202111181127/tools/bin/../lib/gcc/arm-none-eabi/10.3.1/thumb/v7e-m+fp/hard/crtbegin.o
LOAD /home/valery/st/stm32cubeide_1.10.1/plugins/com.st.stm32cube.ide.mcu.externaltools.gnu-tools-for-stm32.10.3-2021.10.linux64_1.0.0.202111181127/tools/bin/../lib/gcc/arm-none-eabi/10.3.1/../../../../arm-none-eabi/lib/thumb/v7e-m+fp/hard/crt0.o
LOAD ./Core/Inc/duration.o
LOAD ./Core/Inc/time.o
LOAD ./Core/Src/main.o
LOAD ./Core/Src/motors.o
LOAD ./Core/Src/stm32f4xx_hal_msp.o
LOAD ./Core/Src/stm32f4xx_it.o
LOAD ./Core/Src/syscalls.o
LOAD ./Core/Src/sysmem.o
LOAD ./Core/Src/system_stm32f4xx.o
LOAD ./Core/Startup/startup_stm32f407vgtx.o
LOAD ./Drivers/STM32F4xx_HAL_Driver/Src/stm32f4xx_hal.o
LOAD ./Drivers/STM32F4xx_HAL_Driver/Src/stm32f4xx_hal_cortex.o
LOAD ./Drivers/STM32F4xx_HAL_Driver/Src/stm32f4xx_hal_dma.o
LOAD ./Drivers/STM32F4xx_HAL_Driver/Src/stm32f4xx_hal_dma_ex.o
LOAD ./Drivers/STM32F4xx_HAL_Driver/Src/stm32f4xx_hal_exti.o
LOAD ./Drivers/STM32F4xx_HAL_Driver/Src/stm32f4xx_hal_flash.o
LOAD ./Drivers/STM32F4xx_HAL_Driver/Src/stm32f4xx_hal_flash_ex.o
LOAD ./Drivers/STM32F4xx_HAL_Driver/Src/stm32f4xx_hal_flash_ramfunc.o
LOAD ./Drivers/STM32F4xx_HAL_Driver/Src/stm32f4xx_hal_gpio.o
LOAD ./Drivers/STM32F4xx_HAL_Driver/Src/stm32f4xx_hal_i2c.o
LOAD ./Drivers/STM32F4xx_HAL_Driver/Src/stm32f4xx_hal_i2c_ex.o
LOAD ./Drivers/STM32F4xx_HAL_Driver/Src/stm32f4xx_hal_pwr.o
LOAD ./Drivers/STM32F4xx_HAL_Driver/Src/stm32f4xx_hal_pwr_ex.o
LOAD ./Drivers/STM32F4xx_HAL_Driver/Src/stm32f4xx_hal_rcc.o
LOAD ./Drivers/STM32F4xx_HAL_Driver/Src/stm32f4xx_hal_rcc_ex.o
LOAD ./Drivers/STM32F4xx_HAL_Driver/Src/stm32f4xx_hal_rtc.o
LOAD ./Drivers/STM32F4xx_HAL_Driver/Src/stm32f4xx_hal_rtc_ex.o
LOAD ./Drivers/STM32F4xx_HAL_Driver/Src/stm32f4xx_hal_tim.o
LOAD ./Drivers/STM32F4xx_HAL_Driver/Src/stm32f4xx_hal_tim_ex.o
LOAD ./Drivers/STM32F4xx_HAL_Driver/Src/stm32f4xx_hal_uart.o
START GROUP
LOAD /home/valery/st/stm32cubeide_1.10.1/plugins/com.st.stm32cube.ide.mcu.externaltools.gnu-tools-for-stm32.10.3-2021.10.linux64_1.0.0.202111181127/tools/bin/../lib/gcc/arm-none-eabi/10.3.1/../../../../arm-none-eabi/lib/thumb/v7e-m+fp/hard/libstdc++_nano.a
LOAD /home/valery/st/stm32cubeide_1.10.1/plugins/com.st.stm32cube.ide.mcu.externaltools.gnu-tools-for-stm32.10.3-2021.10.linux64_1.0.0.202111181127/tools/bin/../lib/gcc/arm-none-eabi/10.3.1/../../../../arm-none-eabi/lib/thumb/v7e-m+fp/hard/libsupc++_nano.a
END GROUP
LOAD /home/valery/st/stm32cubeide_1.10.1/plugins/com.st.stm32cube.ide.mcu.externaltools.gnu-tools-for-stm32.10.3-2021.10.linux64_1.0.0.202111181127/tools/bin/../lib/gcc/arm-none-eabi/10.3.1/../../../../arm-none-eabi/lib/thumb/v7e-m+fp/hard/libstdc++_nano.a
LOAD /home/valery/st/stm32cubeide_1.10.1/plugins/com.st.stm32cube.ide.mcu.externaltools.gnu-tools-for-stm32.10.3-2021.10.linux64_1.0.0.202111181127/tools/bin/../lib/gcc/arm-none-eabi/10.3.1/../../../../arm-none-eabi/lib/thumb/v7e-m+fp/hard/libm.a
LOAD /home/valery/st/stm32cubeide_1.10.1/plugins/com.st.stm32cube.ide.mcu.externaltools.gnu-tools-for-stm32.10.3-2021.10.linux64_1.0.0.202111181127/tools/bin/../lib/gcc/arm-none-eabi/10.3.1/../../../../arm-none-eabi/lib/thumb/v7e-m+fp/hard/libc_nano.a
START GROUP
LOAD /home/valery/st/stm32cubeide_1.10.1/plugins/com.st.stm32cube.ide.mcu.externaltools.gnu-tools-for-stm32.10.3-2021.10.linux64_1.0.0.202111181127/tools/bin/../lib/gcc/arm-none-eabi/10.3.1/thumb/v7e-m+fp/hard/libgcc.a
LOAD /home/valery/st/stm32cubeide_1.10.1/plugins/com.st.stm32cube.ide.mcu.externaltools.gnu-tools-for-stm32.10.3-2021.10.linux64_1.0.0.202111181127/tools/bin/../lib/gcc/arm-none-eabi/10.3.1/../../../../arm-none-eabi/lib/thumb/v7e-m+fp/hard/libc_nano.a
END GROUP
START GROUP
LOAD /home/valery/st/stm32cubeide_1.10.1/plugins/com.st.stm32cube.ide.mcu.externaltools.gnu-tools-for-stm32.10.3-2021.10.linux64_1.0.0.202111181127/tools/bin/../lib/gcc/arm-none-eabi/10.3.1/thumb/v7e-m+fp/hard/libgcc.a
LOAD /home/valery/st/stm32cubeide_1.10.1/plugins/com.st.stm32cube.ide.mcu.externaltools.gnu-tools-for-stm32.10.3-2021.10.linux64_1.0.0.202111181127/tools/bin/../lib/gcc/arm-none-eabi/10.3.1/../../../../arm-none-eabi/lib/thumb/v7e-m+fp/hard/libc_nano.a
LOAD /home/valery/st/stm32cubeide_1.10.1/plugins/com.st.stm32cube.ide.mcu.externaltools.gnu-tools-for-stm32.10.3-2021.10.linux64_1.0.0.202111181127/tools/bin/../lib/gcc/arm-none-eabi/10.3.1/../../../../arm-none-eabi/lib/thumb/v7e-m+fp/hard/libnosys.a
END GROUP
START GROUP
LOAD /home/valery/st/stm32cubeide_1.10.1/plugins/com.st.stm32cube.ide.mcu.externaltools.gnu-tools-for-stm32.10.3-2021.10.linux64_1.0.0.202111181127/tools/bin/../lib/gcc/arm-none-eabi/10.3.1/thumb/v7e-m+fp/hard/libgcc.a
LOAD /home/valery/st/stm32cubeide_1.10.1/plugins/com.st.stm32cube.ide.mcu.externaltools.gnu-tools-for-stm32.10.3-2021.10.linux64_1.0.0.202111181127/tools/bin/../lib/gcc/arm-none-eabi/10.3.1/../../../../arm-none-eabi/lib/thumb/v7e-m+fp/hard/libc_nano.a
LOAD /home/valery/st/stm32cubeide_1.10.1/plugins/com.st.stm32cube.ide.mcu.externaltools.gnu-tools-for-stm32.10.3-2021.10.linux64_1.0.0.202111181127/tools/bin/../lib/gcc/arm-none-eabi/10.3.1/../../../../arm-none-eabi/lib/thumb/v7e-m+fp/hard/libnosys.a
END GROUP
LOAD /home/valery/st/stm32cubeide_1.10.1/plugins/com.st.stm32cube.ide.mcu.externaltools.gnu-tools-for-stm32.10.3-2021.10.linux64_1.0.0.202111181127/tools/bin/../lib/gcc/arm-none-eabi/10.3.1/thumb/v7e-m+fp/hard/crtend.o
LOAD /home/valery/st/stm32cubeide_1.10.1/plugins/com.st.stm32cube.ide.mcu.externaltools.gnu-tools-for-stm32.10.3-2021.10.linux64_1.0.0.202111181127/tools/bin/../lib/gcc/arm-none-eabi/10.3.1/thumb/v7e-m+fp/hard/crtn.o
                0x0000000020020000                _estack = (ORIGIN (RAM) + LENGTH (RAM))
                0x0000000000000200                _Min_Heap_Size = 0x200
                0x0000000000000400                _Min_Stack_Size = 0x400

.isr_vector     0x0000000008000000      0x188
                0x0000000008000000                . = ALIGN (0x4)
 *(.isr_vector)
 .isr_vector    0x0000000008000000      0x188 ./Core/Startup/startup_stm32f407vgtx.o
                0x0000000008000000                g_pfnVectors
                0x0000000008000188                . = ALIGN (0x4)

.text           0x0000000008000188     0x871c
                0x0000000008000188                . = ALIGN (0x4)
 *(.text)
 .text          0x0000000008000188       0x40 /home/valery/st/stm32cubeide_1.10.1/plugins/com.st.stm32cube.ide.mcu.externaltools.gnu-tools-for-stm32.10.3-2021.10.linux64_1.0.0.202111181127/tools/bin/../lib/gcc/arm-none-eabi/10.3.1/thumb/v7e-m+fp/hard/crtbegin.o
 .text          0x00000000080001c8       0x10 /home/valery/st/stm32cubeide_1.10.1/plugins/com.st.stm32cube.ide.mcu.externaltools.gnu-tools-for-stm32.10.3-2021.10.linux64_1.0.0.202111181127/tools/bin/../lib/gcc/arm-none-eabi/10.3.1/../../../../arm-none-eabi/lib/thumb/v7e-m+fp/hard/libc_nano.a(lib_a-strlen.o)
                0x00000000080001c8                strlen
 .text          0x00000000080001d8       0x30 /home/valery/st/stm32cubeide_1.10.1/plugins/com.st.stm32cube.ide.mcu.externaltools.gnu-tools-for-stm32.10.3-2021.10.linux64_1.0.0.202111181127/tools/bin/../lib/gcc/arm-none-eabi/10.3.1/thumb/v7e-m+fp/hard/libgcc.a(_aeabi_uldivmod.o)
                0x00000000080001d8                __aeabi_uldivmod
 .text          0x0000000008000208      0x2d0 /home/valery/st/stm32cubeide_1.10.1/plugins/com.st.stm32cube.ide.mcu.externaltools.gnu-tools-for-stm32.10.3-2021.10.linux64_1.0.0.202111181127/tools/bin/../lib/gcc/arm-none-eabi/10.3.1/thumb/v7e-m+fp/hard/libgcc.a(_udivmoddi4.o)
                0x0000000008000208                __udivmoddi4
 .text          0x00000000080004d8        0x4 /home/valery/st/stm32cubeide_1.10.1/plugins/com.st.stm32cube.ide.mcu.externaltools.gnu-tools-for-stm32.10.3-2021.10.linux64_1.0.0.202111181127/tools/bin/../lib/gcc/arm-none-eabi/10.3.1/thumb/v7e-m+fp/hard/libgcc.a(_dvmd_tls.o)
                0x00000000080004d8                __aeabi_ldiv0
                0x00000000080004d8                __aeabi_idiv0
 *(.text*)
 .text._ZN3ros16normalizeSecNSecERmS0_
                0x00000000080004dc       0x58 ./Core/Inc/time.o
                0x00000000080004dc                ros::normalizeSecNSec(unsigned long&, unsigned long&)
 .text._ZN3ros4TimeC2Ev
                0x0000000008000534       0x22 ./Core/Src/main.o
                0x0000000008000534                ros::Time::Time()
                0x0000000008000534                ros::Time::Time()
 *fill*         0x0000000008000556        0x2 
 .text._ZN3ros3MsgC2Ev
                0x0000000008000558       0x20 ./Core/Src/main.o
                0x0000000008000558                ros::Msg::Msg()
                0x0000000008000558                ros::Msg::Msg()
 .text._ZN8std_msgs4TimeC2Ev
                0x0000000008000578       0x30 ./Core/Src/main.o
                0x0000000008000578                std_msgs::Time::Time()
                0x0000000008000578                std_msgs::Time::Time()
 .text._ZNK8std_msgs4Time9serializeEPh
                0x00000000080005a8       0xb0 ./Core/Src/main.o
                0x00000000080005a8                std_msgs::Time::serialize(unsigned char*) const
 .text._ZN8std_msgs4Time11deserializeEPh
                0x0000000008000658       0xc8 ./Core/Src/main.o
                0x0000000008000658                std_msgs::Time::deserialize(unsigned char*)
 .text._ZN8std_msgs4Time7getTypeEv
                0x0000000008000720       0x1c ./Core/Src/main.o
                0x0000000008000720                std_msgs::Time::getType()
 .text._ZN8std_msgs4Time6getMD5Ev
                0x000000000800073c       0x1c ./Core/Src/main.o
                0x000000000800073c                std_msgs::Time::getMD5()
 .text._ZN14rosserial_msgs9TopicInfoC2Ev
                0x0000000008000758       0x48 ./Core/Src/main.o
                0x0000000008000758                rosserial_msgs::TopicInfo::TopicInfo()
                0x0000000008000758                rosserial_msgs::TopicInfo::TopicInfo()
 .text._ZNK14rosserial_msgs9TopicInfo9serializeEPh
                0x00000000080007a0      0x136 ./Core/Src/main.o
                0x00000000080007a0                rosserial_msgs::TopicInfo::serialize(unsigned char*) const
 .text._ZN14rosserial_msgs9TopicInfo11deserializeEPh
                0x00000000080008d6      0x1d0 ./Core/Src/main.o
                0x00000000080008d6                rosserial_msgs::TopicInfo::deserialize(unsigned char*)
 *fill*         0x0000000008000aa6        0x2 
 .text._ZN14rosserial_msgs9TopicInfo7getTypeEv
                0x0000000008000aa8       0x1c ./Core/Src/main.o
                0x0000000008000aa8                rosserial_msgs::TopicInfo::getType()
 .text._ZN14rosserial_msgs9TopicInfo6getMD5Ev
                0x0000000008000ac4       0x1c ./Core/Src/main.o
                0x0000000008000ac4                rosserial_msgs::TopicInfo::getMD5()
 .text._ZN14rosserial_msgs3LogC2Ev
                0x0000000008000ae0       0x34 ./Core/Src/main.o
                0x0000000008000ae0                rosserial_msgs::Log::Log()
                0x0000000008000ae0                rosserial_msgs::Log::Log()
 .text._ZNK14rosserial_msgs3Log9serializeEPh
                0x0000000008000b14       0x64 ./Core/Src/main.o
                0x0000000008000b14                rosserial_msgs::Log::serialize(unsigned char*) const
 .text._ZN14rosserial_msgs3Log11deserializeEPh
                0x0000000008000b78       0x90 ./Core/Src/main.o
                0x0000000008000b78                rosserial_msgs::Log::deserialize(unsigned char*)
 .text._ZN14rosserial_msgs3Log7getTypeEv
                0x0000000008000c08       0x1c ./Core/Src/main.o
                0x0000000008000c08                rosserial_msgs::Log::getType()
 .text._ZN14rosserial_msgs3Log6getMD5Ev
                0x0000000008000c24       0x1c ./Core/Src/main.o
                0x0000000008000c24                rosserial_msgs::Log::getMD5()
 .text._ZN14rosserial_msgs20RequestParamResponseC2Ev
                0x0000000008000c40       0x5c ./Core/Src/main.o
                0x0000000008000c40                rosserial_msgs::RequestParamResponse::RequestParamResponse()
                0x0000000008000c40                rosserial_msgs::RequestParamResponse::RequestParamResponse()
 .text._ZNK14rosserial_msgs20RequestParamResponse9serializeEPh
                0x0000000008000c9c      0x222 ./Core/Src/main.o
                0x0000000008000c9c                rosserial_msgs::RequestParamResponse::serialize(unsigned char*) const
 .text._ZN14rosserial_msgs20RequestParamResponse11deserializeEPh
                0x0000000008000ebe      0x2e2 ./Core/Src/main.o
                0x0000000008000ebe                rosserial_msgs::RequestParamResponse::deserialize(unsigned char*)
 .text._ZN14rosserial_msgs20RequestParamResponse7getTypeEv
                0x00000000080011a0       0x1c ./Core/Src/main.o
                0x00000000080011a0                rosserial_msgs::RequestParamResponse::getType()
 .text._ZN14rosserial_msgs20RequestParamResponse6getMD5Ev
                0x00000000080011bc       0x1c ./Core/Src/main.o
                0x00000000080011bc                rosserial_msgs::RequestParamResponse::getMD5()
 .text._ZN3ros9PublisherC2EPKcPNS_3MsgEi
                0x00000000080011d8       0x2e ./Core/Src/main.o
                0x00000000080011d8                ros::Publisher::Publisher(char const*, ros::Msg*, int)
                0x00000000080011d8                ros::Publisher::Publisher(char const*, ros::Msg*, int)
 .text._ZN3ros9Publisher7publishEPKNS_3MsgE
                0x0000000008001206       0x28 ./Core/Src/main.o
                0x0000000008001206                ros::Publisher::publish(ros::Msg const*)
 .text._ZN3ros9Publisher15getEndpointTypeEv
                0x000000000800122e       0x18 ./Core/Src/main.o
                0x000000000800122e                ros::Publisher::getEndpointType()
 .text._ZN13STM32Hardware10getRdmaIndEv
                0x0000000008001246       0x26 ./Core/Src/main.o
                0x0000000008001246                STM32Hardware::getRdmaInd()
 .text._ZN13STM32HardwareC2Ev
                0x000000000800126c       0x38 ./Core/Src/main.o
                0x000000000800126c                STM32Hardware::STM32Hardware()
                0x000000000800126c                STM32Hardware::STM32Hardware()
 .text._ZN13STM32Hardware4initEv
                0x00000000080012a4       0x16 ./Core/Src/main.o
                0x00000000080012a4                STM32Hardware::init()
 .text._ZN13STM32Hardware10reset_rbufEv
                0x00000000080012ba       0x22 ./Core/Src/main.o
                0x00000000080012ba                STM32Hardware::reset_rbuf()
 .text._ZN13STM32Hardware4readEv
                0x00000000080012dc       0x5a ./Core/Src/main.o
                0x00000000080012dc                STM32Hardware::read()
 *fill*         0x0000000008001336        0x2 
 .text._ZN13STM32Hardware5flushEv
                0x0000000008001338       0xbc ./Core/Src/main.o
                0x0000000008001338                STM32Hardware::flush()
 .text._ZN13STM32Hardware5writeEPhi
                0x00000000080013f4       0x8c ./Core/Src/main.o
                0x00000000080013f4                STM32Hardware::write(unsigned char*, int)
 .text._ZN13STM32Hardware4timeEv
                0x0000000008001480       0x16 ./Core/Src/main.o
                0x0000000008001480                STM32Hardware::time()
 *fill*         0x0000000008001496        0x2 
 .text._ZN8std_msgs6StringC2Ev
                0x0000000008001498       0x30 ./Core/Src/main.o
                0x0000000008001498                std_msgs::String::String()
                0x0000000008001498                std_msgs::String::String()
 .text._ZNK8std_msgs6String9serializeEPh
                0x00000000080014c8       0x52 ./Core/Src/main.o
                0x00000000080014c8                std_msgs::String::serialize(unsigned char*) const
 .text._ZN8std_msgs6String11deserializeEPh
                0x000000000800151a       0x7e ./Core/Src/main.o
                0x000000000800151a                std_msgs::String::deserialize(unsigned char*)
 .text._ZN8std_msgs6String7getTypeEv
                0x0000000008001598       0x1c ./Core/Src/main.o
                0x0000000008001598                std_msgs::String::getType()
 .text._ZN8std_msgs6String6getMD5Ev
                0x00000000080015b4       0x1c ./Core/Src/main.o
                0x00000000080015b4                std_msgs::String::getMD5()
 .text._ZN12EncoderMotorC2EP12GPIO_TypeDefS1_ttP17TIM_HandleTypeDeftS3_ttS3_t
                0x00000000080015d0       0xb4 ./Core/Src/main.o
                0x00000000080015d0                EncoderMotor::EncoderMotor(GPIO_TypeDef*, GPIO_TypeDef*, unsigned short, unsigned short, TIM_HandleTypeDef*, unsigned short, TIM_HandleTypeDef*, unsigned short, unsigned short, TIM_HandleTypeDef*, unsigned short)
                0x00000000080015d0                EncoderMotor::EncoderMotor(GPIO_TypeDef*, GPIO_TypeDef*, unsigned short, unsigned short, TIM_HandleTypeDef*, unsigned short, TIM_HandleTypeDef*, unsigned short, unsigned short, TIM_HandleTypeDef*, unsigned short)
 .text._ZN3ros15NodeHandleBase_C2Ev
                0x0000000008001684       0x20 ./Core/Src/main.o
                0x0000000008001684                ros::NodeHandleBase_::NodeHandleBase_()
                0x0000000008001684                ros::NodeHandleBase_::NodeHandleBase_()
 .text._ZN3ros11NodeHandle_I13STM32HardwareLi25ELi25ELi512ELi512EEC2Ev
                0x00000000080016a4       0xf0 ./Core/Src/main.o
                0x00000000080016a4                ros::NodeHandle_<STM32Hardware, 25, 25, 512, 512>::NodeHandle_()
                0x00000000080016a4                ros::NodeHandle_<STM32Hardware, 25, 25, 512, 512>::NodeHandle_()
 .text.main     0x0000000008001794       0xe8 ./Core/Src/main.o
                0x0000000008001794                main
 .text._Z18SystemClock_Configv
                0x000000000800187c       0xe8 ./Core/Src/main.o
                0x000000000800187c                SystemClock_Config()
 .text._ZL12MX_I2C1_Initv
                0x0000000008001964       0x68 ./Core/Src/main.o
 .text._ZL12MX_I2C2_Initv
                0x00000000080019cc       0x68 ./Core/Src/main.o
 .text._ZL11MX_RTC_Initv
                0x0000000008001a34       0x54 ./Core/Src/main.o
 .text._ZL12MX_TIM2_Initv
                0x0000000008001a88       0xe0 ./Core/Src/main.o
 .text._ZL12MX_TIM3_Initv
                0x0000000008001b68      0x17c ./Core/Src/main.o
 .text._ZL12MX_TIM4_Initv
                0x0000000008001ce4      0x17c ./Core/Src/main.o
 .text._ZL12MX_TIM5_Initv
                0x0000000008001e60       0xe0 ./Core/Src/main.o
 .text._ZL12MX_TIM9_Initv
                0x0000000008001f40       0xec ./Core/Src/main.o
 .text._ZL13MX_TIM12_Initv
                0x000000000800202c       0xec ./Core/Src/main.o
 .text._ZL13MX_UART4_Initv
                0x0000000008002118       0x5c ./Core/Src/main.o
 .text._ZL11MX_DMA_Initv
                0x0000000008002174       0x90 ./Core/Src/main.o
 .text._ZL12MX_GPIO_Initv
                0x0000000008002204       0xf8 ./Core/Src/main.o
 .text.Error_Handler
                0x00000000080022fc        0xa ./Core/Src/main.o
                0x00000000080022fc                Error_Handler
 .text._ZN3ros3Msg8varToArrIPhmEEvT_T0_
                0x0000000008002306       0x3c ./Core/Src/main.o
                0x0000000008002306                void ros::Msg::varToArr<unsigned char*, unsigned long>(unsigned char*, unsigned long)
 .text._ZN3ros3Msg8arrToVarImPhEEvRT_T0_
                0x0000000008002342       0x4a ./Core/Src/main.o
                0x0000000008002342                void ros::Msg::arrToVar<unsigned long, unsigned char*>(unsigned long&, unsigned char*)
 .text._ZN3ros11NodeHandle_I13STM32HardwareLi25ELi25ELi512ELi512EE8initNodeEv
                0x000000000800238c       0x3a ./Core/Src/main.o
                0x000000000800238c                ros::NodeHandle_<STM32Hardware, 25, 25, 512, 512>::initNode()
 .text._ZN3ros11NodeHandle_I13STM32HardwareLi25ELi25ELi512ELi512EE9advertiseERNS_9PublisherE
                0x00000000080023c6       0x60 ./Core/Src/main.o
                0x00000000080023c6                ros::NodeHandle_<STM32Hardware, 25, 25, 512, 512>::advertise(ros::Publisher&)
 .text._ZN3ros11NodeHandle_I13STM32HardwareLi25ELi25ELi512ELi512EE9connectedEv
                0x0000000008002426       0x1a ./Core/Src/main.o
                0x0000000008002426                ros::NodeHandle_<STM32Hardware, 25, 25, 512, 512>::connected()
 .text._ZN3ros11NodeHandle_I13STM32HardwareLi25ELi25ELi512ELi512EE8spinOnceEv
                0x0000000008002440      0x3dc ./Core/Src/main.o
                0x0000000008002440                ros::NodeHandle_<STM32Hardware, 25, 25, 512, 512>::spinOnce()
 .text._ZN3ros11NodeHandle_I13STM32HardwareLi25ELi25ELi512ELi512EE15requestSyncTimeEv
                0x000000000800281c       0x3c ./Core/Src/main.o
                0x000000000800281c                ros::NodeHandle_<STM32Hardware, 25, 25, 512, 512>::requestSyncTime()
 .text._ZN3ros11NodeHandle_I13STM32HardwareLi25ELi25ELi512ELi512EE15negotiateTopicsEv
                0x0000000008002858      0x1be ./Core/Src/main.o
                0x0000000008002858                ros::NodeHandle_<STM32Hardware, 25, 25, 512, 512>::negotiateTopics()
 *fill*         0x0000000008002a16        0x2 
 .text._ZN3ros11NodeHandle_I13STM32HardwareLi25ELi25ELi512ELi512EE8syncTimeEPh
                0x0000000008002a18       0x98 ./Core/Src/main.o
                0x0000000008002a18                ros::NodeHandle_<STM32Hardware, 25, 25, 512, 512>::syncTime(unsigned char*)
 .text._ZN3ros11NodeHandle_I13STM32HardwareLi25ELi25ELi512ELi512EE7publishEiPKNS_3MsgE
                0x0000000008002ab0      0x128 ./Core/Src/main.o
                0x0000000008002ab0                ros::NodeHandle_<STM32Hardware, 25, 25, 512, 512>::publish(int, ros::Msg const*)
 .text._ZN3ros11NodeHandle_I13STM32HardwareLi25ELi25ELi512ELi512EE6setNowERKNS_4TimeE
                0x0000000008002bd8       0x80 ./Core/Src/main.o
                0x0000000008002bd8                ros::NodeHandle_<STM32Hardware, 25, 25, 512, 512>::setNow(ros::Time const&)
 .text._ZN3ros11NodeHandle_I13STM32HardwareLi25ELi25ELi512ELi512EE8logerrorEPKc
                0x0000000008002c58       0x1c ./Core/Src/main.o
                0x0000000008002c58                ros::NodeHandle_<STM32Hardware, 25, 25, 512, 512>::logerror(char const*)
 .text._ZN3ros11NodeHandle_I13STM32HardwareLi25ELi25ELi512ELi512EE3logEcPKc
                0x0000000008002c74       0x38 ./Core/Src/main.o
                0x0000000008002c74                ros::NodeHandle_<STM32Hardware, 25, 25, 512, 512>::log(char, char const*)
 .text._Z41__static_initialization_and_destruction_0ii
                0x0000000008002cac       0x4c ./Core/Src/main.o
 .text._GLOBAL__sub_I_hi2c1
                0x0000000008002cf8       0x10 ./Core/Src/main.o
 .text._Z13speed_convertf
                0x0000000008002d08       0x94 ./Core/Src/motors.o
                0x0000000008002d08                speed_convert(float)
 .text._ZN12EncoderMotor13update_paramsEfb
                0x0000000008002d9c       0xe6 ./Core/Src/motors.o
                0x0000000008002d9c                EncoderMotor::update_params(float, bool)
 .text._ZN12EncoderMotor10set_paramsEv
                0x0000000008002e82       0xb2 ./Core/Src/motors.o
                0x0000000008002e82                EncoderMotor::set_params()
 .text.HAL_MspInit
                0x0000000008002f34       0x50 ./Core/Src/stm32f4xx_hal_msp.o
                0x0000000008002f34                HAL_MspInit
 .text.HAL_I2C_MspInit
                0x0000000008002f84       0xf8 ./Core/Src/stm32f4xx_hal_msp.o
                0x0000000008002f84                HAL_I2C_MspInit
 .text.HAL_RTC_MspInit
                0x000000000800307c       0x54 ./Core/Src/stm32f4xx_hal_msp.o
                0x000000000800307c                HAL_RTC_MspInit
 .text.HAL_TIM_Base_MspInit
                0x00000000080030d0      0x498 ./Core/Src/stm32f4xx_hal_msp.o
                0x00000000080030d0                HAL_TIM_Base_MspInit
 .text.HAL_TIM_MspPostInit
                0x0000000008003568       0xc4 ./Core/Src/stm32f4xx_hal_msp.o
                0x0000000008003568                HAL_TIM_MspPostInit
 .text.HAL_UART_MspInit
                0x000000000800362c      0x1b0 ./Core/Src/stm32f4xx_hal_msp.o
                0x000000000800362c                HAL_UART_MspInit
 .text.NMI_Handler
                0x00000000080037dc        0x6 ./Core/Src/stm32f4xx_it.o
                0x00000000080037dc                NMI_Handler
 .text.HardFault_Handler
                0x00000000080037e2        0x6 ./Core/Src/stm32f4xx_it.o
                0x00000000080037e2                HardFault_Handler
 .text.MemManage_Handler
                0x00000000080037e8        0x6 ./Core/Src/stm32f4xx_it.o
                0x00000000080037e8                MemManage_Handler
 .text.BusFault_Handler
                0x00000000080037ee        0x6 ./Core/Src/stm32f4xx_it.o
                0x00000000080037ee                BusFault_Handler
 .text.UsageFault_Handler
                0x00000000080037f4        0x6 ./Core/Src/stm32f4xx_it.o
                0x00000000080037f4                UsageFault_Handler
 .text.SVC_Handler
                0x00000000080037fa        0xe ./Core/Src/stm32f4xx_it.o
                0x00000000080037fa                SVC_Handler
 .text.DebugMon_Handler
                0x0000000008003808        0xe ./Core/Src/stm32f4xx_it.o
                0x0000000008003808                DebugMon_Handler
 .text.PendSV_Handler
                0x0000000008003816        0xe ./Core/Src/stm32f4xx_it.o
                0x0000000008003816                PendSV_Handler
 .text.SysTick_Handler
                0x0000000008003824        0xc ./Core/Src/stm32f4xx_it.o
                0x0000000008003824                SysTick_Handler
 .text.DMA1_Stream0_IRQHandler
                0x0000000008003830       0x14 ./Core/Src/stm32f4xx_it.o
                0x0000000008003830                DMA1_Stream0_IRQHandler
 .text.DMA1_Stream2_IRQHandler
                0x0000000008003844       0x14 ./Core/Src/stm32f4xx_it.o
                0x0000000008003844                DMA1_Stream2_IRQHandler
 .text.DMA1_Stream3_IRQHandler
                0x0000000008003858       0x14 ./Core/Src/stm32f4xx_it.o
                0x0000000008003858                DMA1_Stream3_IRQHandler
 .text.DMA1_Stream4_IRQHandler
                0x000000000800386c       0x14 ./Core/Src/stm32f4xx_it.o
                0x000000000800386c                DMA1_Stream4_IRQHandler
 .text.DMA1_Stream5_IRQHandler
                0x0000000008003880       0x14 ./Core/Src/stm32f4xx_it.o
                0x0000000008003880                DMA1_Stream5_IRQHandler
 .text.DMA1_Stream7_IRQHandler
                0x0000000008003894       0x14 ./Core/Src/stm32f4xx_it.o
                0x0000000008003894                DMA1_Stream7_IRQHandler
 .text.UART4_IRQHandler
                0x00000000080038a8       0x14 ./Core/Src/stm32f4xx_it.o
                0x00000000080038a8                UART4_IRQHandler
 .text._getpid  0x00000000080038bc       0x10 ./Core/Src/syscalls.o
                0x00000000080038bc                _getpid
 .text._kill    0x00000000080038cc       0x20 ./Core/Src/syscalls.o
                0x00000000080038cc                _kill
 .text._exit    0x00000000080038ec       0x14 ./Core/Src/syscalls.o
                0x00000000080038ec                _exit
 .text._sbrk    0x0000000008003900       0x6c ./Core/Src/sysmem.o
                0x0000000008003900                _sbrk
 .text.SystemInit
                0x000000000800396c       0x24 ./Core/Src/system_stm32f4xx.o
                0x000000000800396c                SystemInit
 .text.Reset_Handler
                0x0000000008003990       0x50 ./Core/Startup/startup_stm32f407vgtx.o
                0x0000000008003990                Reset_Handler
 .text.Default_Handler
                0x00000000080039e0        0x2 ./Core/Startup/startup_stm32f407vgtx.o
                0x00000000080039e0                RTC_Alarm_IRQHandler
                0x00000000080039e0                HASH_RNG_IRQHandler
                0x00000000080039e0                EXTI2_IRQHandler
                0x00000000080039e0                TIM8_CC_IRQHandler
                0x00000000080039e0                TIM1_CC_IRQHandler
                0x00000000080039e0                DMA2_Stream5_IRQHandler
                0x00000000080039e0                PVD_IRQHandler
                0x00000000080039e0                SDIO_IRQHandler
                0x00000000080039e0                TAMP_STAMP_IRQHandler
                0x00000000080039e0                CAN2_RX1_IRQHandler
                0x00000000080039e0                EXTI3_IRQHandler
                0x00000000080039e0                TIM8_TRG_COM_TIM14_IRQHandler
                0x00000000080039e0                TIM1_UP_TIM10_IRQHandler
                0x00000000080039e0                TIM8_UP_TIM13_IRQHandler
                0x00000000080039e0                I2C3_ER_IRQHandler
                0x00000000080039e0                EXTI0_IRQHandler
                0x00000000080039e0                I2C2_EV_IRQHandler
                0x00000000080039e0                CAN1_RX0_IRQHandler
                0x00000000080039e0                FPU_IRQHandler
                0x00000000080039e0                OTG_HS_WKUP_IRQHandler
                0x00000000080039e0                CAN2_SCE_IRQHandler
                0x00000000080039e0                DMA2_Stream2_IRQHandler
                0x00000000080039e0                SPI1_IRQHandler
                0x00000000080039e0                TIM6_DAC_IRQHandler
                0x00000000080039e0                TIM1_BRK_TIM9_IRQHandler
                0x00000000080039e0                DCMI_IRQHandler
                0x00000000080039e0                CAN2_RX0_IRQHandler
                0x00000000080039e0                DMA2_Stream3_IRQHandler
                0x00000000080039e0                USART6_IRQHandler
                0x00000000080039e0                USART3_IRQHandler
                0x00000000080039e0                CAN1_RX1_IRQHandler
                0x00000000080039e0                UART5_IRQHandler
                0x00000000080039e0                DMA2_Stream0_IRQHandler
                0x00000000080039e0                TIM4_IRQHandler
                0x00000000080039e0                I2C1_EV_IRQHandler
                0x00000000080039e0                DMA1_Stream6_IRQHandler
                0x00000000080039e0                DMA1_Stream1_IRQHandler
                0x00000000080039e0                TIM3_IRQHandler
                0x00000000080039e0                RCC_IRQHandler
                0x00000000080039e0                TIM8_BRK_TIM12_IRQHandler
                0x00000000080039e0                Default_Handler
                0x00000000080039e0                EXTI15_10_IRQHandler
                0x00000000080039e0                ADC_IRQHandler
                0x00000000080039e0                TIM7_IRQHandler
                0x00000000080039e0                CAN2_TX_IRQHandler
                0x00000000080039e0                TIM5_IRQHandler
                0x00000000080039e0                DMA2_Stream7_IRQHandler
                0x00000000080039e0                I2C3_EV_IRQHandler
                0x00000000080039e0                EXTI9_5_IRQHandler
                0x00000000080039e0                RTC_WKUP_IRQHandler
                0x00000000080039e0                ETH_WKUP_IRQHandler
                0x00000000080039e0                SPI2_IRQHandler
                0x00000000080039e0                OTG_HS_EP1_IN_IRQHandler
                0x00000000080039e0                CAN1_TX_IRQHandler
                0x00000000080039e0                EXTI4_IRQHandler
                0x00000000080039e0                FSMC_IRQHandler
                0x00000000080039e0                ETH_IRQHandler
                0x00000000080039e0                OTG_HS_EP1_OUT_IRQHandler
                0x00000000080039e0                WWDG_IRQHandler
                0x00000000080039e0                TIM2_IRQHandler
                0x00000000080039e0                OTG_FS_WKUP_IRQHandler
                0x00000000080039e0                TIM1_TRG_COM_TIM11_IRQHandler
                0x00000000080039e0                OTG_HS_IRQHandler
                0x00000000080039e0                EXTI1_IRQHandler
                0x00000000080039e0                USART2_IRQHandler
                0x00000000080039e0                I2C2_ER_IRQHandler
                0x00000000080039e0                DMA2_Stream1_IRQHandler
                0x00000000080039e0                CAN1_SCE_IRQHandler
                0x00000000080039e0                FLASH_IRQHandler
                0x00000000080039e0                DMA2_Stream4_IRQHandler
                0x00000000080039e0                USART1_IRQHandler
                0x00000000080039e0                OTG_FS_IRQHandler
                0x00000000080039e0                SPI3_IRQHandler
                0x00000000080039e0                I2C1_ER_IRQHandler
                0x00000000080039e0                DMA2_Stream6_IRQHandler
 *fill*         0x00000000080039e2        0x2 
 .text.HAL_Init
                0x00000000080039e4       0x44 ./Drivers/STM32F4xx_HAL_Driver/Src/stm32f4xx_hal.o
                0x00000000080039e4                HAL_Init
 .text.HAL_InitTick
                0x0000000008003a28       0x60 ./Drivers/STM32F4xx_HAL_Driver/Src/stm32f4xx_hal.o
                0x0000000008003a28                HAL_InitTick
 .text.HAL_IncTick
                0x0000000008003a88       0x28 ./Drivers/STM32F4xx_HAL_Driver/Src/stm32f4xx_hal.o
                0x0000000008003a88                HAL_IncTick
 .text.HAL_GetTick
                0x0000000008003ab0       0x18 ./Drivers/STM32F4xx_HAL_Driver/Src/stm32f4xx_hal.o
                0x0000000008003ab0                HAL_GetTick
 .text.__NVIC_SetPriorityGrouping
                0x0000000008003ac8       0x48 ./Drivers/STM32F4xx_HAL_Driver/Src/stm32f4xx_hal_cortex.o
 .text.__NVIC_GetPriorityGrouping
                0x0000000008003b10       0x1c ./Drivers/STM32F4xx_HAL_Driver/Src/stm32f4xx_hal_cortex.o
 .text.__NVIC_EnableIRQ
                0x0000000008003b2c       0x3c ./Drivers/STM32F4xx_HAL_Driver/Src/stm32f4xx_hal_cortex.o
 .text.__NVIC_SetPriority
                0x0000000008003b68       0x54 ./Drivers/STM32F4xx_HAL_Driver/Src/stm32f4xx_hal_cortex.o
 .text.NVIC_EncodePriority
                0x0000000008003bbc       0x66 ./Drivers/STM32F4xx_HAL_Driver/Src/stm32f4xx_hal_cortex.o
 *fill*         0x0000000008003c22        0x2 
 .text.SysTick_Config
                0x0000000008003c24       0x44 ./Drivers/STM32F4xx_HAL_Driver/Src/stm32f4xx_hal_cortex.o
 .text.HAL_NVIC_SetPriorityGrouping
                0x0000000008003c68       0x16 ./Drivers/STM32F4xx_HAL_Driver/Src/stm32f4xx_hal_cortex.o
                0x0000000008003c68                HAL_NVIC_SetPriorityGrouping
 .text.HAL_NVIC_SetPriority
                0x0000000008003c7e       0x38 ./Drivers/STM32F4xx_HAL_Driver/Src/stm32f4xx_hal_cortex.o
                0x0000000008003c7e                HAL_NVIC_SetPriority
 .text.HAL_NVIC_EnableIRQ
                0x0000000008003cb6       0x1c ./Drivers/STM32F4xx_HAL_Driver/Src/stm32f4xx_hal_cortex.o
                0x0000000008003cb6                HAL_NVIC_EnableIRQ
 .text.HAL_SYSTICK_Config
                0x0000000008003cd2       0x18 ./Drivers/STM32F4xx_HAL_Driver/Src/stm32f4xx_hal_cortex.o
                0x0000000008003cd2                HAL_SYSTICK_Config
 *fill*         0x0000000008003cea        0x2 
 .text.HAL_DMA_Init
                0x0000000008003cec      0x15c ./Drivers/STM32F4xx_HAL_Driver/Src/stm32f4xx_hal_dma.o
                0x0000000008003cec                HAL_DMA_Init
 .text.HAL_DMA_Start_IT
                0x0000000008003e48       0xb0 ./Drivers/STM32F4xx_HAL_Driver/Src/stm32f4xx_hal_dma.o
                0x0000000008003e48                HAL_DMA_Start_IT
 .text.HAL_DMA_Abort
                0x0000000008003ef8       0xe0 ./Drivers/STM32F4xx_HAL_Driver/Src/stm32f4xx_hal_dma.o
                0x0000000008003ef8                HAL_DMA_Abort
 .text.HAL_DMA_Abort_IT
                0x0000000008003fd8       0x44 ./Drivers/STM32F4xx_HAL_Driver/Src/stm32f4xx_hal_dma.o
                0x0000000008003fd8                HAL_DMA_Abort_IT
 .text.HAL_DMA_IRQHandler
                0x000000000800401c      0x314 ./Drivers/STM32F4xx_HAL_Driver/Src/stm32f4xx_hal_dma.o
                0x000000000800401c                HAL_DMA_IRQHandler
 .text.DMA_SetConfig
                0x0000000008004330       0x5c ./Drivers/STM32F4xx_HAL_Driver/Src/stm32f4xx_hal_dma.o
 .text.DMA_CalcBaseAndBitshift
                0x000000000800438c       0x6c ./Drivers/STM32F4xx_HAL_Driver/Src/stm32f4xx_hal_dma.o
 .text.DMA_CheckFifoParam
                0x00000000080043f8       0xf8 ./Drivers/STM32F4xx_HAL_Driver/Src/stm32f4xx_hal_dma.o
 .text.HAL_GPIO_Init
                0x00000000080044f0      0x338 ./Drivers/STM32F4xx_HAL_Driver/Src/stm32f4xx_hal_gpio.o
                0x00000000080044f0                HAL_GPIO_Init
 .text.HAL_GPIO_WritePin
                0x0000000008004828       0x32 ./Drivers/STM32F4xx_HAL_Driver/Src/stm32f4xx_hal_gpio.o
                0x0000000008004828                HAL_GPIO_WritePin
 *fill*         0x000000000800485a        0x2 
 .text.HAL_I2C_Init
                0x000000000800485c      0x288 ./Drivers/STM32F4xx_HAL_Driver/Src/stm32f4xx_hal_i2c.o
                0x000000000800485c                HAL_I2C_Init
 .text.HAL_RCC_OscConfig
                0x0000000008004ae4      0x4f0 ./Drivers/STM32F4xx_HAL_Driver/Src/stm32f4xx_hal_rcc.o
                0x0000000008004ae4                HAL_RCC_OscConfig
 .text.HAL_RCC_ClockConfig
                0x0000000008004fd4      0x1cc ./Drivers/STM32F4xx_HAL_Driver/Src/stm32f4xx_hal_rcc.o
                0x0000000008004fd4                HAL_RCC_ClockConfig
 .text.HAL_RCC_GetSysClockFreq
                0x00000000080051a0      0x20c ./Drivers/STM32F4xx_HAL_Driver/Src/stm32f4xx_hal_rcc.o
                0x00000000080051a0                HAL_RCC_GetSysClockFreq
 .text.HAL_RCC_GetHCLKFreq
                0x00000000080053ac       0x18 ./Drivers/STM32F4xx_HAL_Driver/Src/stm32f4xx_hal_rcc.o
                0x00000000080053ac                HAL_RCC_GetHCLKFreq
 .text.HAL_RCC_GetPCLK1Freq
                0x00000000080053c4       0x28 ./Drivers/STM32F4xx_HAL_Driver/Src/stm32f4xx_hal_rcc.o
                0x00000000080053c4                HAL_RCC_GetPCLK1Freq
 .text.HAL_RCC_GetPCLK2Freq
                0x00000000080053ec       0x28 ./Drivers/STM32F4xx_HAL_Driver/Src/stm32f4xx_hal_rcc.o
                0x00000000080053ec                HAL_RCC_GetPCLK2Freq
 .text.HAL_RCCEx_PeriphCLKConfig
                0x0000000008005414      0x1c4 ./Drivers/STM32F4xx_HAL_Driver/Src/stm32f4xx_hal_rcc_ex.o
                0x0000000008005414                HAL_RCCEx_PeriphCLKConfig
 .text.HAL_RTC_Init
                0x00000000080055d8       0xec ./Drivers/STM32F4xx_HAL_Driver/Src/stm32f4xx_hal_rtc.o
                0x00000000080055d8                HAL_RTC_Init
 .text.HAL_RTC_WaitForSynchro
                0x00000000080056c4       0x50 ./Drivers/STM32F4xx_HAL_Driver/Src/stm32f4xx_hal_rtc.o
                0x00000000080056c4                HAL_RTC_WaitForSynchro
 .text.RTC_EnterInitMode
                0x0000000008005714       0x6e ./Drivers/STM32F4xx_HAL_Driver/Src/stm32f4xx_hal_rtc.o
                0x0000000008005714                RTC_EnterInitMode
 .text.RTC_ExitInitMode
                0x0000000008005782       0x4a ./Drivers/STM32F4xx_HAL_Driver/Src/stm32f4xx_hal_rtc.o
                0x0000000008005782                RTC_ExitInitMode
 .text.HAL_TIM_Base_Init
                0x00000000080057cc       0x9e ./Drivers/STM32F4xx_HAL_Driver/Src/stm32f4xx_hal_tim.o
                0x00000000080057cc                HAL_TIM_Base_Init
 .text.HAL_TIM_PWM_Init
                0x000000000800586a       0x9e ./Drivers/STM32F4xx_HAL_Driver/Src/stm32f4xx_hal_tim.o
                0x000000000800586a                HAL_TIM_PWM_Init
 .text.HAL_TIM_PWM_MspInit
                0x0000000008005908       0x14 ./Drivers/STM32F4xx_HAL_Driver/Src/stm32f4xx_hal_tim.o
                0x0000000008005908                HAL_TIM_PWM_MspInit
 .text.HAL_TIM_PWM_Start
                0x000000000800591c      0x190 ./Drivers/STM32F4xx_HAL_Driver/Src/stm32f4xx_hal_tim.o
                0x000000000800591c                HAL_TIM_PWM_Start
 .text.HAL_TIM_PWM_Stop
                0x0000000008005aac       0xe0 ./Drivers/STM32F4xx_HAL_Driver/Src/stm32f4xx_hal_tim.o
                0x0000000008005aac                HAL_TIM_PWM_Stop
 .text.HAL_TIM_IC_Init
                0x0000000008005b8c       0x9e ./Drivers/STM32F4xx_HAL_Driver/Src/stm32f4xx_hal_tim.o
                0x0000000008005b8c                HAL_TIM_IC_Init
 .text.HAL_TIM_IC_MspInit
                0x0000000008005c2a       0x14 ./Drivers/STM32F4xx_HAL_Driver/Src/stm32f4xx_hal_tim.o
                0x0000000008005c2a                HAL_TIM_IC_MspInit
 *fill*         0x0000000008005c3e        0x2 
 .text.HAL_TIM_IC_Start_DMA
                0x0000000008005c40      0x354 ./Drivers/STM32F4xx_HAL_Driver/Src/stm32f4xx_hal_tim.o
                0x0000000008005c40                HAL_TIM_IC_Start_DMA
 .text.HAL_TIM_IC_ConfigChannel
                0x0000000008005f94      0x138 ./Drivers/STM32F4xx_HAL_Driver/Src/stm32f4xx_hal_tim.o
                0x0000000008005f94                HAL_TIM_IC_ConfigChannel
 .text.HAL_TIM_PWM_ConfigChannel
                0x00000000080060cc      0x184 ./Drivers/STM32F4xx_HAL_Driver/Src/stm32f4xx_hal_tim.o
                0x00000000080060cc                HAL_TIM_PWM_ConfigChannel
 .text.HAL_TIM_ConfigClockSource
                0x0000000008006250      0x18e ./Drivers/STM32F4xx_HAL_Driver/Src/stm32f4xx_hal_tim.o
                0x0000000008006250                HAL_TIM_ConfigClockSource
 .text.HAL_TIM_SlaveConfigSynchro
                0x00000000080063de       0x84 ./Drivers/STM32F4xx_HAL_Driver/Src/stm32f4xx_hal_tim.o
                0x00000000080063de                HAL_TIM_SlaveConfigSynchro
 .text.HAL_TIM_IC_CaptureCallback
                0x0000000008006462       0x14 ./Drivers/STM32F4xx_HAL_Driver/Src/stm32f4xx_hal_tim.o
                0x0000000008006462                HAL_TIM_IC_CaptureCallback
 .text.HAL_TIM_IC_CaptureHalfCpltCallback
                0x0000000008006476       0x14 ./Drivers/STM32F4xx_HAL_Driver/Src/stm32f4xx_hal_tim.o
                0x0000000008006476                HAL_TIM_IC_CaptureHalfCpltCallback
 .text.HAL_TIM_ErrorCallback
                0x000000000800648a       0x14 ./Drivers/STM32F4xx_HAL_Driver/Src/stm32f4xx_hal_tim.o
                0x000000000800648a                HAL_TIM_ErrorCallback
 .text.TIM_DMAError
                0x000000000800649e       0x92 ./Drivers/STM32F4xx_HAL_Driver/Src/stm32f4xx_hal_tim.o
                0x000000000800649e                TIM_DMAError
 .text.TIM_DMACaptureCplt
                0x0000000008006530       0xc8 ./Drivers/STM32F4xx_HAL_Driver/Src/stm32f4xx_hal_tim.o
                0x0000000008006530                TIM_DMACaptureCplt
 .text.TIM_DMACaptureHalfCplt
                0x00000000080065f8       0x68 ./Drivers/STM32F4xx_HAL_Driver/Src/stm32f4xx_hal_tim.o
                0x00000000080065f8                TIM_DMACaptureHalfCplt
 .text.TIM_Base_SetConfig
                0x0000000008006660      0x140 ./Drivers/STM32F4xx_HAL_Driver/Src/stm32f4xx_hal_tim.o
                0x0000000008006660                TIM_Base_SetConfig
 .text.TIM_OC1_SetConfig
                0x00000000080067a0       0xe0 ./Drivers/STM32F4xx_HAL_Driver/Src/stm32f4xx_hal_tim.o
 .text.TIM_OC2_SetConfig
                0x0000000008006880       0xec ./Drivers/STM32F4xx_HAL_Driver/Src/stm32f4xx_hal_tim.o
                0x0000000008006880                TIM_OC2_SetConfig
 .text.TIM_OC3_SetConfig
                0x000000000800696c       0xe8 ./Drivers/STM32F4xx_HAL_Driver/Src/stm32f4xx_hal_tim.o
 .text.TIM_OC4_SetConfig
                0x0000000008006a54       0xac ./Drivers/STM32F4xx_HAL_Driver/Src/stm32f4xx_hal_tim.o
 .text.TIM_SlaveTimer_SetConfig
                0x0000000008006b00      0x122 ./Drivers/STM32F4xx_HAL_Driver/Src/stm32f4xx_hal_tim.o
 *fill*         0x0000000008006c22        0x2 
 .text.TIM_TI1_SetConfig
                0x0000000008006c24       0xe8 ./Drivers/STM32F4xx_HAL_Driver/Src/stm32f4xx_hal_tim.o
                0x0000000008006c24                TIM_TI1_SetConfig
 .text.TIM_TI1_ConfigInputStage
                0x0000000008006d0c       0x5e ./Drivers/STM32F4xx_HAL_Driver/Src/stm32f4xx_hal_tim.o
 .text.TIM_TI2_SetConfig
                0x0000000008006d6a       0x7a ./Drivers/STM32F4xx_HAL_Driver/Src/stm32f4xx_hal_tim.o
 .text.TIM_TI2_ConfigInputStage
                0x0000000008006de4       0x60 ./Drivers/STM32F4xx_HAL_Driver/Src/stm32f4xx_hal_tim.o
 .text.TIM_TI3_SetConfig
                0x0000000008006e44       0x78 ./Drivers/STM32F4xx_HAL_Driver/Src/stm32f4xx_hal_tim.o
 .text.TIM_TI4_SetConfig
                0x0000000008006ebc       0x7a ./Drivers/STM32F4xx_HAL_Driver/Src/stm32f4xx_hal_tim.o
 .text.TIM_ITRx_SetConfig
                0x0000000008006f36       0x36 ./Drivers/STM32F4xx_HAL_Driver/Src/stm32f4xx_hal_tim.o
 .text.TIM_ETR_SetConfig
                0x0000000008006f6c       0x40 ./Drivers/STM32F4xx_HAL_Driver/Src/stm32f4xx_hal_tim.o
                0x0000000008006f6c                TIM_ETR_SetConfig
 .text.TIM_CCxChannelCmd
                0x0000000008006fac       0x4a ./Drivers/STM32F4xx_HAL_Driver/Src/stm32f4xx_hal_tim.o
                0x0000000008006fac                TIM_CCxChannelCmd
 *fill*         0x0000000008006ff6        0x2 
 .text.HAL_TIMEx_MasterConfigSynchronization
                0x0000000008006ff8       0xf8 ./Drivers/STM32F4xx_HAL_Driver/Src/stm32f4xx_hal_tim_ex.o
                0x0000000008006ff8                HAL_TIMEx_MasterConfigSynchronization
 .text.HAL_UART_Init
                0x00000000080070f0       0x9a ./Drivers/STM32F4xx_HAL_Driver/Src/stm32f4xx_hal_uart.o
                0x00000000080070f0                HAL_UART_Init
 *fill*         0x000000000800718a        0x2 
 .text.HAL_UART_Transmit_DMA
                0x000000000800718c       0xfc ./Drivers/STM32F4xx_HAL_Driver/Src/stm32f4xx_hal_uart.o
                0x000000000800718c                HAL_UART_Transmit_DMA
 .text.HAL_UART_Receive_DMA
                0x0000000008007288       0x60 ./Drivers/STM32F4xx_HAL_Driver/Src/stm32f4xx_hal_uart.o
                0x0000000008007288                HAL_UART_Receive_DMA
 .text.HAL_UART_IRQHandler
                0x00000000080072e8      0x51c ./Drivers/STM32F4xx_HAL_Driver/Src/stm32f4xx_hal_uart.o
                0x00000000080072e8                HAL_UART_IRQHandler
 .text.HAL_UART_TxCpltCallback
                0x0000000008007804       0x14 ./Drivers/STM32F4xx_HAL_Driver/Src/stm32f4xx_hal_uart.o
                0x0000000008007804                HAL_UART_TxCpltCallback
 .text.HAL_UART_TxHalfCpltCallback
                0x0000000008007818       0x14 ./Drivers/STM32F4xx_HAL_Driver/Src/stm32f4xx_hal_uart.o
                0x0000000008007818                HAL_UART_TxHalfCpltCallback
 .text.HAL_UART_RxCpltCallback
                0x000000000800782c       0x14 ./Drivers/STM32F4xx_HAL_Driver/Src/stm32f4xx_hal_uart.o
                0x000000000800782c                HAL_UART_RxCpltCallback
 .text.HAL_UART_RxHalfCpltCallback
                0x0000000008007840       0x14 ./Drivers/STM32F4xx_HAL_Driver/Src/stm32f4xx_hal_uart.o
                0x0000000008007840                HAL_UART_RxHalfCpltCallback
 .text.HAL_UART_ErrorCallback
                0x0000000008007854       0x14 ./Drivers/STM32F4xx_HAL_Driver/Src/stm32f4xx_hal_uart.o
                0x0000000008007854                HAL_UART_ErrorCallback
 .text.HAL_UARTEx_RxEventCallback
                0x0000000008007868       0x18 ./Drivers/STM32F4xx_HAL_Driver/Src/stm32f4xx_hal_uart.o
                0x0000000008007868                HAL_UARTEx_RxEventCallback
 .text.UART_DMATransmitCplt
                0x0000000008007880       0x9a ./Drivers/STM32F4xx_HAL_Driver/Src/stm32f4xx_hal_uart.o
 .text.UART_DMATxHalfCplt
                0x000000000800791a       0x1c ./Drivers/STM32F4xx_HAL_Driver/Src/stm32f4xx_hal_uart.o
 .text.UART_DMAReceiveCplt
                0x0000000008007936      0x126 ./Drivers/STM32F4xx_HAL_Driver/Src/stm32f4xx_hal_uart.o
 .text.UART_DMARxHalfCplt
                0x0000000008007a5c       0x36 ./Drivers/STM32F4xx_HAL_Driver/Src/stm32f4xx_hal_uart.o
 .text.UART_DMAError
                0x0000000008007a92       0x94 ./Drivers/STM32F4xx_HAL_Driver/Src/stm32f4xx_hal_uart.o
 *fill*         0x0000000008007b26        0x2 
 .text.UART_Start_Receive_DMA
                0x0000000008007b28      0x13c ./Drivers/STM32F4xx_HAL_Driver/Src/stm32f4xx_hal_uart.o
                0x0000000008007b28                UART_Start_Receive_DMA
 .text.UART_EndTxTransfer
                0x0000000008007c64       0x50 ./Drivers/STM32F4xx_HAL_Driver/Src/stm32f4xx_hal_uart.o
 .text.UART_EndRxTransfer
                0x0000000008007cb4       0xc6 ./Drivers/STM32F4xx_HAL_Driver/Src/stm32f4xx_hal_uart.o
 .text.UART_DMAAbortOnError
                0x0000000008007d7a       0x28 ./Drivers/STM32F4xx_HAL_Driver/Src/stm32f4xx_hal_uart.o
 .text.UART_Transmit_IT
                0x0000000008007da2       0xa0 ./Drivers/STM32F4xx_HAL_Driver/Src/stm32f4xx_hal_uart.o
 .text.UART_EndTransmit_IT
                0x0000000008007e42       0x30 ./Drivers/STM32F4xx_HAL_Driver/Src/stm32f4xx_hal_uart.o
 .text.UART_Receive_IT
                0x0000000008007e72      0x176 ./Drivers/STM32F4xx_HAL_Driver/Src/stm32f4xx_hal_uart.o
 .text.UART_SetConfig
                0x0000000008007fe8      0x4e8 ./Drivers/STM32F4xx_HAL_Driver/Src/stm32f4xx_hal_uart.o
 .text.__cxa_pure_virtual
                0x00000000080084d0        0x6 /home/valery/st/stm32cubeide_1.10.1/plugins/com.st.stm32cube.ide.mcu.externaltools.gnu-tools-for-stm32.10.3-2021.10.linux64_1.0.0.202111181127/tools/bin/../lib/gcc/arm-none-eabi/10.3.1/../../../../arm-none-eabi/lib/thumb/v7e-m+fp/hard/libstdc++_nano.a(pure.o)
                0x00000000080084d0                __cxa_pure_virtual
 .text._ZN10__cxxabiv111__terminateEPFvvE
                0x00000000080084d6        0x8 /home/valery/st/stm32cubeide_1.10.1/plugins/com.st.stm32cube.ide.mcu.externaltools.gnu-tools-for-stm32.10.3-2021.10.linux64_1.0.0.202111181127/tools/bin/../lib/gcc/arm-none-eabi/10.3.1/../../../../arm-none-eabi/lib/thumb/v7e-m+fp/hard/libstdc++_nano.a(eh_terminate.o)
                0x00000000080084d6                __cxxabiv1::__terminate(void (*)())
 *fill*         0x00000000080084de        0x2 
 .text._ZSt13get_terminatev
                0x00000000080084e0       0x10 /home/valery/st/stm32cubeide_1.10.1/plugins/com.st.stm32cube.ide.mcu.externaltools.gnu-tools-for-stm32.10.3-2021.10.linux64_1.0.0.202111181127/tools/bin/../lib/gcc/arm-none-eabi/10.3.1/../../../../arm-none-eabi/lib/thumb/v7e-m+fp/hard/libstdc++_nano.a(eh_terminate.o)
                0x00000000080084e0                std::get_terminate()
 .text._ZSt9terminatev
                0x00000000080084f0        0xa /home/valery/st/stm32cubeide_1.10.1/plugins/com.st.stm32cube.ide.mcu.externaltools.gnu-tools-for-stm32.10.3-2021.10.linux64_1.0.0.202111181127/tools/bin/../lib/gcc/arm-none-eabi/10.3.1/../../../../arm-none-eabi/lib/thumb/v7e-m+fp/hard/libstdc++_nano.a(eh_terminate.o)
                0x00000000080084f0                std::terminate()
 .text.abort    0x00000000080084fa        0xe /home/valery/st/stm32cubeide_1.10.1/plugins/com.st.stm32cube.ide.mcu.externaltools.gnu-tools-for-stm32.10.3-2021.10.linux64_1.0.0.202111181127/tools/bin/../lib/gcc/arm-none-eabi/10.3.1/../../../../arm-none-eabi/lib/thumb/v7e-m+fp/hard/libc_nano.a(lib_a-abort.o)
                0x00000000080084fa                abort
 .text.__errno  0x0000000008008508        0xc /home/valery/st/stm32cubeide_1.10.1/plugins/com.st.stm32cube.ide.mcu.externaltools.gnu-tools-for-stm32.10.3-2021.10.linux64_1.0.0.202111181127/tools/bin/../lib/gcc/arm-none-eabi/10.3.1/../../../../arm-none-eabi/lib/thumb/v7e-m+fp/hard/libc_nano.a(lib_a-errno.o)
                0x0000000008008508                __errno
 .text.__libc_init_array
                0x0000000008008514       0x48 /home/valery/st/stm32cubeide_1.10.1/plugins/com.st.stm32cube.ide.mcu.externaltools.gnu-tools-for-stm32.10.3-2021.10.linux64_1.0.0.202111181127/tools/bin/../lib/gcc/arm-none-eabi/10.3.1/../../../../arm-none-eabi/lib/thumb/v7e-m+fp/hard/libc_nano.a(lib_a-init.o)
                0x0000000008008514                __libc_init_array
 .text.memcpy   0x000000000800855c       0x1c /home/valery/st/stm32cubeide_1.10.1/plugins/com.st.stm32cube.ide.mcu.externaltools.gnu-tools-for-stm32.10.3-2021.10.linux64_1.0.0.202111181127/tools/bin/../lib/gcc/arm-none-eabi/10.3.1/../../../../arm-none-eabi/lib/thumb/v7e-m+fp/hard/libc_nano.a(lib_a-memcpy-stub.o)
                0x000000000800855c                memcpy
 .text.memset   0x0000000008008578       0x10 /home/valery/st/stm32cubeide_1.10.1/plugins/com.st.stm32cube.ide.mcu.externaltools.gnu-tools-for-stm32.10.3-2021.10.linux64_1.0.0.202111181127/tools/bin/../lib/gcc/arm-none-eabi/10.3.1/../../../../arm-none-eabi/lib/thumb/v7e-m+fp/hard/libc_nano.a(lib_a-memset.o)
                0x0000000008008578                memset
 .text.realloc  0x0000000008008588       0x10 /home/valery/st/stm32cubeide_1.10.1/plugins/com.st.stm32cube.ide.mcu.externaltools.gnu-tools-for-stm32.10.3-2021.10.linux64_1.0.0.202111181127/tools/bin/../lib/gcc/arm-none-eabi/10.3.1/../../../../arm-none-eabi/lib/thumb/v7e-m+fp/hard/libc_nano.a(lib_a-realloc.o)
                0x0000000008008588                realloc
 .text._raise_r
                0x0000000008008598       0x50 /home/valery/st/stm32cubeide_1.10.1/plugins/com.st.stm32cube.ide.mcu.externaltools.gnu-tools-for-stm32.10.3-2021.10.linux64_1.0.0.202111181127/tools/bin/../lib/gcc/arm-none-eabi/10.3.1/../../../../arm-none-eabi/lib/thumb/v7e-m+fp/hard/libc_nano.a(lib_a-signal.o)
                0x0000000008008598                _raise_r
 .text.raise    0x00000000080085e8       0x10 /home/valery/st/stm32cubeide_1.10.1/plugins/com.st.stm32cube.ide.mcu.externaltools.gnu-tools-for-stm32.10.3-2021.10.linux64_1.0.0.202111181127/tools/bin/../lib/gcc/arm-none-eabi/10.3.1/../../../../arm-none-eabi/lib/thumb/v7e-m+fp/hard/libc_nano.a(lib_a-signal.o)
                0x00000000080085e8                raise
 .text._kill_r  0x00000000080085f8       0x24 /home/valery/st/stm32cubeide_1.10.1/plugins/com.st.stm32cube.ide.mcu.externaltools.gnu-tools-for-stm32.10.3-2021.10.linux64_1.0.0.202111181127/tools/bin/../lib/gcc/arm-none-eabi/10.3.1/../../../../arm-none-eabi/lib/thumb/v7e-m+fp/hard/libc_nano.a(lib_a-signalr.o)
                0x00000000080085f8                _kill_r
 .text._getpid_r
                0x000000000800861c        0x4 /home/valery/st/stm32cubeide_1.10.1/plugins/com.st.stm32cube.ide.mcu.externaltools.gnu-tools-for-stm32.10.3-2021.10.linux64_1.0.0.202111181127/tools/bin/../lib/gcc/arm-none-eabi/10.3.1/../../../../arm-none-eabi/lib/thumb/v7e-m+fp/hard/libc_nano.a(lib_a-signalr.o)
                0x000000000800861c                _getpid_r
 .text.sbrk_aligned
                0x0000000008008620       0x40 /home/valery/st/stm32cubeide_1.10.1/plugins/com.st.stm32cube.ide.mcu.externaltools.gnu-tools-for-stm32.10.3-2021.10.linux64_1.0.0.202111181127/tools/bin/../lib/gcc/arm-none-eabi/10.3.1/../../../../arm-none-eabi/lib/thumb/v7e-m+fp/hard/libc_nano.a(lib_a-nano-mallocr.o)
 .text._malloc_r
                0x0000000008008660       0xe8 /home/valery/st/stm32cubeide_1.10.1/plugins/com.st.stm32cube.ide.mcu.externaltools.gnu-tools-for-stm32.10.3-2021.10.linux64_1.0.0.202111181127/tools/bin/../lib/gcc/arm-none-eabi/10.3.1/../../../../arm-none-eabi/lib/thumb/v7e-m+fp/hard/libc_nano.a(lib_a-nano-mallocr.o)
                0x0000000008008660                _malloc_r
 .text._realloc_r
                0x0000000008008748       0x5e /home/valery/st/stm32cubeide_1.10.1/plugins/com.st.stm32cube.ide.mcu.externaltools.gnu-tools-for-stm32.10.3-2021.10.linux64_1.0.0.202111181127/tools/bin/../lib/gcc/arm-none-eabi/10.3.1/../../../../arm-none-eabi/lib/thumb/v7e-m+fp/hard/libc_nano.a(lib_a-nano-reallocr.o)
                0x0000000008008748                _realloc_r
 *fill*         0x00000000080087a6        0x2 
 .text._sbrk_r  0x00000000080087a8       0x20 /home/valery/st/stm32cubeide_1.10.1/plugins/com.st.stm32cube.ide.mcu.externaltools.gnu-tools-for-stm32.10.3-2021.10.linux64_1.0.0.202111181127/tools/bin/../lib/gcc/arm-none-eabi/10.3.1/../../../../arm-none-eabi/lib/thumb/v7e-m+fp/hard/libc_nano.a(lib_a-sbrkr.o)
                0x00000000080087a8                _sbrk_r
 .text.__malloc_lock
                0x00000000080087c8        0xc /home/valery/st/stm32cubeide_1.10.1/plugins/com.st.stm32cube.ide.mcu.externaltools.gnu-tools-for-stm32.10.3-2021.10.linux64_1.0.0.202111181127/tools/bin/../lib/gcc/arm-none-eabi/10.3.1/../../../../arm-none-eabi/lib/thumb/v7e-m+fp/hard/libc_nano.a(lib_a-mlock.o)
                0x00000000080087c8                __malloc_lock
 .text.__malloc_unlock
                0x00000000080087d4        0xc /home/valery/st/stm32cubeide_1.10.1/plugins/com.st.stm32cube.ide.mcu.externaltools.gnu-tools-for-stm32.10.3-2021.10.linux64_1.0.0.202111181127/tools/bin/../lib/gcc/arm-none-eabi/10.3.1/../../../../arm-none-eabi/lib/thumb/v7e-m+fp/hard/libc_nano.a(lib_a-mlock.o)
                0x00000000080087d4                __malloc_unlock
 .text._free_r  0x00000000080087e0       0x98 /home/valery/st/stm32cubeide_1.10.1/plugins/com.st.stm32cube.ide.mcu.externaltools.gnu-tools-for-stm32.10.3-2021.10.linux64_1.0.0.202111181127/tools/bin/../lib/gcc/arm-none-eabi/10.3.1/../../../../arm-none-eabi/lib/thumb/v7e-m+fp/hard/libc_nano.a(lib_a-nano-freer.o)
                0x00000000080087e0                _free_r
 .text._malloc_usable_size_r
                0x0000000008008878       0x10 /home/valery/st/stm32cubeide_1.10.1/plugins/com.st.stm32cube.ide.mcu.externaltools.gnu-tools-for-stm32.10.3-2021.10.linux64_1.0.0.202111181127/tools/bin/../lib/gcc/arm-none-eabi/10.3.1/../../../../arm-none-eabi/lib/thumb/v7e-m+fp/hard/libc_nano.a(lib_a-nano-msizer.o)
                0x0000000008008878                _malloc_usable_size_r
 .text.__retarget_lock_acquire_recursive
                0x0000000008008888        0x2 /home/valery/st/stm32cubeide_1.10.1/plugins/com.st.stm32cube.ide.mcu.externaltools.gnu-tools-for-stm32.10.3-2021.10.linux64_1.0.0.202111181127/tools/bin/../lib/gcc/arm-none-eabi/10.3.1/../../../../arm-none-eabi/lib/thumb/v7e-m+fp/hard/libc_nano.a(lib_a-lock.o)
                0x0000000008008888                __retarget_lock_acquire_recursive
 .text.__retarget_lock_release_recursive
                0x000000000800888a        0x2 /home/valery/st/stm32cubeide_1.10.1/plugins/com.st.stm32cube.ide.mcu.externaltools.gnu-tools-for-stm32.10.3-2021.10.linux64_1.0.0.202111181127/tools/bin/../lib/gcc/arm-none-eabi/10.3.1/../../../../arm-none-eabi/lib/thumb/v7e-m+fp/hard/libc_nano.a(lib_a-lock.o)
                0x000000000800888a                __retarget_lock_release_recursive
 *(.glue_7)
 .glue_7        0x000000000800888c        0x0 linker stubs
 *(.glue_7t)
 .glue_7t       0x000000000800888c        0x0 linker stubs
 *(.eh_frame)
 .eh_frame      0x000000000800888c        0x0 /home/valery/st/stm32cubeide_1.10.1/plugins/com.st.stm32cube.ide.mcu.externaltools.gnu-tools-for-stm32.10.3-2021.10.linux64_1.0.0.202111181127/tools/bin/../lib/gcc/arm-none-eabi/10.3.1/thumb/v7e-m+fp/hard/crtbegin.o
 *(.init)
 .init          0x000000000800888c        0x4 /home/valery/st/stm32cubeide_1.10.1/plugins/com.st.stm32cube.ide.mcu.externaltools.gnu-tools-for-stm32.10.3-2021.10.linux64_1.0.0.202111181127/tools/bin/../lib/gcc/arm-none-eabi/10.3.1/thumb/v7e-m+fp/hard/crti.o
                0x000000000800888c                _init
 .init          0x0000000008008890        0x8 /home/valery/st/stm32cubeide_1.10.1/plugins/com.st.stm32cube.ide.mcu.externaltools.gnu-tools-for-stm32.10.3-2021.10.linux64_1.0.0.202111181127/tools/bin/../lib/gcc/arm-none-eabi/10.3.1/thumb/v7e-m+fp/hard/crtn.o
 *(.fini)
 .fini          0x0000000008008898        0x4 /home/valery/st/stm32cubeide_1.10.1/plugins/com.st.stm32cube.ide.mcu.externaltools.gnu-tools-for-stm32.10.3-2021.10.linux64_1.0.0.202111181127/tools/bin/../lib/gcc/arm-none-eabi/10.3.1/thumb/v7e-m+fp/hard/crti.o
                0x0000000008008898                _fini
 .fini          0x000000000800889c        0x8 /home/valery/st/stm32cubeide_1.10.1/plugins/com.st.stm32cube.ide.mcu.externaltools.gnu-tools-for-stm32.10.3-2021.10.linux64_1.0.0.202111181127/tools/bin/../lib/gcc/arm-none-eabi/10.3.1/thumb/v7e-m+fp/hard/crtn.o
                0x00000000080088a4                . = ALIGN (0x4)
                0x00000000080088a4                _etext = .

.vfp11_veneer   0x00000000080088a4        0x0
 .vfp11_veneer  0x00000000080088a4        0x0 linker stubs

.v4_bx          0x00000000080088a4        0x0
 .v4_bx         0x00000000080088a4        0x0 linker stubs

.iplt           0x00000000080088a4        0x0
 .iplt          0x00000000080088a4        0x0 /home/valery/st/stm32cubeide_1.10.1/plugins/com.st.stm32cube.ide.mcu.externaltools.gnu-tools-for-stm32.10.3-2021.10.linux64_1.0.0.202111181127/tools/bin/../lib/gcc/arm-none-eabi/10.3.1/thumb/v7e-m+fp/hard/crtbegin.o

.rodata         0x00000000080088a4      0x250
                0x00000000080088a4                . = ALIGN (0x4)
 *(.rodata)
 .rodata        0x00000000080088a4      0x15c ./Core/Src/main.o
 *(.rodata*)
 .rodata._ZN14rosserial_msgsL12REQUESTPARAME
                0x0000000008008a00       0x1c ./Core/Src/main.o
 .rodata._ZTVN3ros11NodeHandle_I13STM32HardwareLi25ELi25ELi512ELi512EEE
                0x0000000008008a1c       0x14 ./Core/Src/main.o
                0x0000000008008a1c                vtable for ros::NodeHandle_<STM32Hardware, 25, 25, 512, 512>
 .rodata._ZTVN8std_msgs6StringE
                0x0000000008008a30       0x18 ./Core/Src/main.o
                0x0000000008008a30                vtable for std_msgs::String
 .rodata._ZTVN3ros15NodeHandleBase_E
                0x0000000008008a48       0x14 ./Core/Src/main.o
                0x0000000008008a48                vtable for ros::NodeHandleBase_
 .rodata._ZTVN14rosserial_msgs20RequestParamResponseE
                0x0000000008008a5c       0x18 ./Core/Src/main.o
                0x0000000008008a5c                vtable for rosserial_msgs::RequestParamResponse
 .rodata._ZTVN14rosserial_msgs3LogE
                0x0000000008008a74       0x18 ./Core/Src/main.o
                0x0000000008008a74                vtable for rosserial_msgs::Log
 .rodata._ZTVN14rosserial_msgs9TopicInfoE
                0x0000000008008a8c       0x18 ./Core/Src/main.o
                0x0000000008008a8c                vtable for rosserial_msgs::TopicInfo
 .rodata._ZTVN8std_msgs4TimeE
                0x0000000008008aa4       0x18 ./Core/Src/main.o
                0x0000000008008aa4                vtable for std_msgs::Time
 .rodata._ZTVN3ros3MsgE
                0x0000000008008abc       0x18 ./Core/Src/main.o
                0x0000000008008abc                vtable for ros::Msg
 .rodata.AHBPrescTable
                0x0000000008008ad4       0x10 ./Core/Src/system_stm32f4xx.o
                0x0000000008008ad4                AHBPrescTable
 .rodata.APBPrescTable
                0x0000000008008ae4        0x8 ./Core/Src/system_stm32f4xx.o
                0x0000000008008ae4                APBPrescTable
 .rodata.flagBitshiftOffset.0
                0x0000000008008aec        0x8 ./Drivers/STM32F4xx_HAL_Driver/Src/stm32f4xx_hal_dma.o
                0x0000000008008af4                . = ALIGN (0x4)

.ARM.extab      0x0000000008008af4        0x0
                0x0000000008008af4                . = ALIGN (0x4)
 *(.ARM.extab* .gnu.linkonce.armextab.*)
                0x0000000008008af4                . = ALIGN (0x4)

.ARM            0x0000000008008af4        0x8
                0x0000000008008af4                . = ALIGN (0x4)
                0x0000000008008af4                __exidx_start = .
 *(.ARM.exidx*)
 .ARM.exidx     0x0000000008008af4        0x8 /home/valery/st/stm32cubeide_1.10.1/plugins/com.st.stm32cube.ide.mcu.externaltools.gnu-tools-for-stm32.10.3-2021.10.linux64_1.0.0.202111181127/tools/bin/../lib/gcc/arm-none-eabi/10.3.1/thumb/v7e-m+fp/hard/libgcc.a(_udivmoddi4.o)
                0x0000000008008afc                __exidx_end = .
                0x0000000008008afc                . = ALIGN (0x4)

.rel.dyn        0x0000000008008afc        0x0
 .rel.iplt      0x0000000008008afc        0x0 /home/valery/st/stm32cubeide_1.10.1/plugins/com.st.stm32cube.ide.mcu.externaltools.gnu-tools-for-stm32.10.3-2021.10.linux64_1.0.0.202111181127/tools/bin/../lib/gcc/arm-none-eabi/10.3.1/thumb/v7e-m+fp/hard/crtbegin.o

.preinit_array  0x0000000008008afc        0x0
                0x0000000008008afc                . = ALIGN (0x4)
                0x0000000008008afc                PROVIDE (__preinit_array_start = .)
 *(.preinit_array*)
                0x0000000008008afc                PROVIDE (__preinit_array_end = .)
                0x0000000008008afc                . = ALIGN (0x4)

.init_array     0x0000000008008afc        0x8
                0x0000000008008afc                . = ALIGN (0x4)
                0x0000000008008afc                PROVIDE (__init_array_start = .)
 *(SORT_BY_NAME(.init_array.*))
 *(.init_array*)
 .init_array    0x0000000008008afc        0x4 /home/valery/st/stm32cubeide_1.10.1/plugins/com.st.stm32cube.ide.mcu.externaltools.gnu-tools-for-stm32.10.3-2021.10.linux64_1.0.0.202111181127/tools/bin/../lib/gcc/arm-none-eabi/10.3.1/thumb/v7e-m+fp/hard/crtbegin.o
 .init_array    0x0000000008008b00        0x4 ./Core/Src/main.o
                0x0000000008008b04                PROVIDE (__init_array_end = .)
                0x0000000008008b04                . = ALIGN (0x4)

.fini_array     0x0000000008008b04        0x4
                0x0000000008008b04                . = ALIGN (0x4)
                [!provide]                        PROVIDE (__fini_array_start = .)
 *(SORT_BY_NAME(.fini_array.*))
 *(.fini_array*)
 .fini_array    0x0000000008008b04        0x4 /home/valery/st/stm32cubeide_1.10.1/plugins/com.st.stm32cube.ide.mcu.externaltools.gnu-tools-for-stm32.10.3-2021.10.linux64_1.0.0.202111181127/tools/bin/../lib/gcc/arm-none-eabi/10.3.1/thumb/v7e-m+fp/hard/crtbegin.o
                [!provide]                        PROVIDE (__fini_array_end = .)
                0x0000000008008b08                . = ALIGN (0x4)
                0x0000000008008b08                _sidata = LOADADDR (.data)

.data           0x0000000020000000       0x74 load address 0x0000000008008b08
                0x0000000020000000                . = ALIGN (0x4)
                0x0000000020000000                _sdata = .
 *(.data)
 *(.data*)
 .data.SystemCoreClock
                0x0000000020000000        0x4 ./Core/Src/system_stm32f4xx.o
                0x0000000020000000                SystemCoreClock
 .data.uwTickPrio
                0x0000000020000004        0x4 ./Drivers/STM32F4xx_HAL_Driver/Src/stm32f4xx_hal.o
                0x0000000020000004                uwTickPrio
 .data.uwTickFreq
                0x0000000020000008        0x1 ./Drivers/STM32F4xx_HAL_Driver/Src/stm32f4xx_hal.o
                0x0000000020000008                uwTickFreq
 *fill*         0x0000000020000009        0x3 
 .data._ZN10__cxxabiv119__terminate_handlerE
                0x000000002000000c        0x4 /home/valery/st/stm32cubeide_1.10.1/plugins/com.st.stm32cube.ide.mcu.externaltools.gnu-tools-for-stm32.10.3-2021.10.linux64_1.0.0.202111181127/tools/bin/../lib/gcc/arm-none-eabi/10.3.1/../../../../arm-none-eabi/lib/thumb/v7e-m+fp/hard/libstdc++_nano.a(eh_term_handler.o)
                0x000000002000000c                __cxxabiv1::__terminate_handler
 .data._impure_ptr
                0x0000000020000010        0x4 /home/valery/st/stm32cubeide_1.10.1/plugins/com.st.stm32cube.ide.mcu.externaltools.gnu-tools-for-stm32.10.3-2021.10.linux64_1.0.0.202111181127/tools/bin/../lib/gcc/arm-none-eabi/10.3.1/../../../../arm-none-eabi/lib/thumb/v7e-m+fp/hard/libc_nano.a(lib_a-impure.o)
                0x0000000020000010                _impure_ptr
 .data.impure_data
                0x0000000020000014       0x60 /home/valery/st/stm32cubeide_1.10.1/plugins/com.st.stm32cube.ide.mcu.externaltools.gnu-tools-for-stm32.10.3-2021.10.linux64_1.0.0.202111181127/tools/bin/../lib/gcc/arm-none-eabi/10.3.1/../../../../arm-none-eabi/lib/thumb/v7e-m+fp/hard/libc_nano.a(lib_a-impure.o)
 *(.RamFunc)
 *(.RamFunc*)
                0x0000000020000074                . = ALIGN (0x4)
                0x0000000020000074                _edata = .
                0x0000000008008b7c                _siccmram = LOADADDR (.ccmram)

.igot.plt       0x0000000020000074        0x0 load address 0x0000000008008b7c
 .igot.plt      0x0000000020000074        0x0 /home/valery/st/stm32cubeide_1.10.1/plugins/com.st.stm32cube.ide.mcu.externaltools.gnu-tools-for-stm32.10.3-2021.10.linux64_1.0.0.202111181127/tools/bin/../lib/gcc/arm-none-eabi/10.3.1/thumb/v7e-m+fp/hard/crtbegin.o

.ccmram         0x0000000010000000        0x0 load address 0x0000000008008b7c
                0x0000000010000000                . = ALIGN (0x4)
                0x0000000010000000                _sccmram = .
 *(.ccmram)
 *(.ccmram*)
                0x0000000010000000                . = ALIGN (0x4)
                0x0000000010000000                _eccmram = .
                0x0000000010000000                . = ALIGN (0x4)

.bss            0x0000000020000074      0xe8c
                0x0000000020000074                _sbss = .
                0x0000000020000074                __bss_start__ = _sbss
 *(.bss)
 .bss           0x0000000020000074       0x1c /home/valery/st/stm32cubeide_1.10.1/plugins/com.st.stm32cube.ide.mcu.externaltools.gnu-tools-for-stm32.10.3-2021.10.linux64_1.0.0.202111181127/tools/bin/../lib/gcc/arm-none-eabi/10.3.1/thumb/v7e-m+fp/hard/crtbegin.o
 *(.bss*)
 .bss._ZZN13STM32Hardware5flushEvE5mutex
                0x0000000020000090        0x1 ./Core/Src/main.o
                0x0000000020000090                STM32Hardware::flush()::mutex
 *fill*         0x0000000020000091        0x3 
 .bss.hi2c1     0x0000000020000094       0x54 ./Core/Src/main.o
                0x0000000020000094                hi2c1
 .bss.hi2c2     0x00000000200000e8       0x54 ./Core/Src/main.o
                0x00000000200000e8                hi2c2
 .bss.hrtc      0x000000002000013c       0x20 ./Core/Src/main.o
                0x000000002000013c                hrtc
 .bss.htim2     0x000000002000015c       0x48 ./Core/Src/main.o
                0x000000002000015c                htim2
 .bss.htim3     0x00000000200001a4       0x48 ./Core/Src/main.o
                0x00000000200001a4                htim3
 .bss.htim4     0x00000000200001ec       0x48 ./Core/Src/main.o
                0x00000000200001ec                htim4
 .bss.htim5     0x0000000020000234       0x48 ./Core/Src/main.o
                0x0000000020000234                htim5
 .bss.htim9     0x000000002000027c       0x48 ./Core/Src/main.o
                0x000000002000027c                htim9
 .bss.htim12    0x00000000200002c4       0x48 ./Core/Src/main.o
                0x00000000200002c4                htim12
 .bss.hdma_tim3_ch2
                0x000000002000030c       0x60 ./Core/Src/main.o
                0x000000002000030c                hdma_tim3_ch2
 .bss.hdma_tim3_ch3
                0x000000002000036c       0x60 ./Core/Src/main.o
                0x000000002000036c                hdma_tim3_ch3
 .bss.hdma_tim4_ch1
                0x00000000200003cc       0x60 ./Core/Src/main.o
                0x00000000200003cc                hdma_tim4_ch1
 .bss.hdma_tim4_ch2
                0x000000002000042c       0x60 ./Core/Src/main.o
                0x000000002000042c                hdma_tim4_ch2
 .bss.huart4    0x000000002000048c       0x44 ./Core/Src/main.o
                0x000000002000048c                huart4
 .bss.hdma_uart4_rx
                0x00000000200004d0       0x60 ./Core/Src/main.o
                0x00000000200004d0                hdma_uart4_rx
 .bss.hdma_uart4_tx
                0x0000000020000530       0x60 ./Core/Src/main.o
                0x0000000020000530                hdma_uart4_tx
 .bss.nh        0x0000000020000590      0x93c ./Core/Src/main.o
                0x0000000020000590                nh
 .bss.str_msg   0x0000000020000ecc        0x8 ./Core/Src/main.o
                0x0000000020000ecc                str_msg
 .bss.chatter   0x0000000020000ed4       0x14 ./Core/Src/main.o
                0x0000000020000ed4                chatter
 .bss.__sbrk_heap_end
                0x0000000020000ee8        0x4 ./Core/Src/sysmem.o
 .bss.uwTick    0x0000000020000eec        0x4 ./Drivers/STM32F4xx_HAL_Driver/Src/stm32f4xx_hal.o
                0x0000000020000eec                uwTick
 .bss.__malloc_free_list
                0x0000000020000ef0        0x4 /home/valery/st/stm32cubeide_1.10.1/plugins/com.st.stm32cube.ide.mcu.externaltools.gnu-tools-for-stm32.10.3-2021.10.linux64_1.0.0.202111181127/tools/bin/../lib/gcc/arm-none-eabi/10.3.1/../../../../arm-none-eabi/lib/thumb/v7e-m+fp/hard/libc_nano.a(lib_a-nano-mallocr.o)
                0x0000000020000ef0                __malloc_free_list
 .bss.__malloc_sbrk_start
                0x0000000020000ef4        0x4 /home/valery/st/stm32cubeide_1.10.1/plugins/com.st.stm32cube.ide.mcu.externaltools.gnu-tools-for-stm32.10.3-2021.10.linux64_1.0.0.202111181127/tools/bin/../lib/gcc/arm-none-eabi/10.3.1/../../../../arm-none-eabi/lib/thumb/v7e-m+fp/hard/libc_nano.a(lib_a-nano-mallocr.o)
                0x0000000020000ef4                __malloc_sbrk_start
 .bss.errno     0x0000000020000ef8        0x4 /home/valery/st/stm32cubeide_1.10.1/plugins/com.st.stm32cube.ide.mcu.externaltools.gnu-tools-for-stm32.10.3-2021.10.linux64_1.0.0.202111181127/tools/bin/../lib/gcc/arm-none-eabi/10.3.1/../../../../arm-none-eabi/lib/thumb/v7e-m+fp/hard/libc_nano.a(lib_a-reent.o)
                0x0000000020000ef8                errno
 .bss.__lock___malloc_recursive_mutex
                0x0000000020000efc        0x1 /home/valery/st/stm32cubeide_1.10.1/plugins/com.st.stm32cube.ide.mcu.externaltools.gnu-tools-for-stm32.10.3-2021.10.linux64_1.0.0.202111181127/tools/bin/../lib/gcc/arm-none-eabi/10.3.1/../../../../arm-none-eabi/lib/thumb/v7e-m+fp/hard/libc_nano.a(lib_a-lock.o)
                0x0000000020000efc                __lock___malloc_recursive_mutex
 *(COMMON)
                0x0000000020000f00                . = ALIGN (0x4)
 *fill*         0x0000000020000efd        0x3 
                0x0000000020000f00                _ebss = .
                0x0000000020000f00                __bss_end__ = _ebss

._user_heap_stack
                0x0000000020000f00      0x600
                0x0000000020000f00                . = ALIGN (0x8)
                [!provide]                        PROVIDE (end = .)
                0x0000000020000f00                PROVIDE (_end = .)
                0x0000000020001100                . = (. + _Min_Heap_Size)
 *fill*         0x0000000020000f00      0x200 
                0x0000000020001500                . = (. + _Min_Stack_Size)
 *fill*         0x0000000020001100      0x400 
                0x0000000020001500                . = ALIGN (0x8)

/DISCARD/
 libc.a(*)
 libm.a(*)
 libgcc.a(*)

.ARM.attributes
                0x0000000000000000       0x30
 *(.ARM.attributes)
 .ARM.attributes
                0x0000000000000000       0x1e /home/valery/st/stm32cubeide_1.10.1/plugins/com.st.stm32cube.ide.mcu.externaltools.gnu-tools-for-stm32.10.3-2021.10.linux64_1.0.0.202111181127/tools/bin/../lib/gcc/arm-none-eabi/10.3.1/thumb/v7e-m+fp/hard/crti.o
 .ARM.attributes
                0x000000000000001e       0x34 /home/valery/st/stm32cubeide_1.10.1/plugins/com.st.stm32cube.ide.mcu.externaltools.gnu-tools-for-stm32.10.3-2021.10.linux64_1.0.0.202111181127/tools/bin/../lib/gcc/arm-none-eabi/10.3.1/thumb/v7e-m+fp/hard/crtbegin.o
 .ARM.attributes
                0x0000000000000052       0x34 ./Core/Inc/time.o
 .ARM.attributes
                0x0000000000000086       0x34 ./Core/Src/main.o
 .ARM.attributes
                0x00000000000000ba       0x34 ./Core/Src/motors.o
 .ARM.attributes
                0x00000000000000ee       0x34 ./Core/Src/stm32f4xx_hal_msp.o
 .ARM.attributes
                0x0000000000000122       0x34 ./Core/Src/stm32f4xx_it.o
 .ARM.attributes
                0x0000000000000156       0x34 ./Core/Src/syscalls.o
 .ARM.attributes
                0x000000000000018a       0x34 ./Core/Src/sysmem.o
 .ARM.attributes
                0x00000000000001be       0x34 ./Core/Src/system_stm32f4xx.o
 .ARM.attributes
                0x00000000000001f2       0x21 ./Core/Startup/startup_stm32f407vgtx.o
 .ARM.attributes
                0x0000000000000213       0x34 ./Drivers/STM32F4xx_HAL_Driver/Src/stm32f4xx_hal.o
 .ARM.attributes
                0x0000000000000247       0x34 ./Drivers/STM32F4xx_HAL_Driver/Src/stm32f4xx_hal_cortex.o
 .ARM.attributes
                0x000000000000027b       0x34 ./Drivers/STM32F4xx_HAL_Driver/Src/stm32f4xx_hal_dma.o
 .ARM.attributes
                0x00000000000002af       0x34 ./Drivers/STM32F4xx_HAL_Driver/Src/stm32f4xx_hal_gpio.o
 .ARM.attributes
                0x00000000000002e3       0x34 ./Drivers/STM32F4xx_HAL_Driver/Src/stm32f4xx_hal_i2c.o
 .ARM.attributes
                0x0000000000000317       0x34 ./Drivers/STM32F4xx_HAL_Driver/Src/stm32f4xx_hal_rcc.o
 .ARM.attributes
                0x000000000000034b       0x34 ./Drivers/STM32F4xx_HAL_Driver/Src/stm32f4xx_hal_rcc_ex.o
 .ARM.attributes
                0x000000000000037f       0x34 ./Drivers/STM32F4xx_HAL_Driver/Src/stm32f4xx_hal_rtc.o
 .ARM.attributes
                0x00000000000003b3       0x34 ./Drivers/STM32F4xx_HAL_Driver/Src/stm32f4xx_hal_tim.o
 .ARM.attributes
                0x00000000000003e7       0x34 ./Drivers/STM32F4xx_HAL_Driver/Src/stm32f4xx_hal_tim_ex.o
 .ARM.attributes
                0x000000000000041b       0x34 ./Drivers/STM32F4xx_HAL_Driver/Src/stm32f4xx_hal_uart.o
 .ARM.attributes
                0x000000000000044f       0x34 /home/valery/st/stm32cubeide_1.10.1/plugins/com.st.stm32cube.ide.mcu.externaltools.gnu-tools-for-stm32.10.3-2021.10.linux64_1.0.0.202111181127/tools/bin/../lib/gcc/arm-none-eabi/10.3.1/../../../../arm-none-eabi/lib/thumb/v7e-m+fp/hard/libstdc++_nano.a(pure.o)
 .ARM.attributes
                0x0000000000000483       0x34 /home/valery/st/stm32cubeide_1.10.1/plugins/com.st.stm32cube.ide.mcu.externaltools.gnu-tools-for-stm32.10.3-2021.10.linux64_1.0.0.202111181127/tools/bin/../lib/gcc/arm-none-eabi/10.3.1/../../../../arm-none-eabi/lib/thumb/v7e-m+fp/hard/libstdc++_nano.a(eh_terminate.o)
 .ARM.attributes
                0x00000000000004b7       0x34 /home/valery/st/stm32cubeide_1.10.1/plugins/com.st.stm32cube.ide.mcu.externaltools.gnu-tools-for-stm32.10.3-2021.10.linux64_1.0.0.202111181127/tools/bin/../lib/gcc/arm-none-eabi/10.3.1/../../../../arm-none-eabi/lib/thumb/v7e-m+fp/hard/libstdc++_nano.a(eh_term_handler.o)
 .ARM.attributes
                0x00000000000004eb       0x34 /home/valery/st/stm32cubeide_1.10.1/plugins/com.st.stm32cube.ide.mcu.externaltools.gnu-tools-for-stm32.10.3-2021.10.linux64_1.0.0.202111181127/tools/bin/../lib/gcc/arm-none-eabi/10.3.1/../../../../arm-none-eabi/lib/thumb/v7e-m+fp/hard/libc_nano.a(lib_a-abort.o)
 .ARM.attributes
                0x000000000000051f       0x34 /home/valery/st/stm32cubeide_1.10.1/plugins/com.st.stm32cube.ide.mcu.externaltools.gnu-tools-for-stm32.10.3-2021.10.linux64_1.0.0.202111181127/tools/bin/../lib/gcc/arm-none-eabi/10.3.1/../../../../arm-none-eabi/lib/thumb/v7e-m+fp/hard/libc_nano.a(lib_a-errno.o)
 .ARM.attributes
                0x0000000000000553       0x34 /home/valery/st/stm32cubeide_1.10.1/plugins/com.st.stm32cube.ide.mcu.externaltools.gnu-tools-for-stm32.10.3-2021.10.linux64_1.0.0.202111181127/tools/bin/../lib/gcc/arm-none-eabi/10.3.1/../../../../arm-none-eabi/lib/thumb/v7e-m+fp/hard/libc_nano.a(lib_a-impure.o)
 .ARM.attributes
                0x0000000000000587       0x34 /home/valery/st/stm32cubeide_1.10.1/plugins/com.st.stm32cube.ide.mcu.externaltools.gnu-tools-for-stm32.10.3-2021.10.linux64_1.0.0.202111181127/tools/bin/../lib/gcc/arm-none-eabi/10.3.1/../../../../arm-none-eabi/lib/thumb/v7e-m+fp/hard/libc_nano.a(lib_a-init.o)
 .ARM.attributes
                0x00000000000005bb       0x34 /home/valery/st/stm32cubeide_1.10.1/plugins/com.st.stm32cube.ide.mcu.externaltools.gnu-tools-for-stm32.10.3-2021.10.linux64_1.0.0.202111181127/tools/bin/../lib/gcc/arm-none-eabi/10.3.1/../../../../arm-none-eabi/lib/thumb/v7e-m+fp/hard/libc_nano.a(lib_a-memcpy-stub.o)
 .ARM.attributes
                0x00000000000005ef       0x34 /home/valery/st/stm32cubeide_1.10.1/plugins/com.st.stm32cube.ide.mcu.externaltools.gnu-tools-for-stm32.10.3-2021.10.linux64_1.0.0.202111181127/tools/bin/../lib/gcc/arm-none-eabi/10.3.1/../../../../arm-none-eabi/lib/thumb/v7e-m+fp/hard/libc_nano.a(lib_a-memset.o)
 .ARM.attributes
                0x0000000000000623       0x34 /home/valery/st/stm32cubeide_1.10.1/plugins/com.st.stm32cube.ide.mcu.externaltools.gnu-tools-for-stm32.10.3-2021.10.linux64_1.0.0.202111181127/tools/bin/../lib/gcc/arm-none-eabi/10.3.1/../../../../arm-none-eabi/lib/thumb/v7e-m+fp/hard/libc_nano.a(lib_a-realloc.o)
 .ARM.attributes
                0x0000000000000657       0x34 /home/valery/st/stm32cubeide_1.10.1/plugins/com.st.stm32cube.ide.mcu.externaltools.gnu-tools-for-stm32.10.3-2021.10.linux64_1.0.0.202111181127/tools/bin/../lib/gcc/arm-none-eabi/10.3.1/../../../../arm-none-eabi/lib/thumb/v7e-m+fp/hard/libc_nano.a(lib_a-signal.o)
 .ARM.attributes
                0x000000000000068b       0x34 /home/valery/st/stm32cubeide_1.10.1/plugins/com.st.stm32cube.ide.mcu.externaltools.gnu-tools-for-stm32.10.3-2021.10.linux64_1.0.0.202111181127/tools/bin/../lib/gcc/arm-none-eabi/10.3.1/../../../../arm-none-eabi/lib/thumb/v7e-m+fp/hard/libc_nano.a(lib_a-signalr.o)
 .ARM.attributes
                0x00000000000006bf       0x17 /home/valery/st/stm32cubeide_1.10.1/plugins/com.st.stm32cube.ide.mcu.externaltools.gnu-tools-for-stm32.10.3-2021.10.linux64_1.0.0.202111181127/tools/bin/../lib/gcc/arm-none-eabi/10.3.1/../../../../arm-none-eabi/lib/thumb/v7e-m+fp/hard/libc_nano.a(lib_a-strlen.o)
 .ARM.attributes
                0x00000000000006d6       0x34 /home/valery/st/stm32cubeide_1.10.1/plugins/com.st.stm32cube.ide.mcu.externaltools.gnu-tools-for-stm32.10.3-2021.10.linux64_1.0.0.202111181127/tools/bin/../lib/gcc/arm-none-eabi/10.3.1/../../../../arm-none-eabi/lib/thumb/v7e-m+fp/hard/libc_nano.a(lib_a-nano-mallocr.o)
 .ARM.attributes
                0x000000000000070a       0x34 /home/valery/st/stm32cubeide_1.10.1/plugins/com.st.stm32cube.ide.mcu.externaltools.gnu-tools-for-stm32.10.3-2021.10.linux64_1.0.0.202111181127/tools/bin/../lib/gcc/arm-none-eabi/10.3.1/../../../../arm-none-eabi/lib/thumb/v7e-m+fp/hard/libc_nano.a(lib_a-nano-reallocr.o)
 .ARM.attributes
                0x000000000000073e       0x34 /home/valery/st/stm32cubeide_1.10.1/plugins/com.st.stm32cube.ide.mcu.externaltools.gnu-tools-for-stm32.10.3-2021.10.linux64_1.0.0.202111181127/tools/bin/../lib/gcc/arm-none-eabi/10.3.1/../../../../arm-none-eabi/lib/thumb/v7e-m+fp/hard/libc_nano.a(lib_a-reent.o)
 .ARM.attributes
                0x0000000000000772       0x34 /home/valery/st/stm32cubeide_1.10.1/plugins/com.st.stm32cube.ide.mcu.externaltools.gnu-tools-for-stm32.10.3-2021.10.linux64_1.0.0.202111181127/tools/bin/../lib/gcc/arm-none-eabi/10.3.1/../../../../arm-none-eabi/lib/thumb/v7e-m+fp/hard/libc_nano.a(lib_a-sbrkr.o)
 .ARM.attributes
                0x00000000000007a6       0x34 /home/valery/st/stm32cubeide_1.10.1/plugins/com.st.stm32cube.ide.mcu.externaltools.gnu-tools-for-stm32.10.3-2021.10.linux64_1.0.0.202111181127/tools/bin/../lib/gcc/arm-none-eabi/10.3.1/../../../../arm-none-eabi/lib/thumb/v7e-m+fp/hard/libc_nano.a(lib_a-mlock.o)
 .ARM.attributes
                0x00000000000007da       0x34 /home/valery/st/stm32cubeide_1.10.1/plugins/com.st.stm32cube.ide.mcu.externaltools.gnu-tools-for-stm32.10.3-2021.10.linux64_1.0.0.202111181127/tools/bin/../lib/gcc/arm-none-eabi/10.3.1/../../../../arm-none-eabi/lib/thumb/v7e-m+fp/hard/libc_nano.a(lib_a-nano-freer.o)
 .ARM.attributes
                0x000000000000080e       0x34 /home/valery/st/stm32cubeide_1.10.1/plugins/com.st.stm32cube.ide.mcu.externaltools.gnu-tools-for-stm32.10.3-2021.10.linux64_1.0.0.202111181127/tools/bin/../lib/gcc/arm-none-eabi/10.3.1/../../../../arm-none-eabi/lib/thumb/v7e-m+fp/hard/libc_nano.a(lib_a-nano-msizer.o)
 .ARM.attributes
                0x0000000000000842       0x34 /home/valery/st/stm32cubeide_1.10.1/plugins/com.st.stm32cube.ide.mcu.externaltools.gnu-tools-for-stm32.10.3-2021.10.linux64_1.0.0.202111181127/tools/bin/../lib/gcc/arm-none-eabi/10.3.1/../../../../arm-none-eabi/lib/thumb/v7e-m+fp/hard/libc_nano.a(lib_a-lock.o)
 .ARM.attributes
                0x0000000000000876       0x1e /home/valery/st/stm32cubeide_1.10.1/plugins/com.st.stm32cube.ide.mcu.externaltools.gnu-tools-for-stm32.10.3-2021.10.linux64_1.0.0.202111181127/tools/bin/../lib/gcc/arm-none-eabi/10.3.1/thumb/v7e-m+fp/hard/libgcc.a(_aeabi_uldivmod.o)
 .ARM.attributes
                0x0000000000000894       0x34 /home/valery/st/stm32cubeide_1.10.1/plugins/com.st.stm32cube.ide.mcu.externaltools.gnu-tools-for-stm32.10.3-2021.10.linux64_1.0.0.202111181127/tools/bin/../lib/gcc/arm-none-eabi/10.3.1/thumb/v7e-m+fp/hard/libgcc.a(_udivmoddi4.o)
 .ARM.attributes
                0x00000000000008c8       0x1e /home/valery/st/stm32cubeide_1.10.1/plugins/com.st.stm32cube.ide.mcu.externaltools.gnu-tools-for-stm32.10.3-2021.10.linux64_1.0.0.202111181127/tools/bin/../lib/gcc/arm-none-eabi/10.3.1/thumb/v7e-m+fp/hard/libgcc.a(_dvmd_tls.o)
 .ARM.attributes
                0x00000000000008e6       0x1e /home/valery/st/stm32cubeide_1.10.1/plugins/com.st.stm32cube.ide.mcu.externaltools.gnu-tools-for-stm32.10.3-2021.10.linux64_1.0.0.202111181127/tools/bin/../lib/gcc/arm-none-eabi/10.3.1/thumb/v7e-m+fp/hard/crtn.o
OUTPUT(Eurobot2023.elf elf32-littlearm)
LOAD linker stubs
LOAD /home/valery/st/stm32cubeide_1.10.1/plugins/com.st.stm32cube.ide.mcu.externaltools.gnu-tools-for-stm32.10.3-2021.10.linux64_1.0.0.202111181127/tools/bin/../lib/gcc/arm-none-eabi/10.3.1/../../../../arm-none-eabi/lib/thumb/v7e-m+fp/hard/libc.a
LOAD /home/valery/st/stm32cubeide_1.10.1/plugins/com.st.stm32cube.ide.mcu.externaltools.gnu-tools-for-stm32.10.3-2021.10.linux64_1.0.0.202111181127/tools/bin/../lib/gcc/arm-none-eabi/10.3.1/../../../../arm-none-eabi/lib/thumb/v7e-m+fp/hard/libm.a
LOAD /home/valery/st/stm32cubeide_1.10.1/plugins/com.st.stm32cube.ide.mcu.externaltools.gnu-tools-for-stm32.10.3-2021.10.linux64_1.0.0.202111181127/tools/bin/../lib/gcc/arm-none-eabi/10.3.1/thumb/v7e-m+fp/hard/libgcc.a

.debug_info     0x0000000000000000    0x1a128
 .debug_info    0x0000000000000000     0x1bea ./Core/Inc/time.o
 .debug_info    0x0000000000001bea     0x6de5 ./Core/Src/main.o
 .debug_info    0x00000000000089cf      0xaf4 ./Core/Src/motors.o
 .debug_info    0x00000000000094c3     0x1a26 ./Core/Src/stm32f4xx_hal_msp.o
 .debug_info    0x000000000000aee9      0x72f ./Core/Src/stm32f4xx_it.o
 .debug_info    0x000000000000b618      0x6e0 ./Core/Src/syscalls.o
 .debug_info    0x000000000000bcf8      0x171 ./Core/Src/sysmem.o
 .debug_info    0x000000000000be69      0x523 ./Core/Src/system_stm32f4xx.o
 .debug_info    0x000000000000c38c       0x22 ./Core/Startup/startup_stm32f407vgtx.o
 .debug_info    0x000000000000c3ae      0x97c ./Drivers/STM32F4xx_HAL_Driver/Src/stm32f4xx_hal.o
 .debug_info    0x000000000000cd2a      0xe1b ./Drivers/STM32F4xx_HAL_Driver/Src/stm32f4xx_hal_cortex.o
 .debug_info    0x000000000000db45      0x94f ./Drivers/STM32F4xx_HAL_Driver/Src/stm32f4xx_hal_dma.o
 .debug_info    0x000000000000e494      0x76a ./Drivers/STM32F4xx_HAL_Driver/Src/stm32f4xx_hal_gpio.o
 .debug_info    0x000000000000ebfe     0x2609 ./Drivers/STM32F4xx_HAL_Driver/Src/stm32f4xx_hal_i2c.o
 .debug_info    0x0000000000011207      0x966 ./Drivers/STM32F4xx_HAL_Driver/Src/stm32f4xx_hal_rcc.o
 .debug_info    0x0000000000011b6d      0x569 ./Drivers/STM32F4xx_HAL_Driver/Src/stm32f4xx_hal_rcc_ex.o
 .debug_info    0x00000000000120d6      0xcf8 ./Drivers/STM32F4xx_HAL_Driver/Src/stm32f4xx_hal_rtc.o
 .debug_info    0x0000000000012dce     0x2bbe ./Drivers/STM32F4xx_HAL_Driver/Src/stm32f4xx_hal_tim.o
 .debug_info    0x000000000001598c     0x15e0 ./Drivers/STM32F4xx_HAL_Driver/Src/stm32f4xx_hal_tim_ex.o
 .debug_info    0x0000000000016f6c     0x31bc ./Drivers/STM32F4xx_HAL_Driver/Src/stm32f4xx_hal_uart.o

.debug_abbrev   0x0000000000000000     0x2fa4
 .debug_abbrev  0x0000000000000000      0x2cb ./Core/Inc/time.o
 .debug_abbrev  0x00000000000002cb      0x94d ./Core/Src/main.o
 .debug_abbrev  0x0000000000000c18      0x241 ./Core/Src/motors.o
 .debug_abbrev  0x0000000000000e59      0x263 ./Core/Src/stm32f4xx_hal_msp.o
 .debug_abbrev  0x00000000000010bc      0x180 ./Core/Src/stm32f4xx_it.o
 .debug_abbrev  0x000000000000123c      0x1b3 ./Core/Src/syscalls.o
 .debug_abbrev  0x00000000000013ef       0xbb ./Core/Src/sysmem.o
 .debug_abbrev  0x00000000000014aa      0x116 ./Core/Src/system_stm32f4xx.o
 .debug_abbrev  0x00000000000015c0       0x12 ./Core/Startup/startup_stm32f407vgtx.o
 .debug_abbrev  0x00000000000015d2      0x20d ./Drivers/STM32F4xx_HAL_Driver/Src/stm32f4xx_hal.o
 .debug_abbrev  0x00000000000017df      0x316 ./Drivers/STM32F4xx_HAL_Driver/Src/stm32f4xx_hal_cortex.o
 .debug_abbrev  0x0000000000001af5      0x25b ./Drivers/STM32F4xx_HAL_Driver/Src/stm32f4xx_hal_dma.o
 .debug_abbrev  0x0000000000001d50      0x1c4 ./Drivers/STM32F4xx_HAL_Driver/Src/stm32f4xx_hal_gpio.o
 .debug_abbrev  0x0000000000001f14      0x297 ./Drivers/STM32F4xx_HAL_Driver/Src/stm32f4xx_hal_i2c.o
 .debug_abbrev  0x00000000000021ab      0x2aa ./Drivers/STM32F4xx_HAL_Driver/Src/stm32f4xx_hal_rcc.o
 .debug_abbrev  0x0000000000002455      0x1a8 ./Drivers/STM32F4xx_HAL_Driver/Src/stm32f4xx_hal_rcc_ex.o
 .debug_abbrev  0x00000000000025fd      0x1f1 ./Drivers/STM32F4xx_HAL_Driver/Src/stm32f4xx_hal_rtc.o
 .debug_abbrev  0x00000000000027ee      0x25d ./Drivers/STM32F4xx_HAL_Driver/Src/stm32f4xx_hal_tim.o
 .debug_abbrev  0x0000000000002a4b      0x265 ./Drivers/STM32F4xx_HAL_Driver/Src/stm32f4xx_hal_tim_ex.o
 .debug_abbrev  0x0000000000002cb0      0x2f4 ./Drivers/STM32F4xx_HAL_Driver/Src/stm32f4xx_hal_uart.o

.debug_aranges  0x0000000000000000     0x1360
 .debug_aranges
                0x0000000000000000       0x48 ./Core/Inc/time.o
 .debug_aranges
                0x0000000000000048      0x250 ./Core/Src/main.o
 .debug_aranges
                0x0000000000000298       0x30 ./Core/Src/motors.o
 .debug_aranges
                0x00000000000002c8       0x68 ./Core/Src/stm32f4xx_hal_msp.o
 .debug_aranges
                0x0000000000000330       0x98 ./Core/Src/stm32f4xx_it.o
 .debug_aranges
                0x00000000000003c8       0xa8 ./Core/Src/syscalls.o
 .debug_aranges
                0x0000000000000470       0x20 ./Core/Src/sysmem.o
 .debug_aranges
                0x0000000000000490       0x28 ./Core/Src/system_stm32f4xx.o
 .debug_aranges
                0x00000000000004b8       0x28 ./Core/Startup/startup_stm32f407vgtx.o
 .debug_aranges
                0x00000000000004e0       0xf0 ./Drivers/STM32F4xx_HAL_Driver/Src/stm32f4xx_hal.o
 .debug_aranges
                0x00000000000005d0      0x118 ./Drivers/STM32F4xx_HAL_Driver/Src/stm32f4xx_hal_cortex.o
 .debug_aranges
                0x00000000000006e8       0x90 ./Drivers/STM32F4xx_HAL_Driver/Src/stm32f4xx_hal_dma.o
 .debug_aranges
                0x0000000000000778       0x58 ./Drivers/STM32F4xx_HAL_Driver/Src/stm32f4xx_hal_gpio.o
 .debug_aranges
                0x00000000000007d0      0x2a0 ./Drivers/STM32F4xx_HAL_Driver/Src/stm32f4xx_hal_i2c.o
 .debug_aranges
                0x0000000000000a70       0x88 ./Drivers/STM32F4xx_HAL_Driver/Src/stm32f4xx_hal_rcc.o
 .debug_aranges
                0x0000000000000af8       0x48 ./Drivers/STM32F4xx_HAL_Driver/Src/stm32f4xx_hal_rcc_ex.o
 .debug_aranges
                0x0000000000000b40       0xe8 ./Drivers/STM32F4xx_HAL_Driver/Src/stm32f4xx_hal_rtc.o
 .debug_aranges
                0x0000000000000c28      0x3d0 ./Drivers/STM32F4xx_HAL_Driver/Src/stm32f4xx_hal_tim.o
 .debug_aranges
                0x0000000000000ff8      0x168 ./Drivers/STM32F4xx_HAL_Driver/Src/stm32f4xx_hal_tim_ex.o
 .debug_aranges
                0x0000000000001160      0x200 ./Drivers/STM32F4xx_HAL_Driver/Src/stm32f4xx_hal_uart.o

.debug_ranges   0x0000000000000000     0x1288
 .debug_ranges  0x0000000000000000       0x38 ./Core/Inc/time.o
 .debug_ranges  0x0000000000000038      0x258 ./Core/Src/main.o
 .debug_ranges  0x0000000000000290       0x20 ./Core/Src/motors.o
 .debug_ranges  0x00000000000002b0       0x58 ./Core/Src/stm32f4xx_hal_msp.o
 .debug_ranges  0x0000000000000308       0x88 ./Core/Src/stm32f4xx_it.o
 .debug_ranges  0x0000000000000390       0x98 ./Core/Src/syscalls.o
 .debug_ranges  0x0000000000000428       0x10 ./Core/Src/sysmem.o
 .debug_ranges  0x0000000000000438       0x18 ./Core/Src/system_stm32f4xx.o
 .debug_ranges  0x0000000000000450       0x20 ./Core/Startup/startup_stm32f407vgtx.o
 .debug_ranges  0x0000000000000470       0xe0 ./Drivers/STM32F4xx_HAL_Driver/Src/stm32f4xx_hal.o
 .debug_ranges  0x0000000000000550      0x108 ./Drivers/STM32F4xx_HAL_Driver/Src/stm32f4xx_hal_cortex.o
 .debug_ranges  0x0000000000000658       0x80 ./Drivers/STM32F4xx_HAL_Driver/Src/stm32f4xx_hal_dma.o
 .debug_ranges  0x00000000000006d8       0x48 ./Drivers/STM32F4xx_HAL_Driver/Src/stm32f4xx_hal_gpio.o