Archive member included to satisfy reference by file (symbol)

/home/valery/st/stm32cubeide_1.10.1/plugins/com.st.stm32cube.ide.mcu.externaltools.gnu-tools-for-stm32.10.3-2021.10.linux64_1.0.0.202111181127/tools/bin/../lib/gcc/arm-none-eabi/10.3.1/../../../../arm-none-eabi/lib/thumb/v7e-m+fp/hard/libstdc++_nano.a(pure.o)
                              ./Core/Src/main.o (__cxa_pure_virtual)
/home/valery/st/stm32cubeide_1.10.1/plugins/com.st.stm32cube.ide.mcu.externaltools.gnu-tools-for-stm32.10.3-2021.10.linux64_1.0.0.202111181127/tools/bin/../lib/gcc/arm-none-eabi/10.3.1/../../../../arm-none-eabi/lib/thumb/v7e-m+fp/hard/libstdc++_nano.a(eh_terminate.o)
                              /home/valery/st/stm32cubeide_1.10.1/plugins/com.st.stm32cube.ide.mcu.externaltools.gnu-tools-for-stm32.10.3-2021.10.linux64_1.0.0.202111181127/tools/bin/../lib/gcc/arm-none-eabi/10.3.1/../../../../arm-none-eabi/lib/thumb/v7e-m+fp/hard/libstdc++_nano.a(pure.o) (std::terminate())
/home/valery/st/stm32cubeide_1.10.1/plugins/com.st.stm32cube.ide.mcu.externaltools.gnu-tools-for-stm32.10.3-2021.10.linux64_1.0.0.202111181127/tools/bin/../lib/gcc/arm-none-eabi/10.3.1/../../../../arm-none-eabi/lib/thumb/v7e-m+fp/hard/libstdc++_nano.a(eh_unex_handler.o)
                              /home/valery/st/stm32cubeide_1.10.1/plugins/com.st.stm32cube.ide.mcu.externaltools.gnu-tools-for-stm32.10.3-2021.10.linux64_1.0.0.202111181127/tools/bin/../lib/gcc/arm-none-eabi/10.3.1/../../../../arm-none-eabi/lib/thumb/v7e-m+fp/hard/libstdc++_nano.a(eh_terminate.o) (__cxxabiv1::__unexpected_handler)
/home/valery/st/stm32cubeide_1.10.1/plugins/com.st.stm32cube.ide.mcu.externaltools.gnu-tools-for-stm32.10.3-2021.10.linux64_1.0.0.202111181127/tools/bin/../lib/gcc/arm-none-eabi/10.3.1/../../../../arm-none-eabi/lib/thumb/v7e-m+fp/hard/libstdc++_nano.a(eh_term_handler.o)
                              /home/valery/st/stm32cubeide_1.10.1/plugins/com.st.stm32cube.ide.mcu.externaltools.gnu-tools-for-stm32.10.3-2021.10.linux64_1.0.0.202111181127/tools/bin/../lib/gcc/arm-none-eabi/10.3.1/../../../../arm-none-eabi/lib/thumb/v7e-m+fp/hard/libstdc++_nano.a(eh_terminate.o) (__cxxabiv1::__terminate_handler)
/home/valery/st/stm32cubeide_1.10.1/plugins/com.st.stm32cube.ide.mcu.externaltools.gnu-tools-for-stm32.10.3-2021.10.linux64_1.0.0.202111181127/tools/bin/../lib/gcc/arm-none-eabi/10.3.1/../../../../arm-none-eabi/lib/thumb/v7e-m+fp/hard/libc_nano.a(lib_a-abort.o)
                              /home/valery/st/stm32cubeide_1.10.1/plugins/com.st.stm32cube.ide.mcu.externaltools.gnu-tools-for-stm32.10.3-2021.10.linux64_1.0.0.202111181127/tools/bin/../lib/gcc/arm-none-eabi/10.3.1/../../../../arm-none-eabi/lib/thumb/v7e-m+fp/hard/libstdc++_nano.a(eh_terminate.o) (abort)
/home/valery/st/stm32cubeide_1.10.1/plugins/com.st.stm32cube.ide.mcu.externaltools.gnu-tools-for-stm32.10.3-2021.10.linux64_1.0.0.202111181127/tools/bin/../lib/gcc/arm-none-eabi/10.3.1/../../../../arm-none-eabi/lib/thumb/v7e-m+fp/hard/libc_nano.a(lib_a-errno.o)
                              ./Core/Src/syscalls.o (__errno)
/home/valery/st/stm32cubeide_1.10.1/plugins/com.st.stm32cube.ide.mcu.externaltools.gnu-tools-for-stm32.10.3-2021.10.linux64_1.0.0.202111181127/tools/bin/../lib/gcc/arm-none-eabi/10.3.1/../../../../arm-none-eabi/lib/thumb/v7e-m+fp/hard/libc_nano.a(lib_a-exit.o)
                              /home/valery/st/stm32cubeide_1.10.1/plugins/com.st.stm32cube.ide.mcu.externaltools.gnu-tools-for-stm32.10.3-2021.10.linux64_1.0.0.202111181127/tools/bin/../lib/gcc/arm-none-eabi/10.3.1/../../../../arm-none-eabi/lib/thumb/v7e-m+fp/hard/crt0.o (exit)
/home/valery/st/stm32cubeide_1.10.1/plugins/com.st.stm32cube.ide.mcu.externaltools.gnu-tools-for-stm32.10.3-2021.10.linux64_1.0.0.202111181127/tools/bin/../lib/gcc/arm-none-eabi/10.3.1/../../../../arm-none-eabi/lib/thumb/v7e-m+fp/hard/libc_nano.a(lib_a-impure.o)
                              /home/valery/st/stm32cubeide_1.10.1/plugins/com.st.stm32cube.ide.mcu.externaltools.gnu-tools-for-stm32.10.3-2021.10.linux64_1.0.0.202111181127/tools/bin/../lib/gcc/arm-none-eabi/10.3.1/../../../../arm-none-eabi/lib/thumb/v7e-m+fp/hard/libc_nano.a(lib_a-exit.o) (_global_impure_ptr)
/home/valery/st/stm32cubeide_1.10.1/plugins/com.st.stm32cube.ide.mcu.externaltools.gnu-tools-for-stm32.10.3-2021.10.linux64_1.0.0.202111181127/tools/bin/../lib/gcc/arm-none-eabi/10.3.1/../../../../arm-none-eabi/lib/thumb/v7e-m+fp/hard/libc_nano.a(lib_a-init.o)
                              /home/valery/st/stm32cubeide_1.10.1/plugins/com.st.stm32cube.ide.mcu.externaltools.gnu-tools-for-stm32.10.3-2021.10.linux64_1.0.0.202111181127/tools/bin/../lib/gcc/arm-none-eabi/10.3.1/../../../../arm-none-eabi/lib/thumb/v7e-m+fp/hard/crt0.o (__libc_init_array)
[...]
Memory Configuration

Name             Origin             Length             Attributes
CCMRAM           0x0000000010000000 0x0000000000010000 xrw
RAM              0x0000000020000000 0x0000000000020000 xrw
FLASH            0x0000000008000000 0x0000000000100000 xr
*default*        0x0000000000000000 0xffffffffffffffff

Linker script and memory map

LOAD /home/valery/st/stm32cubeide_1.10.1/plugins/com.st.stm32cube.ide.mcu.externaltools.gnu-tools-for-stm32.10.3-2021.10.linux64_1.0.0.202111181127/tools/bin/../lib/gcc/arm-none-eabi/10.3.1/thumb/v7e-m+fp/hard/crti.o
LOAD /home/valery/st/stm32cubeide_1.10.1/plugins/com.st.stm32cube.ide.mcu.externaltools.gnu-tools-for-stm32.10.3-2021.10.linux64_1.0.0.202111181127/tools/bin/../lib/gcc/arm-none-eabi/10.3.1/thumb/v7e-m+fp/hard/crtbegin.o
LOAD /home/valery/st/stm32cubeide_1.10.1/plugins/com.st.stm32cube.ide.mcu.externaltools.gnu-tools-for-stm32.10.3-2021.10.linux64_1.0.0.202111181127/tools/bin/../lib/gcc/arm-none-eabi/10.3.1/../../../../arm-none-eabi/lib/thumb/v7e-m+fp/hard/crt0.o
LOAD ./Core/Inc/duration.o
LOAD ./Core/Inc/time.o
LOAD ./Core/Src/main.o
LOAD ./Core/Src/stm32f4xx_hal_msp.o
LOAD ./Core/Src/stm32f4xx_it.o
LOAD ./Core/Src/syscalls.o
LOAD ./Core/Src/sysmem.o
LOAD ./Core/Src/system_stm32f4xx.o
LOAD ./Core/Startup/startup_stm32f407vgtx.o
LOAD ./Drivers/STM32F4xx_HAL_Driver/Src/stm32f4xx_hal.o
LOAD ./Drivers/STM32F4xx_HAL_Driver/Src/stm32f4xx_hal_cortex.o
LOAD ./Drivers/STM32F4xx_HAL_Driver/Src/stm32f4xx_hal_dma.o
LOAD ./Drivers/STM32F4xx_HAL_Driver/Src/stm32f4xx_hal_dma_ex.o
LOAD ./Drivers/STM32F4xx_HAL_Driver/Src/stm32f4xx_hal_exti.o
LOAD ./Drivers/STM32F4xx_HAL_Driver/Src/stm32f4xx_hal_flash.o
LOAD ./Drivers/STM32F4xx_HAL_Driver/Src/stm32f4xx_hal_flash_ex.o
LOAD ./Drivers/STM32F4xx_HAL_Driver/Src/stm32f4xx_hal_flash_ramfunc.o
LOAD ./Drivers/STM32F4xx_HAL_Driver/Src/stm32f4xx_hal_gpio.o
LOAD ./Drivers/STM32F4xx_HAL_Driver/Src/stm32f4xx_hal_pwr.o
LOAD ./Drivers/STM32F4xx_HAL_Driver/Src/stm32f4xx_hal_pwr_ex.o
LOAD ./Drivers/STM32F4xx_HAL_Driver/Src/stm32f4xx_hal_rcc.o
LOAD ./Drivers/STM32F4xx_HAL_Driver/Src/stm32f4xx_hal_rcc_ex.o
LOAD ./Drivers/STM32F4xx_HAL_Driver/Src/stm32f4xx_hal_tim.o
LOAD ./Drivers/STM32F4xx_HAL_Driver/Src/stm32f4xx_hal_tim_ex.o
LOAD ./Drivers/STM32F4xx_HAL_Driver/Src/stm32f4xx_hal_uart.o
START GROUP
LOAD /home/valery/st/stm32cubeide_1.10.1/plugins/com.st.stm32cube.ide.mcu.externaltools.gnu-tools-for-stm32.10.3-2021.10.linux64_1.0.0.202111181127/tools/bin/../lib/gcc/arm-none-eabi/10.3.1/../../../../arm-none-eabi/lib/thumb/v7e-m+fp/hard/libstdc++_nano.a
LOAD /home/valery/st/stm32cubeide_1.10.1/plugins/com.st.stm32cube.ide.mcu.externaltools.gnu-tools-for-stm32.10.3-2021.10.linux64_1.0.0.202111181127/tools/bin/../lib/gcc/arm-none-eabi/10.3.1/../../../../arm-none-eabi/lib/thumb/v7e-m+fp/hard/libsupc++_nano.a
END GROUP
LOAD /home/valery/st/stm32cubeide_1.10.1/plugins/com.st.stm32cube.ide.mcu.externaltools.gnu-tools-for-stm32.10.3-2021.10.linux64_1.0.0.202111181127/tools/bin/../lib/gcc/arm-none-eabi/10.3.1/../../../../arm-none-eabi/lib/thumb/v7e-m+fp/hard/libstdc++_nano.a
LOAD /home/valery/st/stm32cubeide_1.10.1/plugins/com.st.stm32cube.ide.mcu.externaltools.gnu-tools-for-stm32.10.3-2021.10.linux64_1.0.0.202111181127/tools/bin/../lib/gcc/arm-none-eabi/10.3.1/../../../../arm-none-eabi/lib/thumb/v7e-m+fp/hard/libm.a
LOAD /home/valery/st/stm32cubeide_1.10.1/plugins/com.st.stm32cube.ide.mcu.externaltools.gnu-tools-for-stm32.10.3-2021.10.linux64_1.0.0.202111181127/tools/bin/../lib/gcc/arm-none-eabi/10.3.1/../../../../arm-none-eabi/lib/thumb/v7e-m+fp/hard/libc_nano.a
START GROUP
LOAD /home/valery/st/stm32cubeide_1.10.1/plugins/com.st.stm32cube.ide.mcu.externaltools.gnu-tools-for-stm32.10.3-2021.10.linux64_1.0.0.202111181127/tools/bin/../lib/gcc/arm-none-eabi/10.3.1/thumb/v7e-m+fp/hard/libgcc.a
LOAD /home/valery/st/stm32cubeide_1.10.1/plugins/com.st.stm32cube.ide.mcu.externaltools.gnu-tools-for-stm32.10.3-2021.10.linux64_1.0.0.202111181127/tools/bin/../lib/gcc/arm-none-eabi/10.3.1/../../../../arm-none-eabi/lib/thumb/v7e-m+fp/hard/libc_nano.a
END GROUP
START GROUP
LOAD /home/valery/st/stm32cubeide_1.10.1/plugins/com.st.stm32cube.ide.mcu.externaltools.gnu-tools-for-stm32.10.3-2021.10.linux64_1.0.0.202111181127/tools/bin/../lib/gcc/arm-none-eabi/10.3.1/thumb/v7e-m+fp/hard/libgcc.a
LOAD /home/valery/st/stm32cubeide_1.10.1/plugins/com.st.stm32cube.ide.mcu.externaltools.gnu-tools-for-stm32.10.3-2021.10.linux64_1.0.0.202111181127/tools/bin/../lib/gcc/arm-none-eabi/10.3.1/../../../../arm-none-eabi/lib/thumb/v7e-m+fp/hard/libc_nano.a
LOAD /home/valery/st/stm32cubeide_1.10.1/plugins/com.st.stm32cube.ide.mcu.externaltools.gnu-tools-for-stm32.10.3-2021.10.linux64_1.0.0.202111181127/tools/bin/../lib/gcc/arm-none-eabi/10.3.1/../../../../arm-none-eabi/lib/thumb/v7e-m+fp/hard/libnosys.a
END GROUP
START GROUP
LOAD /home/valery/st/stm32cubeide_1.10.1/plugins/com.st.stm32cube.ide.mcu.externaltools.gnu-tools-for-stm32.10.3-2021.10.linux64_1.0.0.202111181127/tools/bin/../lib/gcc/arm-none-eabi/10.3.1/thumb/v7e-m+fp/hard/libgcc.a
LOAD /home/valery/st/stm32cubeide_1.10.1/plugins/com.st.stm32cube.ide.mcu.externaltools.gnu-tools-for-stm32.10.3-2021.10.linux64_1.0.0.202111181127/tools/bin/../lib/gcc/arm-none-eabi/10.3.1/../../../../arm-none-eabi/lib/thumb/v7e-m+fp/hard/libc_nano.a
LOAD /home/valery/st/stm32cubeide_1.10.1/plugins/com.st.stm32cube.ide.mcu.externaltools.gnu-tools-for-stm32.10.3-2021.10.linux64_1.0.0.202111181127/tools/bin/../lib/gcc/arm-none-eabi/10.3.1/../../../../arm-none-eabi/lib/thumb/v7e-m+fp/hard/libnosys.a
END GROUP
LOAD /home/valery/st/stm32cubeide_1.10.1/plugins/com.st.stm32cube.ide.mcu.externaltools.gnu-tools-for-stm32.10.3-2021.10.linux64_1.0.0.202111181127/tools/bin/../lib/gcc/arm-none-eabi/10.3.1/thumb/v7e-m+fp/hard/crtend.o
LOAD /home/valery/st/stm32cubeide_1.10.1/plugins/com.st.stm32cube.ide.mcu.externaltools.gnu-tools-for-stm32.10.3-2021.10.linux64_1.0.0.202111181127/tools/bin/../lib/gcc/arm-none-eabi/10.3.1/thumb/v7e-m+fp/hard/crtn.o
                0x0000000020020000                _estack = (ORIGIN (RAM) + LENGTH (RAM))
                0x0000000000000200                _Min_Heap_Size = 0x200
                0x0000000000000400                _Min_Stack_Size = 0x400

.isr_vector     0x0000000008000000      0x188
                0x0000000008000000                . = ALIGN (0x4)
 *(.isr_vector)
 .isr_vector    0x0000000008000000      0x188 ./Core/Startup/startup_stm32f407vgtx.o
                0x0000000008000000                g_pfnVectors
                0x0000000008000188                . = ALIGN (0x4)

.text           0x0000000008000188     0x5700
                0x0000000008000188                . = ALIGN (0x4)
 *(.text)
 .text          0x0000000008000188       0x40 /home/valery/st/stm32cubeide_1.10.1/plugins/com.st.stm32cube.ide.mcu.externaltools.gnu-tools-for-stm32.10.3-2021.10.linux64_1.0.0.202111181127/tools/bin/../lib/gcc/arm-none-eabi/10.3.1/thumb/v7e-m+fp/hard/crtbegin.o
 .text          0x00000000080001c8       0x10 /home/valery/st/stm32cubeide_1.10.1/plugins/com.st.stm32cube.ide.mcu.externaltools.gnu-tools-for-stm32.10.3-2021.10.linux64_1.0.0.202111181127/tools/bin/../lib/gcc/arm-none-eabi/10.3.1/../../../../arm-none-eabi/lib/thumb/v7e-m+fp/hard/libc_nano.a(lib_a-strlen.o)
                0x00000000080001c8                strlen
 .text          0x00000000080001d8       0x30 /home/valery/st/stm32cubeide_1.10.1/plugins/com.st.stm32cube.ide.mcu.externaltools.gnu-tools-for-stm32.10.3-2021.10.linux64_1.0.0.202111181127/tools/bin/../lib/gcc/arm-none-eabi/10.3.1/thumb/v7e-m+fp/hard/libgcc.a(_aeabi_uldivmod.o)
                0x00000000080001d8                __aeabi_uldivmod
 .text          0x0000000008000208      0x2d0 /home/valery/st/stm32cubeide_1.10.1/plugins/com.st.stm32cube.ide.mcu.externaltools.gnu-tools-for-stm32.10.3-2021.10.linux64_1.0.0.202111181127/tools/bin/../lib/gcc/arm-none-eabi/10.3.1/thumb/v7e-m+fp/hard/libgcc.a(_udivmoddi4.o)
                0x0000000008000208                __udivmoddi4
 .text          0x00000000080004d8        0x4 /home/valery/st/stm32cubeide_1.10.1/plugins/com.st.stm32cube.ide.mcu.externaltools.gnu-tools-for-stm32.10.3-2021.10.linux64_1.0.0.202111181127/tools/bin/../lib/gcc/arm-none-eabi/10.3.1/thumb/v7e-m+fp/hard/libgcc.a(_dvmd_tls.o)
                0x00000000080004d8                __aeabi_ldiv0
                0x00000000080004d8                __aeabi_idiv0
 *(.text*)
 .text._ZN3ros16normalizeSecNSecERmS0_
                0x00000000080004dc       0x58 ./Core/Inc/time.o
                0x00000000080004dc                ros::normalizeSecNSec(unsigned long&, unsigned long&)
 .text._ZN3ros4TimeC2Ev
                0x0000000008000534       0x22 ./Core/Src/main.o
                0x0000000008000534                ros::Time::Time()
                0x0000000008000534                ros::Time::Time()
 *fill*         0x0000000008000556        0x2 
 .text._ZN3ros3MsgC2Ev
                0x0000000008000558       0x20 ./Core/Src/main.o
                0x0000000008000558                ros::Msg::Msg()
                0x0000000008000558                ros::Msg::Msg()
 .text._ZN8std_msgs4TimeC2Ev
                0x0000000008000578       0x30 ./Core/Src/main.o
                0x0000000008000578                std_msgs::Time::Time()
                0x0000000008000578                std_msgs::Time::Time()
 .text._ZNK8std_msgs4Time9serializeEPh
                0x00000000080005a8       0xb0 ./Core/Src/main.o
                0x00000000080005a8                std_msgs::Time::serialize(unsigned char*) const
 .text._ZN8std_msgs4Time11deserializeEPh
                0x0000000008000658       0xc8 ./Core/Src/main.o
                0x0000000008000658                std_msgs::Time::deserialize(unsigned char*)
 .text._ZN8std_msgs4Time7getTypeEv
                0x0000000008000720       0x1c ./Core/Src/main.o
                0x0000000008000720                std_msgs::Time::getType()
 .text._ZN8std_msgs4Time6getMD5Ev
                0x000000000800073c       0x1c ./Core/Src/main.o
                0x000000000800073c                std_msgs::Time::getMD5()
 .text._ZN14rosserial_msgs9TopicInfoC2Ev
                0x0000000008000758       0x48 ./Core/Src/main.o
                0x0000000008000758                rosserial_msgs::TopicInfo::TopicInfo()
                0x0000000008000758                rosserial_msgs::TopicInfo::TopicInfo()
 .text._ZNK14rosserial_msgs9TopicInfo9serializeEPh
                0x00000000080007a0      0x136 ./Core/Src/main.o
                0x00000000080007a0                rosserial_msgs::TopicInfo::serialize(unsigned char*) const
 .text._ZN14rosserial_msgs9TopicInfo11deserializeEPh
                0x00000000080008d6      0x1d0 ./Core/Src/main.o
                0x00000000080008d6                rosserial_msgs::TopicInfo::deserialize(unsigned char*)
 *fill*         0x0000000008000aa6        0x2 
 .text._ZN14rosserial_msgs9TopicInfo7getTypeEv
                0x0000000008000aa8       0x1c ./Core/Src/main.o
                0x0000000008000aa8                rosserial_msgs::TopicInfo::getType()
 .text._ZN14rosserial_msgs9TopicInfo6getMD5Ev
                0x0000000008000ac4       0x1c ./Core/Src/main.o
                0x0000000008000ac4                rosserial_msgs::TopicInfo::getMD5()
 .text._ZN14rosserial_msgs3LogC2Ev
                0x0000000008000ae0       0x34 ./Core/Src/main.o
                0x0000000008000ae0                rosserial_msgs::Log::Log()
                0x0000000008000ae0                rosserial_msgs::Log::Log()
 .text._ZNK14rosserial_msgs3Log9serializeEPh
                0x0000000008000b14       0x64 ./Core/Src/main.o
                0x0000000008000b14                rosserial_msgs::Log::serialize(unsigned char*) const
 .text._ZN14rosserial_msgs3Log11deserializeEPh
                0x0000000008000b78       0x90 ./Core/Src/main.o
                0x0000000008000b78                rosserial_msgs::Log::deserialize(unsigned char*)
 .text._ZN14rosserial_msgs3Log7getTypeEv
                0x0000000008000c08       0x1c ./Core/Src/main.o
                0x0000000008000c08                rosserial_msgs::Log::getType()
 .text._ZN14rosserial_msgs3Log6getMD5Ev
                0x0000000008000c24       0x1c ./Core/Src/main.o
                0x0000000008000c24                rosserial_msgs::Log::getMD5()
 .text._ZN14rosserial_msgs20RequestParamResponseC2Ev
                0x0000000008000c40       0x5c ./Core/Src/main.o
                0x0000000008000c40                rosserial_msgs::RequestParamResponse::RequestParamResponse()
                0x0000000008000c40                rosserial_msgs::RequestParamResponse::RequestParamResponse()
 .text._ZNK14rosserial_msgs20RequestParamResponse9serializeEPh
                0x0000000008000c9c      0x222 ./Core/Src/main.o
                0x0000000008000c9c                rosserial_msgs::RequestParamResponse::serialize(unsigned char*) const
 .text._ZN14rosserial_msgs20RequestParamResponse11deserializeEPh
                0x0000000008000ebe      0x2e2 ./Core/Src/main.o
                0x0000000008000ebe                rosserial_msgs::RequestParamResponse::deserialize(unsigned char*)
 .text._ZN14rosserial_msgs20RequestParamResponse7getTypeEv
                0x00000000080011a0       0x1c ./Core/Src/main.o
                0x00000000080011a0                rosserial_msgs::RequestParamResponse::getType()
 .text._ZN14rosserial_msgs20RequestParamResponse6getMD5Ev
                0x00000000080011bc       0x1c ./Core/Src/main.o
                0x00000000080011bc                rosserial_msgs::RequestParamResponse::getMD5()
 .text._ZN3ros9PublisherC2EPKcPNS_3MsgEi
                0x00000000080011d8       0x2e ./Core/Src/main.o
                0x00000000080011d8                ros::Publisher::Publisher(char const*, ros::Msg*, int)
                0x00000000080011d8                ros::Publisher::Publisher(char const*, ros::Msg*, int)
 .text._ZN3ros9Publisher7publishEPKNS_3MsgE
                0x0000000008001206       0x28 ./Core/Src/main.o
                0x0000000008001206                ros::Publisher::publish(ros::Msg const*)
 .text._ZN3ros9Publisher15getEndpointTypeEv
                0x000000000800122e       0x18 ./Core/Src/main.o
                0x000000000800122e                ros::Publisher::getEndpointType()
 .text._ZN13STM32Hardware10getRdmaIndEv
                0x0000000008001246       0x26 ./Core/Src/main.o
                0x0000000008001246                STM32Hardware::getRdmaInd()
 .text._ZN13STM32HardwareC2Ev
                0x000000000800126c       0x38 ./Core/Src/main.o
                0x000000000800126c                STM32Hardware::STM32Hardware()
                0x000000000800126c                STM32Hardware::STM32Hardware()
 .text._ZN13STM32Hardware4initEv
                0x00000000080012a4       0x16 ./Core/Src/main.o
                0x00000000080012a4                STM32Hardware::init()
 .text._ZN13STM32Hardware10reset_rbufEv
                0x00000000080012ba       0x22 ./Core/Src/main.o
                0x00000000080012ba                STM32Hardware::reset_rbuf()
 .text._ZN13STM32Hardware4readEv
                0x00000000080012dc       0x5a ./Core/Src/main.o
                0x00000000080012dc                STM32Hardware::read()
 *fill*         0x0000000008001336        0x2 
 .text._ZN13STM32Hardware5flushEv
                0x0000000008001338       0xbc ./Core/Src/main.o
                0x0000000008001338                STM32Hardware::flush()
 .text._ZN13STM32Hardware5writeEPhi
                0x00000000080013f4       0x8c ./Core/Src/main.o
                0x00000000080013f4                STM32Hardware::write(unsigned char*, int)
 .text._ZN13STM32Hardware4timeEv
                0x0000000008001480       0x16 ./Core/Src/main.o
                0x0000000008001480                STM32Hardware::time()
 *fill*         0x0000000008001496        0x2 
 .text._ZN8std_msgs6StringC2Ev
                0x0000000008001498       0x30 ./Core/Src/main.o
                0x0000000008001498                std_msgs::String::String()
                0x0000000008001498                std_msgs::String::String()
 .text._ZNK8std_msgs6String9serializeEPh
                0x00000000080014c8       0x52 ./Core/Src/main.o
                0x00000000080014c8                std_msgs::String::serialize(unsigned char*) const
 .text._ZN8std_msgs6String11deserializeEPh
                0x000000000800151a       0x7e ./Core/Src/main.o
                0x000000000800151a                std_msgs::String::deserialize(unsigned char*)
 .text._ZN8std_msgs6String7getTypeEv
                0x0000000008001598       0x1c ./Core/Src/main.o
                0x0000000008001598                std_msgs::String::getType()
 .text._ZN8std_msgs6String6getMD5Ev
                0x00000000080015b4       0x1c ./Core/Src/main.o
                0x00000000080015b4                std_msgs::String::getMD5()
 .text._ZN8std_msgs6UInt16C2Ev
                0x00000000080015d0       0x2c ./Core/Src/main.o
                0x00000000080015d0                std_msgs::UInt16::UInt16()
                0x00000000080015d0                std_msgs::UInt16::UInt16()
 .text._ZNK8std_msgs6UInt169serializeEPh
                0x00000000080015fc       0x44 ./Core/Src/main.o
                0x00000000080015fc                std_msgs::UInt16::serialize(unsigned char*) const
 .text._ZN8std_msgs6UInt1611deserializeEPh
                0x0000000008001640       0x4e ./Core/Src/main.o
                0x0000000008001640                std_msgs::UInt16::deserialize(unsigned char*)
 *fill*         0x000000000800168e        0x2 
 .text._ZN8std_msgs6UInt167getTypeEv
                0x0000000008001690       0x1c ./Core/Src/main.o
                0x0000000008001690                std_msgs::UInt16::getType()
 .text._ZN8std_msgs6UInt166getMD5Ev
                0x00000000080016ac       0x1c ./Core/Src/main.o
                0x00000000080016ac                std_msgs::UInt16::getMD5()
 .text._Z6led_cbRKN8std_msgs6UInt16E
                0x00000000080016c8       0x20 ./Core/Src/main.o
                0x00000000080016c8                led_cb(std_msgs::UInt16 const&)
 .text._ZN3ros15NodeHandleBase_C2Ev
                0x00000000080016e8       0x20 ./Core/Src/main.o
                0x00000000080016e8                ros::NodeHandleBase_::NodeHandleBase_()
                0x00000000080016e8                ros::NodeHandleBase_::NodeHandleBase_()
 .text._ZN3ros11NodeHandle_I13STM32HardwareLi25ELi25ELi512ELi512EEC2Ev
                0x0000000008001708       0xf0 ./Core/Src/main.o
                0x0000000008001708                ros::NodeHandle_<STM32Hardware, 25, 25, 512, 512>::NodeHandle_()
                0x0000000008001708                ros::NodeHandle_<STM32Hardware, 25, 25, 512, 512>::NodeHandle_()
 .text.main     0x00000000080017f8       0x9c ./Core/Src/main.o
                0x00000000080017f8                main
 .text._Z18SystemClock_Configv
                0x0000000008001894       0xe8 ./Core/Src/main.o
                0x0000000008001894                SystemClock_Config()
 .text._ZL13MX_UART4_Initv
                0x000000000800197c       0x5c ./Core/Src/main.o
 .text._ZL11MX_DMA_Initv
                0x00000000080019d8       0x50 ./Core/Src/main.o
 .text._ZL12MX_GPIO_Initv
                0x0000000008001a28       0x34 ./Core/Src/main.o
 .text.Error_Handler
                0x0000000008001a5c        0xa ./Core/Src/main.o
                0x0000000008001a5c                Error_Handler
 .text._ZN3ros3Msg8varToArrIPhmEEvT_T0_
                0x0000000008001a66       0x3c ./Core/Src/main.o
                0x0000000008001a66                void ros::Msg::varToArr<unsigned char*, unsigned long>(unsigned char*, unsigned long)
 .text._ZN3ros3Msg8arrToVarImPhEEvRT_T0_
                0x0000000008001aa2       0x4a ./Core/Src/main.o
                0x0000000008001aa2                void ros::Msg::arrToVar<unsigned long, unsigned char*>(unsigned long&, unsigned char*)
 .text._ZN3ros11Subscriber_C2Ev
                0x0000000008001aec       0x20 ./Core/Src/main.o
                0x0000000008001aec                ros::Subscriber_::Subscriber_()
                0x0000000008001aec                ros::Subscriber_::Subscriber_()
 .text._ZN3ros10SubscriberIN8std_msgs6UInt16EvEC2EPKcPFvRKS2_Ei
                0x0000000008001b0c       0x48 ./Core/Src/main.o
                0x0000000008001b0c                ros::Subscriber<std_msgs::UInt16, void>::Subscriber(char const*, void (*)(std_msgs::UInt16 const&), int)
                0x0000000008001b0c                ros::Subscriber<std_msgs::UInt16, void>::Subscriber(char const*, void (*)(std_msgs::UInt16 const&), int)
 .text._ZN3ros11NodeHandle_I13STM32HardwareLi25ELi25ELi512ELi512EE8initNodeEv
                0x0000000008001b54       0x3a ./Core/Src/main.o
                0x0000000008001b54                ros::NodeHandle_<STM32Hardware, 25, 25, 512, 512>::initNode()
 .text._ZN3ros11NodeHandle_I13STM32HardwareLi25ELi25ELi512ELi512EE9advertiseERNS_9PublisherE
                0x0000000008001b8e       0x60 ./Core/Src/main.o
                0x0000000008001b8e                ros::NodeHandle_<STM32Hardware, 25, 25, 512, 512>::advertise(ros::Publisher&)
 .text._ZN3ros11NodeHandle_I13STM32HardwareLi25ELi25ELi512ELi512EE9subscribeERNS_11Subscriber_E
                0x0000000008001bee       0x56 ./Core/Src/main.o
                0x0000000008001bee                ros::NodeHandle_<STM32Hardware, 25, 25, 512, 512>::subscribe(ros::Subscriber_&)
 .text._ZN3ros11NodeHandle_I13STM32HardwareLi25ELi25ELi512ELi512EE9connectedEv
                0x0000000008001c44       0x1a ./Core/Src/main.o
                0x0000000008001c44                ros::NodeHandle_<STM32Hardware, 25, 25, 512, 512>::connected()
 .text._ZN3ros11NodeHandle_I13STM32HardwareLi25ELi25ELi512ELi512EE8spinOnceEv
                0x0000000008001c5e      0x3dc ./Core/Src/main.o
                0x0000000008001c5e                ros::NodeHandle_<STM32Hardware, 25, 25, 512, 512>::spinOnce()
 .text._ZN3ros11NodeHandle_I13STM32HardwareLi25ELi25ELi512ELi512EE15requestSyncTimeEv
                0x000000000800203a       0x3c ./Core/Src/main.o
                0x000000000800203a                ros::NodeHandle_<STM32Hardware, 25, 25, 512, 512>::requestSyncTime()
 .text._ZN3ros11NodeHandle_I13STM32HardwareLi25ELi25ELi512ELi512EE15negotiateTopicsEv
                0x0000000008002076      0x1be ./Core/Src/main.o
                0x0000000008002076                ros::NodeHandle_<STM32Hardware, 25, 25, 512, 512>::negotiateTopics()
 .text._ZN3ros11NodeHandle_I13STM32HardwareLi25ELi25ELi512ELi512EE8syncTimeEPh
                0x0000000008002234       0x98 ./Core/Src/main.o
                0x0000000008002234                ros::NodeHandle_<STM32Hardware, 25, 25, 512, 512>::syncTime(unsigned char*)
 .text._ZN3ros11NodeHandle_I13STM32HardwareLi25ELi25ELi512ELi512EE7publishEiPKNS_3MsgE
                0x00000000080022cc      0x128 ./Core/Src/main.o
                0x00000000080022cc                ros::NodeHandle_<STM32Hardware, 25, 25, 512, 512>::publish(int, ros::Msg const*)
 .text._ZN3ros11NodeHandle_I13STM32HardwareLi25ELi25ELi512ELi512EE6setNowERKNS_4TimeE
                0x00000000080023f4       0x80 ./Core/Src/main.o
                0x00000000080023f4                ros::NodeHandle_<STM32Hardware, 25, 25, 512, 512>::setNow(ros::Time const&)
 .text._ZN3ros11NodeHandle_I13STM32HardwareLi25ELi25ELi512ELi512EE8logerrorEPKc
                0x0000000008002474       0x1c ./Core/Src/main.o
                0x0000000008002474                ros::NodeHandle_<STM32Hardware, 25, 25, 512, 512>::logerror(char const*)
 .text._ZN3ros11NodeHandle_I13STM32HardwareLi25ELi25ELi512ELi512EE3logEcPKc
                0x0000000008002490       0x38 ./Core/Src/main.o
                0x0000000008002490                ros::NodeHandle_<STM32Hardware, 25, 25, 512, 512>::log(char, char const*)
 .text._Z41__static_initialization_and_destruction_0ii
                0x00000000080024c8       0x64 ./Core/Src/main.o
 .text._ZN3ros10SubscriberIN8std_msgs6UInt16EvE8callbackEPh
                0x000000000800252c       0x2a ./Core/Src/main.o
                0x000000000800252c                ros::Subscriber<std_msgs::UInt16, void>::callback(unsigned char*)
 .text._ZN3ros10SubscriberIN8std_msgs6UInt16EvE15getEndpointTypeEv
                0x0000000008002556       0x18 ./Core/Src/main.o
                0x0000000008002556                ros::Subscriber<std_msgs::UInt16, void>::getEndpointType()
 .text._ZN3ros10SubscriberIN8std_msgs6UInt16EvE10getMsgTypeEv
                0x000000000800256e       0x1c ./Core/Src/main.o
                0x000000000800256e                ros::Subscriber<std_msgs::UInt16, void>::getMsgType()
 .text._ZN3ros10SubscriberIN8std_msgs6UInt16EvE9getMsgMD5Ev
                0x000000000800258a       0x1c ./Core/Src/main.o
                0x000000000800258a                ros::Subscriber<std_msgs::UInt16, void>::getMsgMD5()
 .text._GLOBAL__sub_I_huart4
                0x00000000080025a6       0x10 ./Core/Src/main.o
 *fill*         0x00000000080025b6        0x2 
 .text.HAL_MspInit
                0x00000000080025b8       0x50 ./Core/Src/stm32f4xx_hal_msp.o
                0x00000000080025b8                HAL_MspInit
 .text.HAL_UART_MspInit
                0x0000000008002608      0x16c ./Core/Src/stm32f4xx_hal_msp.o
                0x0000000008002608                HAL_UART_MspInit
 .text.NMI_Handler
                0x0000000008002774        0x6 ./Core/Src/stm32f4xx_it.o
                0x0000000008002774                NMI_Handler
 .text.HardFault_Handler
                0x000000000800277a        0x6 ./Core/Src/stm32f4xx_it.o
                0x000000000800277a                HardFault_Handler
 .text.MemManage_Handler
                0x0000000008002780        0x6 ./Core/Src/stm32f4xx_it.o
                0x0000000008002780                MemManage_Handler
 .text.BusFault_Handler
                0x0000000008002786        0x6 ./Core/Src/stm32f4xx_it.o
                0x0000000008002786                BusFault_Handler
 .text.UsageFault_Handler
                0x000000000800278c        0x6 ./Core/Src/stm32f4xx_it.o
                0x000000000800278c                UsageFault_Handler
 .text.SVC_Handler
                0x0000000008002792        0xe ./Core/Src/stm32f4xx_it.o
                0x0000000008002792                SVC_Handler
 .text.DebugMon_Handler
                0x00000000080027a0        0xe ./Core/Src/stm32f4xx_it.o
                0x00000000080027a0                DebugMon_Handler
 .text.PendSV_Handler
                0x00000000080027ae        0xe ./Core/Src/stm32f4xx_it.o
                0x00000000080027ae                PendSV_Handler
 .text.SysTick_Handler
                0x00000000080027bc        0xc ./Core/Src/stm32f4xx_it.o
                0x00000000080027bc                SysTick_Handler
 .text.DMA1_Stream2_IRQHandler
                0x00000000080027c8       0x14 ./Core/Src/stm32f4xx_it.o
                0x00000000080027c8                DMA1_Stream2_IRQHandler
 .text.DMA1_Stream4_IRQHandler
                0x00000000080027dc       0x14 ./Core/Src/stm32f4xx_it.o
                0x00000000080027dc                DMA1_Stream4_IRQHandler
 .text.UART4_IRQHandler
                0x00000000080027f0       0x14 ./Core/Src/stm32f4xx_it.o
                0x00000000080027f0                UART4_IRQHandler
 .text._getpid  0x0000000008002804       0x10 ./Core/Src/syscalls.o
                0x0000000008002804                _getpid
 .text._kill    0x0000000008002814       0x20 ./Core/Src/syscalls.o
                0x0000000008002814                _kill
 .text._exit    0x0000000008002834       0x14 ./Core/Src/syscalls.o
                0x0000000008002834                _exit
 .text._sbrk    0x0000000008002848       0x6c ./Core/Src/sysmem.o
                0x0000000008002848                _sbrk
 .text.SystemInit
                0x00000000080028b4       0x24 ./Core/Src/system_stm32f4xx.o
                0x00000000080028b4                SystemInit
 .text.Reset_Handler
                0x00000000080028d8       0x50 ./Core/Startup/startup_stm32f407vgtx.o
                0x00000000080028d8                Reset_Handler
 .text.Default_Handler
                0x0000000008002928        0x2 ./Core/Startup/startup_stm32f407vgtx.o
                0x0000000008002928                RTC_Alarm_IRQHandler
                0x0000000008002928                HASH_RNG_IRQHandler
                0x0000000008002928                EXTI2_IRQHandler
                0x0000000008002928                TIM8_CC_IRQHandler
                0x0000000008002928                TIM1_CC_IRQHandler
                0x0000000008002928                DMA2_Stream5_IRQHandler
                0x0000000008002928                DMA1_Stream5_IRQHandler
                0x0000000008002928                PVD_IRQHandler
                0x0000000008002928                SDIO_IRQHandler
                0x0000000008002928                TAMP_STAMP_IRQHandler
                0x0000000008002928                CAN2_RX1_IRQHandler
                0x0000000008002928                EXTI3_IRQHandler
                0x0000000008002928                TIM8_TRG_COM_TIM14_IRQHandler
                0x0000000008002928                TIM1_UP_TIM10_IRQHandler
                0x0000000008002928                TIM8_UP_TIM13_IRQHandler
                0x0000000008002928                I2C3_ER_IRQHandler
                0x0000000008002928                EXTI0_IRQHandler
                0x0000000008002928                I2C2_EV_IRQHandler
                0x0000000008002928                CAN1_RX0_IRQHandler
                0x0000000008002928                FPU_IRQHandler
                0x0000000008002928                OTG_HS_WKUP_IRQHandler
                0x0000000008002928                CAN2_SCE_IRQHandler
                0x0000000008002928                DMA2_Stream2_IRQHandler
                0x0000000008002928                SPI1_IRQHandler
                0x0000000008002928                TIM6_DAC_IRQHandler
                0x0000000008002928                TIM1_BRK_TIM9_IRQHandler
                0x0000000008002928                DCMI_IRQHandler
                0x0000000008002928                CAN2_RX0_IRQHandler
                0x0000000008002928                DMA2_Stream3_IRQHandler
                0x0000000008002928                USART6_IRQHandler
                0x0000000008002928                USART3_IRQHandler
                0x0000000008002928                CAN1_RX1_IRQHandler
                0x0000000008002928                UART5_IRQHandler
                0x0000000008002928                DMA2_Stream0_IRQHandler
                0x0000000008002928                TIM4_IRQHandler
                0x0000000008002928                I2C1_EV_IRQHandler
                0x0000000008002928                DMA1_Stream6_IRQHandler
                0x0000000008002928                DMA1_Stream1_IRQHandler
                0x0000000008002928                TIM3_IRQHandler
                0x0000000008002928                RCC_IRQHandler
                0x0000000008002928                TIM8_BRK_TIM12_IRQHandler
                0x0000000008002928                Default_Handler
                0x0000000008002928                EXTI15_10_IRQHandler
                0x0000000008002928                ADC_IRQHandler
                0x0000000008002928                DMA1_Stream7_IRQHandler
                0x0000000008002928                TIM7_IRQHandler
                0x0000000008002928                CAN2_TX_IRQHandler
                0x0000000008002928                TIM5_IRQHandler
                0x0000000008002928                DMA2_Stream7_IRQHandler
                0x0000000008002928                I2C3_EV_IRQHandler
                0x0000000008002928                EXTI9_5_IRQHandler
                0x0000000008002928                RTC_WKUP_IRQHandler
                0x0000000008002928                ETH_WKUP_IRQHandler
                0x0000000008002928                SPI2_IRQHandler
                0x0000000008002928                OTG_HS_EP1_IN_IRQHandler
                0x0000000008002928                DMA1_Stream0_IRQHandler
                0x0000000008002928                CAN1_TX_IRQHandler
                0x0000000008002928                EXTI4_IRQHandler
                0x0000000008002928                FSMC_IRQHandler
                0x0000000008002928                ETH_IRQHandler
                0x0000000008002928                OTG_HS_EP1_OUT_IRQHandler
                0x0000000008002928                WWDG_IRQHandler
                0x0000000008002928                TIM2_IRQHandler
                0x0000000008002928                OTG_FS_WKUP_IRQHandler
                0x0000000008002928                TIM1_TRG_COM_TIM11_IRQHandler
                0x0000000008002928                OTG_HS_IRQHandler
                0x0000000008002928                EXTI1_IRQHandler
                0x0000000008002928                USART2_IRQHandler
                0x0000000008002928                I2C2_ER_IRQHandler
                0x0000000008002928                DMA2_Stream1_IRQHandler
                0x0000000008002928                CAN1_SCE_IRQHandler
                0x0000000008002928                FLASH_IRQHandler
                0x0000000008002928                DMA2_Stream4_IRQHandler
                0x0000000008002928                USART1_IRQHandler
                0x0000000008002928                OTG_FS_IRQHandler
                0x0000000008002928                SPI3_IRQHandler
                0x0000000008002928                I2C1_ER_IRQHandler
                0x0000000008002928                DMA2_Stream6_IRQHandler
                0x0000000008002928                DMA1_Stream3_IRQHandler
 *fill*         0x000000000800292a        0x2 
 .text.HAL_Init
                0x000000000800292c       0x44 ./Drivers/STM32F4xx_HAL_Driver/Src/stm32f4xx_hal.o
                0x000000000800292c                HAL_Init
 .text.HAL_InitTick
                0x0000000008002970       0x60 ./Drivers/STM32F4xx_HAL_Driver/Src/stm32f4xx_hal.o
                0x0000000008002970                HAL_InitTick
 .text.HAL_IncTick
                0x00000000080029d0       0x28 ./Drivers/STM32F4xx_HAL_Driver/Src/stm32f4xx_hal.o
                0x00000000080029d0                HAL_IncTick
 .text.HAL_GetTick
                0x00000000080029f8       0x18 ./Drivers/STM32F4xx_HAL_Driver/Src/stm32f4xx_hal.o
                0x00000000080029f8                HAL_GetTick
 .text.__NVIC_SetPriorityGrouping
                0x0000000008002a10       0x48 ./Drivers/STM32F4xx_HAL_Driver/Src/stm32f4xx_hal_cortex.o
 .text.__NVIC_GetPriorityGrouping
                0x0000000008002a58       0x1c ./Drivers/STM32F4xx_HAL_Driver/Src/stm32f4xx_hal_cortex.o
 .text.__NVIC_EnableIRQ
                0x0000000008002a74       0x3c ./Drivers/STM32F4xx_HAL_Driver/Src/stm32f4xx_hal_cortex.o
 .text.__NVIC_SetPriority
                0x0000000008002ab0       0x54 ./Drivers/STM32F4xx_HAL_Driver/Src/stm32f4xx_hal_cortex.o
 .text.NVIC_EncodePriority
                0x0000000008002b04       0x66 ./Drivers/STM32F4xx_HAL_Driver/Src/stm32f4xx_hal_cortex.o
 *fill*         0x0000000008002b6a        0x2 
 .text.SysTick_Config
                0x0000000008002b6c       0x44 ./Drivers/STM32F4xx_HAL_Driver/Src/stm32f4xx_hal_cortex.o
 .text.HAL_NVIC_SetPriorityGrouping
                0x0000000008002bb0       0x16 ./Drivers/STM32F4xx_HAL_Driver/Src/stm32f4xx_hal_cortex.o
                0x0000000008002bb0                HAL_NVIC_SetPriorityGrouping
 .text.HAL_NVIC_SetPriority
                0x0000000008002bc6       0x38 ./Drivers/STM32F4xx_HAL_Driver/Src/stm32f4xx_hal_cortex.o
                0x0000000008002bc6                HAL_NVIC_SetPriority
 .text.HAL_NVIC_EnableIRQ
                0x0000000008002bfe       0x1c ./Drivers/STM32F4xx_HAL_Driver/Src/stm32f4xx_hal_cortex.o
                0x0000000008002bfe                HAL_NVIC_EnableIRQ
 .text.HAL_SYSTICK_Config
                0x0000000008002c1a       0x18 ./Drivers/STM32F4xx_HAL_Driver/Src/stm32f4xx_hal_cortex.o
                0x0000000008002c1a                HAL_SYSTICK_Config
 *fill*         0x0000000008002c32        0x2 
 .text.HAL_DMA_Init
                0x0000000008002c34      0x15c ./Drivers/STM32F4xx_HAL_Driver/Src/stm32f4xx_hal_dma.o
                0x0000000008002c34                HAL_DMA_Init
 .text.HAL_DMA_Start_IT
                0x0000000008002d90       0xb0 ./Drivers/STM32F4xx_HAL_Driver/Src/stm32f4xx_hal_dma.o
                0x0000000008002d90                HAL_DMA_Start_IT
 .text.HAL_DMA_Abort
                0x0000000008002e40       0xe0 ./Drivers/STM32F4xx_HAL_Driver/Src/stm32f4xx_hal_dma.o
                0x0000000008002e40                HAL_DMA_Abort
 .text.HAL_DMA_Abort_IT
                0x0000000008002f20       0x44 ./Drivers/STM32F4xx_HAL_Driver/Src/stm32f4xx_hal_dma.o
                0x0000000008002f20                HAL_DMA_Abort_IT
 .text.HAL_DMA_IRQHandler
                0x0000000008002f64      0x314 ./Drivers/STM32F4xx_HAL_Driver/Src/stm32f4xx_hal_dma.o
                0x0000000008002f64                HAL_DMA_IRQHandler
 .text.DMA_SetConfig
                0x0000000008003278       0x5c ./Drivers/STM32F4xx_HAL_Driver/Src/stm32f4xx_hal_dma.o
 .text.DMA_CalcBaseAndBitshift
                0x00000000080032d4       0x6c ./Drivers/STM32F4xx_HAL_Driver/Src/stm32f4xx_hal_dma.o
 .text.DMA_CheckFifoParam
                0x0000000008003340       0xf8 ./Drivers/STM32F4xx_HAL_Driver/Src/stm32f4xx_hal_dma.o
 .text.HAL_GPIO_Init
                0x0000000008003438      0x338 ./Drivers/STM32F4xx_HAL_Driver/Src/stm32f4xx_hal_gpio.o
                0x0000000008003438                HAL_GPIO_Init
 .text.HAL_GPIO_TogglePin
                0x0000000008003770       0x34 ./Drivers/STM32F4xx_HAL_Driver/Src/stm32f4xx_hal_gpio.o
                0x0000000008003770                HAL_GPIO_TogglePin
 .text.HAL_RCC_OscConfig
                0x00000000080037a4      0x4f0 ./Drivers/STM32F4xx_HAL_Driver/Src/stm32f4xx_hal_rcc.o
                0x00000000080037a4                HAL_RCC_OscConfig
 .text.HAL_RCC_ClockConfig
                0x0000000008003c94      0x1cc ./Drivers/STM32F4xx_HAL_Driver/Src/stm32f4xx_hal_rcc.o
                0x0000000008003c94                HAL_RCC_ClockConfig
 .text.HAL_RCC_GetSysClockFreq
                0x0000000008003e60      0x20c ./Drivers/STM32F4xx_HAL_Driver/Src/stm32f4xx_hal_rcc.o
                0x0000000008003e60                HAL_RCC_GetSysClockFreq
 .text.HAL_RCC_GetHCLKFreq
                0x000000000800406c       0x18 ./Drivers/STM32F4xx_HAL_Driver/Src/stm32f4xx_hal_rcc.o
                0x000000000800406c                HAL_RCC_GetHCLKFreq
 .text.HAL_RCC_GetPCLK1Freq
                0x0000000008004084       0x28 ./Drivers/STM32F4xx_HAL_Driver/Src/stm32f4xx_hal_rcc.o
                0x0000000008004084                HAL_RCC_GetPCLK1Freq
 .text.HAL_RCC_GetPCLK2Freq
                0x00000000080040ac       0x28 ./Drivers/STM32F4xx_HAL_Driver/Src/stm32f4xx_hal_rcc.o
                0x00000000080040ac                HAL_RCC_GetPCLK2Freq
 .text.HAL_UART_Init
                0x00000000080040d4       0x9a ./Drivers/STM32F4xx_HAL_Driver/Src/stm32f4xx_hal_uart.o
                0x00000000080040d4                HAL_UART_Init
 *fill*         0x000000000800416e        0x2 
 .text.HAL_UART_Transmit_DMA
                0x0000000008004170       0xfc ./Drivers/STM32F4xx_HAL_Driver/Src/stm32f4xx_hal_uart.o
                0x0000000008004170                HAL_UART_Transmit_DMA
 .text.HAL_UART_Receive_DMA
                0x000000000800426c       0x60 ./Drivers/STM32F4xx_HAL_Driver/Src/stm32f4xx_hal_uart.o
                0x000000000800426c                HAL_UART_Receive_DMA
 .text.HAL_UART_IRQHandler
                0x00000000080042cc      0x51c ./Drivers/STM32F4xx_HAL_Driver/Src/stm32f4xx_hal_uart.o
                0x00000000080042cc                HAL_UART_IRQHandler
 .text.HAL_UART_TxCpltCallback
                0x00000000080047e8       0x14 ./Drivers/STM32F4xx_HAL_Driver/Src/stm32f4xx_hal_uart.o
                0x00000000080047e8                HAL_UART_TxCpltCallback
 .text.HAL_UART_TxHalfCpltCallback
                0x00000000080047fc       0x14 ./Drivers/STM32F4xx_HAL_Driver/Src/stm32f4xx_hal_uart.o
                0x00000000080047fc                HAL_UART_TxHalfCpltCallback
 .text.HAL_UART_RxCpltCallback
                0x0000000008004810       0x14 ./Drivers/STM32F4xx_HAL_Driver/Src/stm32f4xx_hal_uart.o
                0x0000000008004810                HAL_UART_RxCpltCallback
 .text.HAL_UART_RxHalfCpltCallback
                0x0000000008004824       0x14 ./Drivers/STM32F4xx_HAL_Driver/Src/stm32f4xx_hal_uart.o
                0x0000000008004824                HAL_UART_RxHalfCpltCallback
 .text.HAL_UART_ErrorCallback
                0x0000000008004838       0x14 ./Drivers/STM32F4xx_HAL_Driver/Src/stm32f4xx_hal_uart.o
                0x0000000008004838                HAL_UART_ErrorCallback
 .text.HAL_UARTEx_RxEventCallback
                0x000000000800484c       0x18 ./Drivers/STM32F4xx_HAL_Driver/Src/stm32f4xx_hal_uart.o
                0x000000000800484c                HAL_UARTEx_RxEventCallback
 .text.UART_DMATransmitCplt
                0x0000000008004864       0x9a ./Drivers/STM32F4xx_HAL_Driver/Src/stm32f4xx_hal_uart.o
 .text.UART_DMATxHalfCplt
                0x00000000080048fe       0x1c ./Drivers/STM32F4xx_HAL_Driver/Src/stm32f4xx_hal_uart.o
 .text.UART_DMAReceiveCplt
                0x000000000800491a      0x126 ./Drivers/STM32F4xx_HAL_Driver/Src/stm32f4xx_hal_uart.o
 .text.UART_DMARxHalfCplt
                0x0000000008004a40       0x36 ./Drivers/STM32F4xx_HAL_Driver/Src/stm32f4xx_hal_uart.o
 .text.UART_DMAError
                0x0000000008004a76       0x94 ./Drivers/STM32F4xx_HAL_Driver/Src/stm32f4xx_hal_uart.o
 *fill*         0x0000000008004b0a        0x2 
 .text.UART_Start_Receive_DMA
                0x0000000008004b0c      0x13c ./Drivers/STM32F4xx_HAL_Driver/Src/stm32f4xx_hal_uart.o
                0x0000000008004b0c                UART_Start_Receive_DMA
 .text.UART_EndTxTransfer
                0x0000000008004c48       0x50 ./Drivers/STM32F4xx_HAL_Driver/Src/stm32f4xx_hal_uart.o
 .text.UART_EndRxTransfer
                0x0000000008004c98       0xc6 ./Drivers/STM32F4xx_HAL_Driver/Src/stm32f4xx_hal_uart.o
 .text.UART_DMAAbortOnError
                0x0000000008004d5e       0x28 ./Drivers/STM32F4xx_HAL_Driver/Src/stm32f4xx_hal_uart.o
 .text.UART_Transmit_IT
                0x0000000008004d86       0xa0 ./Drivers/STM32F4xx_HAL_Driver/Src/stm32f4xx_hal_uart.o
 .text.UART_EndTransmit_IT
                0x0000000008004e26       0x30 ./Drivers/STM32F4xx_HAL_Driver/Src/stm32f4xx_hal_uart.o
 .text.UART_Receive_IT
                0x0000000008004e56      0x176 ./Drivers/STM32F4xx_HAL_Driver/Src/stm32f4xx_hal_uart.o
 .text.UART_SetConfig
                0x0000000008004fcc      0x4e8 ./Drivers/STM32F4xx_HAL_Driver/Src/stm32f4xx_hal_uart.o
 .text.__cxa_pure_virtual
                0x00000000080054b4        0x6 /home/valery/st/stm32cubeide_1.10.1/plugins/com.st.stm32cube.ide.mcu.externaltools.gnu-tools-for-stm32.10.3-2021.10.linux64_1.0.0.202111181127/tools/bin/../lib/gcc/arm-none-eabi/10.3.1/../../../../arm-none-eabi/lib/thumb/v7e-m+fp/hard/libstdc++_nano.a(pure.o)
                0x00000000080054b4                __cxa_pure_virtual
 .text._ZN10__cxxabiv111__terminateEPFvvE
                0x00000000080054ba        0x8 /home/valery/st/stm32cubeide_1.10.1/plugins/com.st.stm32cube.ide.mcu.externaltools.gnu-tools-for-stm32.10.3-2021.10.linux64_1.0.0.202111181127/tools/bin/../lib/gcc/arm-none-eabi/10.3.1/../../../../arm-none-eabi/lib/thumb/v7e-m+fp/hard/libstdc++_nano.a(eh_terminate.o)
                0x00000000080054ba                __cxxabiv1::__terminate(void (*)())
 *fill*         0x00000000080054c2        0x2 
 .text._ZSt13get_terminatev
                0x00000000080054c4       0x10 /home/valery/st/stm32cubeide_1.10.1/plugins/com.st.stm32cube.ide.mcu.externaltools.gnu-tools-for-stm32.10.3-2021.10.linux64_1.0.0.202111181127/tools/bin/../lib/gcc/arm-none-eabi/10.3.1/../../../../arm-none-eabi/lib/thumb/v7e-m+fp/hard/libstdc++_nano.a(eh_terminate.o)
                0x00000000080054c4                std::get_terminate()
 .text._ZSt9terminatev
                0x00000000080054d4        0xa /home/valery/st/stm32cubeide_1.10.1/plugins/com.st.stm32cube.ide.mcu.externaltools.gnu-tools-for-stm32.10.3-2021.10.linux64_1.0.0.202111181127/tools/bin/../lib/gcc/arm-none-eabi/10.3.1/../../../../arm-none-eabi/lib/thumb/v7e-m+fp/hard/libstdc++_nano.a(eh_terminate.o)
                0x00000000080054d4                std::terminate()
 .text.abort    0x00000000080054de        0xe /home/valery/st/stm32cubeide_1.10.1/plugins/com.st.stm32cube.ide.mcu.externaltools.gnu-tools-for-stm32.10.3-2021.10.linux64_1.0.0.202111181127/tools/bin/../lib/gcc/arm-none-eabi/10.3.1/../../../../arm-none-eabi/lib/thumb/v7e-m+fp/hard/libc_nano.a(lib_a-abort.o)
                0x00000000080054de                abort
 .text.__errno  0x00000000080054ec        0xc /home/valery/st/stm32cubeide_1.10.1/plugins/com.st.stm32cube.ide.mcu.externaltools.gnu-tools-for-stm32.10.3-2021.10.linux64_1.0.0.202111181127/tools/bin/../lib/gcc/arm-none-eabi/10.3.1/../../../../arm-none-eabi/lib/thumb/v7e-m+fp/hard/libc_nano.a(lib_a-errno.o)
                0x00000000080054ec                __errno
 .text.__libc_init_array
                0x00000000080054f8       0x48 /home/valery/st/stm32cubeide_1.10.1/plugins/com.st.stm32cube.ide.mcu.externaltools.gnu-tools-for-stm32.10.3-2021.10.linux64_1.0.0.202111181127/tools/bin/../lib/gcc/arm-none-eabi/10.3.1/../../../../arm-none-eabi/lib/thumb/v7e-m+fp/hard/libc_nano.a(lib_a-init.o)
                0x00000000080054f8                __libc_init_array
 .text.memcpy   0x0000000008005540       0x1c /home/valery/st/stm32cubeide_1.10.1/plugins/com.st.stm32cube.ide.mcu.externaltools.gnu-tools-for-stm32.10.3-2021.10.linux64_1.0.0.202111181127/tools/bin/../lib/gcc/arm-none-eabi/10.3.1/../../../../arm-none-eabi/lib/thumb/v7e-m+fp/hard/libc_nano.a(lib_a-memcpy-stub.o)
                0x0000000008005540                memcpy
 .text.memset   0x000000000800555c       0x10 /home/valery/st/stm32cubeide_1.10.1/plugins/com.st.stm32cube.ide.mcu.externaltools.gnu-tools-for-stm32.10.3-2021.10.linux64_1.0.0.202111181127/tools/bin/../lib/gcc/arm-none-eabi/10.3.1/../../../../arm-none-eabi/lib/thumb/v7e-m+fp/hard/libc_nano.a(lib_a-memset.o)
                0x000000000800555c                memset
 .text.realloc  0x000000000800556c       0x10 /home/valery/st/stm32cubeide_1.10.1/plugins/com.st.stm32cube.ide.mcu.externaltools.gnu-tools-for-stm32.10.3-2021.10.linux64_1.0.0.202111181127/tools/bin/../lib/gcc/arm-none-eabi/10.3.1/../../../../arm-none-eabi/lib/thumb/v7e-m+fp/hard/libc_nano.a(lib_a-realloc.o)
                0x000000000800556c                realloc
 .text._raise_r
                0x000000000800557c       0x50 /home/valery/st/stm32cubeide_1.10.1/plugins/com.st.stm32cube.ide.mcu.externaltools.gnu-tools-for-stm32.10.3-2021.10.linux64_1.0.0.202111181127/tools/bin/../lib/gcc/arm-none-eabi/10.3.1/../../../../arm-none-eabi/lib/thumb/v7e-m+fp/hard/libc_nano.a(lib_a-signal.o)
                0x000000000800557c                _raise_r
 .text.raise    0x00000000080055cc       0x10 /home/valery/st/stm32cubeide_1.10.1/plugins/com.st.stm32cube.ide.mcu.externaltools.gnu-tools-for-stm32.10.3-2021.10.linux64_1.0.0.202111181127/tools/bin/../lib/gcc/arm-none-eabi/10.3.1/../../../../arm-none-eabi/lib/thumb/v7e-m+fp/hard/libc_nano.a(lib_a-signal.o)
                0x00000000080055cc                raise
 .text._kill_r  0x00000000080055dc       0x24 /home/valery/st/stm32cubeide_1.10.1/plugins/com.st.stm32cube.ide.mcu.externaltools.gnu-tools-for-stm32.10.3-2021.10.linux64_1.0.0.202111181127/tools/bin/../lib/gcc/arm-none-eabi/10.3.1/../../../../arm-none-eabi/lib/thumb/v7e-m+fp/hard/libc_nano.a(lib_a-signalr.o)
                0x00000000080055dc                _kill_r
 .text._getpid_r
                0x0000000008005600        0x4 /home/valery/st/stm32cubeide_1.10.1/plugins/com.st.stm32cube.ide.mcu.externaltools.gnu-tools-for-stm32.10.3-2021.10.linux64_1.0.0.202111181127/tools/bin/../lib/gcc/arm-none-eabi/10.3.1/../../../../arm-none-eabi/lib/thumb/v7e-m+fp/hard/libc_nano.a(lib_a-signalr.o)
                0x0000000008005600                _getpid_r
 .text.sbrk_aligned
                0x0000000008005604       0x40 /home/valery/st/stm32cubeide_1.10.1/plugins/com.st.stm32cube.ide.mcu.externaltools.gnu-tools-for-stm32.10.3-2021.10.linux64_1.0.0.202111181127/tools/bin/../lib/gcc/arm-none-eabi/10.3.1/../../../../arm-none-eabi/lib/thumb/v7e-m+fp/hard/libc_nano.a(lib_a-nano-mallocr.o)
 .text._malloc_r
                0x0000000008005644       0xe8 /home/valery/st/stm32cubeide_1.10.1/plugins/com.st.stm32cube.ide.mcu.externaltools.gnu-tools-for-stm32.10.3-2021.10.linux64_1.0.0.202111181127/tools/bin/../lib/gcc/arm-none-eabi/10.3.1/../../../../arm-none-eabi/lib/thumb/v7e-m+fp/hard/libc_nano.a(lib_a-nano-mallocr.o)
                0x0000000008005644                _malloc_r
 .text._realloc_r
                0x000000000800572c       0x5e /home/valery/st/stm32cubeide_1.10.1/plugins/com.st.stm32cube.ide.mcu.externaltools.gnu-tools-for-stm32.10.3-2021.10.linux64_1.0.0.202111181127/tools/bin/../lib/gcc/arm-none-eabi/10.3.1/../../../../arm-none-eabi/lib/thumb/v7e-m+fp/hard/libc_nano.a(lib_a-nano-reallocr.o)
                0x000000000800572c                _realloc_r
 *fill*         0x000000000800578a        0x2 
 .text._sbrk_r  0x000000000800578c       0x20 /home/valery/st/stm32cubeide_1.10.1/plugins/com.st.stm32cube.ide.mcu.externaltools.gnu-tools-for-stm32.10.3-2021.10.linux64_1.0.0.202111181127/tools/bin/../lib/gcc/arm-none-eabi/10.3.1/../../../../arm-none-eabi/lib/thumb/v7e-m+fp/hard/libc_nano.a(lib_a-sbrkr.o)
                0x000000000800578c                _sbrk_r
 .text.__malloc_lock
                0x00000000080057ac        0xc /home/valery/st/stm32cubeide_1.10.1/plugins/com.st.stm32cube.ide.mcu.externaltools.gnu-tools-for-stm32.10.3-2021.10.linux64_1.0.0.202111181127/tools/bin/../lib/gcc/arm-none-eabi/10.3.1/../../../../arm-none-eabi/lib/thumb/v7e-m+fp/hard/libc_nano.a(lib_a-mlock.o)
                0x00000000080057ac                __malloc_lock
 .text.__malloc_unlock
                0x00000000080057b8        0xc /home/valery/st/stm32cubeide_1.10.1/plugins/com.st.stm32cube.ide.mcu.externaltools.gnu-tools-for-stm32.10.3-2021.10.linux64_1.0.0.202111181127/tools/bin/../lib/gcc/arm-none-eabi/10.3.1/../../../../arm-none-eabi/lib/thumb/v7e-m+fp/hard/libc_nano.a(lib_a-mlock.o)
                0x00000000080057b8                __malloc_unlock
 .text._free_r  0x00000000080057c4       0x98 /home/valery/st/stm32cubeide_1.10.1/plugins/com.st.stm32cube.ide.mcu.externaltools.gnu-tools-for-stm32.10.3-2021.10.linux64_1.0.0.202111181127/tools/bin/../lib/gcc/arm-none-eabi/10.3.1/../../../../arm-none-eabi/lib/thumb/v7e-m+fp/hard/libc_nano.a(lib_a-nano-freer.o)
                0x00000000080057c4                _free_r
 .text._malloc_usable_size_r
                0x000000000800585c       0x10 /home/valery/st/stm32cubeide_1.10.1/plugins/com.st.stm32cube.ide.mcu.externaltools.gnu-tools-for-stm32.10.3-2021.10.linux64_1.0.0.202111181127/tools/bin/../lib/gcc/arm-none-eabi/10.3.1/../../../../arm-none-eabi/lib/thumb/v7e-m+fp/hard/libc_nano.a(lib_a-nano-msizer.o)
                0x000000000800585c                _malloc_usable_size_r
 .text.__retarget_lock_acquire_recursive
                0x000000000800586c        0x2 /home/valery/st/stm32cubeide_1.10.1/plugins/com.st.stm32cube.ide.mcu.externaltools.gnu-tools-for-stm32.10.3-2021.10.linux64_1.0.0.202111181127/tools/bin/../lib/gcc/arm-none-eabi/10.3.1/../../../../arm-none-eabi/lib/thumb/v7e-m+fp/hard/libc_nano.a(lib_a-lock.o)
                0x000000000800586c                __retarget_lock_acquire_recursive
 .text.__retarget_lock_release_recursive
                0x000000000800586e        0x2 /home/valery/st/stm32cubeide_1.10.1/plugins/com.st.stm32cube.ide.mcu.externaltools.gnu-tools-for-stm32.10.3-2021.10.linux64_1.0.0.202111181127/tools/bin/../lib/gcc/arm-none-eabi/10.3.1/../../../../arm-none-eabi/lib/thumb/v7e-m+fp/hard/libc_nano.a(lib_a-lock.o)
                0x000000000800586e                __retarget_lock_release_recursive
 *(.glue_7)
 .glue_7        0x0000000008005870        0x0 linker stubs
 *(.glue_7t)
 .glue_7t       0x0000000008005870        0x0 linker stubs
 *(.eh_frame)
 .eh_frame      0x0000000008005870        0x0 /home/valery/st/stm32cubeide_1.10.1/plugins/com.st.stm32cube.ide.mcu.externaltools.gnu-tools-for-stm32.10.3-2021.10.linux64_1.0.0.202111181127/tools/bin/../lib/gcc/arm-none-eabi/10.3.1/thumb/v7e-m+fp/hard/crtbegin.o
 *(.init)
 .init          0x0000000008005870        0x4 /home/valery/st/stm32cubeide_1.10.1/plugins/com.st.stm32cube.ide.mcu.externaltools.gnu-tools-for-stm32.10.3-2021.10.linux64_1.0.0.202111181127/tools/bin/../lib/gcc/arm-none-eabi/10.3.1/thumb/v7e-m+fp/hard/crti.o
                0x0000000008005870                _init
 .init          0x0000000008005874        0x8 /home/valery/st/stm32cubeide_1.10.1/plugins/com.st.stm32cube.ide.mcu.externaltools.gnu-tools-for-stm32.10.3-2021.10.linux64_1.0.0.202111181127/tools/bin/../lib/gcc/arm-none-eabi/10.3.1/thumb/v7e-m+fp/hard/crtn.o
 *(.fini)
 .fini          0x000000000800587c        0x4 /home/valery/st/stm32cubeide_1.10.1/plugins/com.st.stm32cube.ide.mcu.externaltools.gnu-tools-for-stm32.10.3-2021.10.linux64_1.0.0.202111181127/tools/bin/../lib/gcc/arm-none-eabi/10.3.1/thumb/v7e-m+fp/hard/crti.o
                0x000000000800587c                _fini
 .fini          0x0000000008005880        0x8 /home/valery/st/stm32cubeide_1.10.1/plugins/com.st.stm32cube.ide.mcu.externaltools.gnu-tools-for-stm32.10.3-2021.10.linux64_1.0.0.202111181127/tools/bin/../lib/gcc/arm-none-eabi/10.3.1/thumb/v7e-m+fp/hard/crtn.o
                0x0000000008005888                . = ALIGN (0x4)
                0x0000000008005888                _etext = .

.vfp11_veneer   0x0000000008005888        0x0
 .vfp11_veneer  0x0000000008005888        0x0 linker stubs

.v4_bx          0x0000000008005888        0x0
 .v4_bx         0x0000000008005888        0x0 linker stubs

.iplt           0x0000000008005888        0x0
 .iplt          0x0000000008005888        0x0 /home/valery/st/stm32cubeide_1.10.1/plugins/com.st.stm32cube.ide.mcu.externaltools.gnu-tools-for-stm32.10.3-2021.10.linux64_1.0.0.202111181127/tools/bin/../lib/gcc/arm-none-eabi/10.3.1/thumb/v7e-m+fp/hard/crtbegin.o

.rodata         0x0000000008005888      0x2d0
                0x0000000008005888                . = ALIGN (0x4)
 *(.rodata)
 .rodata        0x0000000008005888      0x194 ./Core/Src/main.o
 *(.rodata*)
 .rodata._ZN14rosserial_msgsL12REQUESTPARAME
                0x0000000008005a1c       0x1c ./Core/Src/main.o
 .rodata._ZTVN3ros10SubscriberIN8std_msgs6UInt16EvEE
                0x0000000008005a38       0x18 ./Core/Src/main.o
                0x0000000008005a38                vtable for ros::Subscriber<std_msgs::UInt16, void>
 .rodata._ZTVN3ros11NodeHandle_I13STM32HardwareLi25ELi25ELi512ELi512EEE
                0x0000000008005a50       0x14 ./Core/Src/main.o
                0x0000000008005a50                vtable for ros::NodeHandle_<STM32Hardware, 25, 25, 512, 512>
 .rodata._ZTVN8std_msgs6UInt16E
                0x0000000008005a64       0x18 ./Core/Src/main.o
                0x0000000008005a64                vtable for std_msgs::UInt16
 .rodata._ZTVN8std_msgs6StringE
                0x0000000008005a7c       0x18 ./Core/Src/main.o
                0x0000000008005a7c                vtable for std_msgs::String
 .rodata._ZTVN3ros11Subscriber_E
                0x0000000008005a94       0x18 ./Core/Src/main.o
                0x0000000008005a94                vtable for ros::Subscriber_
 .rodata._ZTVN3ros15NodeHandleBase_E
                0x0000000008005aac       0x14 ./Core/Src/main.o
                0x0000000008005aac                vtable for ros::NodeHandleBase_
 .rodata._ZTVN14rosserial_msgs20RequestParamResponseE
                0x0000000008005ac0       0x18 ./Core/Src/main.o
                0x0000000008005ac0                vtable for rosserial_msgs::RequestParamResponse
 .rodata._ZTVN14rosserial_msgs3LogE
                0x0000000008005ad8       0x18 ./Core/Src/main.o
                0x0000000008005ad8                vtable for rosserial_msgs::Log
 .rodata._ZTVN14rosserial_msgs9TopicInfoE
                0x0000000008005af0       0x18 ./Core/Src/main.o
                0x0000000008005af0                vtable for rosserial_msgs::TopicInfo
 .rodata._ZTVN8std_msgs4TimeE
                0x0000000008005b08       0x18 ./Core/Src/main.o
                0x0000000008005b08                vtable for std_msgs::Time
 .rodata._ZTVN3ros3MsgE
                0x0000000008005b20       0x18 ./Core/Src/main.o
                0x0000000008005b20                vtable for ros::Msg
 .rodata.AHBPrescTable
                0x0000000008005b38       0x10 ./Core/Src/system_stm32f4xx.o
                0x0000000008005b38                AHBPrescTable
 .rodata.APBPrescTable
                0x0000000008005b48        0x8 ./Core/Src/system_stm32f4xx.o
                0x0000000008005b48                APBPrescTable
 .rodata.flagBitshiftOffset.0
                0x0000000008005b50        0x8 ./Drivers/STM32F4xx_HAL_Driver/Src/stm32f4xx_hal_dma.o
                0x0000000008005b58                . = ALIGN (0x4)

.ARM.extab      0x0000000008005b58        0x0
                0x0000000008005b58                . = ALIGN (0x4)
 *(.ARM.extab* .gnu.linkonce.armextab.*)
                0x0000000008005b58                . = ALIGN (0x4)

.ARM            0x0000000008005b58        0x8
                0x0000000008005b58                . = ALIGN (0x4)
                0x0000000008005b58                __exidx_start = .
 *(.ARM.exidx*)
 .ARM.exidx     0x0000000008005b58        0x8 /home/valery/st/stm32cubeide_1.10.1/plugins/com.st.stm32cube.ide.mcu.externaltools.gnu-tools-for-stm32.10.3-2021.10.linux64_1.0.0.202111181127/tools/bin/../lib/gcc/arm-none-eabi/10.3.1/thumb/v7e-m+fp/hard/libgcc.a(_udivmoddi4.o)
                0x0000000008005b60                __exidx_end = .
                0x0000000008005b60                . = ALIGN (0x4)

.rel.dyn        0x0000000008005b60        0x0
 .rel.iplt      0x0000000008005b60        0x0 /home/valery/st/stm32cubeide_1.10.1/plugins/com.st.stm32cube.ide.mcu.externaltools.gnu-tools-for-stm32.10.3-2021.10.linux64_1.0.0.202111181127/tools/bin/../lib/gcc/arm-none-eabi/10.3.1/thumb/v7e-m+fp/hard/crtbegin.o

.preinit_array  0x0000000008005b60        0x0
                0x0000000008005b60                . = ALIGN (0x4)
                0x0000000008005b60                PROVIDE (__preinit_array_start = .)
 *(.preinit_array*)
                0x0000000008005b60                PROVIDE (__preinit_array_end = .)
                0x0000000008005b60                . = ALIGN (0x4)

.init_array     0x0000000008005b60        0x8
                0x0000000008005b60                . = ALIGN (0x4)
                0x0000000008005b60                PROVIDE (__init_array_start = .)
 *(SORT_BY_NAME(.init_array.*))
 *(.init_array*)
 .init_array    0x0000000008005b60        0x4 /home/valery/st/stm32cubeide_1.10.1/plugins/com.st.stm32cube.ide.mcu.externaltools.gnu-tools-for-stm32.10.3-2021.10.linux64_1.0.0.202111181127/tools/bin/../lib/gcc/arm-none-eabi/10.3.1/thumb/v7e-m+fp/hard/crtbegin.o
 .init_array    0x0000000008005b64        0x4 ./Core/Src/main.o
                0x0000000008005b68                PROVIDE (__init_array_end = .)
                0x0000000008005b68                . = ALIGN (0x4)

.fini_array     0x0000000008005b68        0x4
                0x0000000008005b68                . = ALIGN (0x4)
                [!provide]                        PROVIDE (__fini_array_start = .)
 *(SORT_BY_NAME(.fini_array.*))
 *(.fini_array*)
 .fini_array    0x0000000008005b68        0x4 /home/valery/st/stm32cubeide_1.10.1/plugins/com.st.stm32cube.ide.mcu.externaltools.gnu-tools-for-stm32.10.3-2021.10.linux64_1.0.0.202111181127/tools/bin/../lib/gcc/arm-none-eabi/10.3.1/thumb/v7e-m+fp/hard/crtbegin.o
                [!provide]                        PROVIDE (__fini_array_end = .)
                0x0000000008005b6c                . = ALIGN (0x4)
                0x0000000008005b6c                _sidata = LOADADDR (.data)

.data           0x0000000020000000       0x74 load address 0x0000000008005b6c
                0x0000000020000000                . = ALIGN (0x4)
                0x0000000020000000                _sdata = .
 *(.data)
 *(.data*)
 .data.SystemCoreClock
                0x0000000020000000        0x4 ./Core/Src/system_stm32f4xx.o
                0x0000000020000000                SystemCoreClock
 .data.uwTickPrio
                0x0000000020000004        0x4 ./Drivers/STM32F4xx_HAL_Driver/Src/stm32f4xx_hal.o
                0x0000000020000004                uwTickPrio
 .data.uwTickFreq
                0x0000000020000008        0x1 ./Drivers/STM32F4xx_HAL_Driver/Src/stm32f4xx_hal.o
                0x0000000020000008                uwTickFreq
 *fill*         0x0000000020000009        0x3 
 .data._ZN10__cxxabiv119__terminate_handlerE
                0x000000002000000c        0x4 /home/valery/st/stm32cubeide_1.10.1/plugins/com.st.stm32cube.ide.mcu.externaltools.gnu-tools-for-stm32.10.3-2021.10.linux64_1.0.0.202111181127/tools/bin/../lib/gcc/arm-none-eabi/10.3.1/../../../../arm-none-eabi/lib/thumb/v7e-m+fp/hard/libstdc++_nano.a(eh_term_handler.o)
                0x000000002000000c                __cxxabiv1::__terminate_handler
 .data._impure_ptr
                0x0000000020000010        0x4 /home/valery/st/stm32cubeide_1.10.1/plugins/com.st.stm32cube.ide.mcu.externaltools.gnu-tools-for-stm32.10.3-2021.10.linux64_1.0.0.202111181127/tools/bin/../lib/gcc/arm-none-eabi/10.3.1/../../../../arm-none-eabi/lib/thumb/v7e-m+fp/hard/libc_nano.a(lib_a-impure.o)
                0x0000000020000010                _impure_ptr
 .data.impure_data
                0x0000000020000014       0x60 /home/valery/st/stm32cubeide_1.10.1/plugins/com.st.stm32cube.ide.mcu.externaltools.gnu-tools-for-stm32.10.3-2021.10.linux64_1.0.0.202111181127/tools/bin/../lib/gcc/arm-none-eabi/10.3.1/../../../../arm-none-eabi/lib/thumb/v7e-m+fp/hard/libc_nano.a(lib_a-impure.o)
 *(.RamFunc)
 *(.RamFunc*)
                0x0000000020000074                . = ALIGN (0x4)
                0x0000000020000074                _edata = .
                0x0000000008005be0                _siccmram = LOADADDR (.ccmram)

.igot.plt       0x0000000020000074        0x0 load address 0x0000000008005be0
 .igot.plt      0x0000000020000074        0x0 /home/valery/st/stm32cubeide_1.10.1/plugins/com.st.stm32cube.ide.mcu.externaltools.gnu-tools-for-stm32.10.3-2021.10.linux64_1.0.0.202111181127/tools/bin/../lib/gcc/arm-none-eabi/10.3.1/thumb/v7e-m+fp/hard/crtbegin.o

.ccmram         0x0000000010000000        0x0 load address 0x0000000008005be0
                0x0000000010000000                . = ALIGN (0x4)
                0x0000000010000000                _sccmram = .
 *(.ccmram)
 *(.ccmram*)
                0x0000000010000000                . = ALIGN (0x4)
                0x0000000010000000                _eccmram = .
                0x0000000010000000                . = ALIGN (0x4)

.bss            0x0000000020000074      0xab0
                0x0000000020000074                _sbss = .
                0x0000000020000074                __bss_start__ = _sbss
 *(.bss)
 .bss           0x0000000020000074       0x1c /home/valery/st/stm32cubeide_1.10.1/plugins/com.st.stm32cube.ide.mcu.externaltools.gnu-tools-for-stm32.10.3-2021.10.linux64_1.0.0.202111181127/tools/bin/../lib/gcc/arm-none-eabi/10.3.1/thumb/v7e-m+fp/hard/crtbegin.o
 *(.bss*)
 .bss._ZZN13STM32Hardware5flushEvE5mutex
                0x0000000020000090        0x1 ./Core/Src/main.o
                0x0000000020000090                STM32Hardware::flush()::mutex
 *fill*         0x0000000020000091        0x3 
 .bss.huart4    0x0000000020000094       0x44 ./Core/Src/main.o
                0x0000000020000094                huart4
 .bss.hdma_uart4_rx
                0x00000000200000d8       0x60 ./Core/Src/main.o
                0x00000000200000d8                hdma_uart4_rx
 .bss.hdma_uart4_tx
                0x0000000020000138       0x60 ./Core/Src/main.o
                0x0000000020000138                hdma_uart4_tx
 .bss.nh        0x0000000020000198      0x93c ./Core/Src/main.o
                0x0000000020000198                nh
 .bss.str_msg   0x0000000020000ad4        0x8 ./Core/Src/main.o
                0x0000000020000ad4                str_msg
 .bss.chatter   0x0000000020000adc       0x14 ./Core/Src/main.o
                0x0000000020000adc                chatter
 .bss.sub       0x0000000020000af0       0x1c ./Core/Src/main.o
                0x0000000020000af0                sub
 .bss.__sbrk_heap_end
                0x0000000020000b0c        0x4 ./Core/Src/sysmem.o
 .bss.uwTick    0x0000000020000b10        0x4 ./Drivers/STM32F4xx_HAL_Driver/Src/stm32f4xx_hal.o
                0x0000000020000b10                uwTick
 .bss.__malloc_free_list
                0x0000000020000b14        0x4 /home/valery/st/stm32cubeide_1.10.1/plugins/com.st.stm32cube.ide.mcu.externaltools.gnu-tools-for-stm32.10.3-2021.10.linux64_1.0.0.202111181127/tools/bin/../lib/gcc/arm-none-eabi/10.3.1/../../../../arm-none-eabi/lib/thumb/v7e-m+fp/hard/libc_nano.a(lib_a-nano-mallocr.o)
                0x0000000020000b14                __malloc_free_list
 .bss.__malloc_sbrk_start
                0x0000000020000b18        0x4 /home/valery/st/stm32cubeide_1.10.1/plugins/com.st.stm32cube.ide.mcu.externaltools.gnu-tools-for-stm32.10.3-2021.10.linux64_1.0.0.202111181127/tools/bin/../lib/gcc/arm-none-eabi/10.3.1/../../../../arm-none-eabi/lib/thumb/v7e-m+fp/hard/libc_nano.a(lib_a-nano-mallocr.o)
                0x0000000020000b18                __malloc_sbrk_start
 .bss.errno     0x0000000020000b1c        0x4 /home/valery/st/stm32cubeide_1.10.1/plugins/com.st.stm32cube.ide.mcu.externaltools.gnu-tools-for-stm32.10.3-2021.10.linux64_1.0.0.202111181127/tools/bin/../lib/gcc/arm-none-eabi/10.3.1/../../../../arm-none-eabi/lib/thumb/v7e-m+fp/hard/libc_nano.a(lib_a-reent.o)
                0x0000000020000b1c                errno
 .bss.__lock___malloc_recursive_mutex
                0x0000000020000b20        0x1 /home/valery/st/stm32cubeide_1.10.1/plugins/com.st.stm32cube.ide.mcu.externaltools.gnu-tools-for-stm32.10.3-2021.10.linux64_1.0.0.202111181127/tools/bin/../lib/gcc/arm-none-eabi/10.3.1/../../../../arm-none-eabi/lib/thumb/v7e-m+fp/hard/libc_nano.a(lib_a-lock.o)
                0x0000000020000b20                __lock___malloc_recursive_mutex
 *(COMMON)
                0x0000000020000b24                . = ALIGN (0x4)
 *fill*         0x0000000020000b21        0x3 
                0x0000000020000b24                _ebss = .
                0x0000000020000b24                __bss_end__ = _ebss

._user_heap_stack
                0x0000000020000b24      0x604
                0x0000000020000b28                . = ALIGN (0x8)
 *fill*         0x0000000020000b24        0x4 
                [!provide]                        PROVIDE (end = .)
                0x0000000020000b28                PROVIDE (_end = .)
                0x0000000020000d28                . = (. + _Min_Heap_Size)
 *fill*         0x0000000020000b28      0x200 
                0x0000000020001128                . = (. + _Min_Stack_Size)
 *fill*         0x0000000020000d28      0x400 
                0x0000000020001128                . = ALIGN (0x8)

/DISCARD/
 libc.a(*)
 libm.a(*)
 libgcc.a(*)

.ARM.attributes
                0x0000000000000000       0x30
 *(.ARM.attributes)
 .ARM.attributes
                0x0000000000000000       0x1e /home/valery/st/stm32cubeide_1.10.1/plugins/com.st.stm32cube.ide.mcu.externaltools.gnu-tools-for-stm32.10.3-2021.10.linux64_1.0.0.202111181127/tools/bin/../lib/gcc/arm-none-eabi/10.3.1/thumb/v7e-m+fp/hard/crti.o
 .ARM.attributes
                0x000000000000001e       0x34 /home/valery/st/stm32cubeide_1.10.1/plugins/com.st.stm32cube.ide.mcu.externaltools.gnu-tools-for-stm32.10.3-2021.10.linux64_1.0.0.202111181127/tools/bin/../lib/gcc/arm-none-eabi/10.3.1/thumb/v7e-m+fp/hard/crtbegin.o
 .ARM.attributes
                0x0000000000000052       0x34 ./Core/Inc/time.o
 .ARM.attributes
                0x0000000000000086       0x34 ./Core/Src/main.o
 .ARM.attributes
                0x00000000000000ba       0x34 ./Core/Src/stm32f4xx_hal_msp.o
 .ARM.attributes
                0x00000000000000ee       0x34 ./Core/Src/stm32f4xx_it.o
 .ARM.attributes
                0x0000000000000122       0x34 ./Core/Src/syscalls.o
 .ARM.attributes
                0x0000000000000156       0x34 ./Core/Src/sysmem.o
 .ARM.attributes
                0x000000000000018a       0x34 ./Core/Src/system_stm32f4xx.o
 .ARM.attributes
                0x00000000000001be       0x21 ./Core/Startup/startup_stm32f407vgtx.o
 .ARM.attributes
                0x00000000000001df       0x34 ./Drivers/STM32F4xx_HAL_Driver/Src/stm32f4xx_hal.o
 .ARM.attributes
                0x0000000000000213       0x34 ./Drivers/STM32F4xx_HAL_Driver/Src/stm32f4xx_hal_cortex.o
 .ARM.attributes
                0x0000000000000247       0x34 ./Drivers/STM32F4xx_HAL_Driver/Src/stm32f4xx_hal_dma.o
 .ARM.attributes
                0x000000000000027b       0x34 ./Drivers/STM32F4xx_HAL_Driver/Src/stm32f4xx_hal_gpio.o
 .ARM.attributes
                0x00000000000002af       0x34 ./Drivers/STM32F4xx_HAL_Driver/Src/stm32f4xx_hal_rcc.o
 .ARM.attributes
                0x00000000000002e3       0x34 ./Drivers/STM32F4xx_HAL_Driver/Src/stm32f4xx_hal_uart.o
 .ARM.attributes
                0x0000000000000317       0x34 /home/valery/st/stm32cubeide_1.10.1/plugins/com.st.stm32cube.ide.mcu.externaltools.gnu-tools-for-stm32.10.3-2021.10.linux64_1.0.0.202111181127/tools/bin/../lib/gcc/arm-none-eabi/10.3.1/../../../../arm-none-eabi/lib/thumb/v7e-m+fp/hard/libstdc++_nano.a(pure.o)
 .ARM.attributes
                0x000000000000034b       0x34 /home/valery/st/stm32cubeide_1.10.1/plugins/com.st.stm32cube.ide.mcu.externaltools.gnu-tools-for-stm32.10.3-2021.10.linux64_1.0.0.202111181127/tools/bin/../lib/gcc/arm-none-eabi/10.3.1/../../../../arm-none-eabi/lib/thumb/v7e-m+fp/hard/libstdc++_nano.a(eh_terminate.o)
 .ARM.attributes
                0x000000000000037f       0x34 /home/valery/st/stm32cubeide_1.10.1/plugins/com.st.stm32cube.ide.mcu.externaltools.gnu-tools-for-stm32.10.3-2021.10.linux64_1.0.0.202111181127/tools/bin/../lib/gcc/arm-none-eabi/10.3.1/../../../../arm-none-eabi/lib/thumb/v7e-m+fp/hard/libstdc++_nano.a(eh_term_handler.o)
 .ARM.attributes
                0x00000000000003b3       0x34 /home/valery/st/stm32cubeide_1.10.1/plugins/com.st.stm32cube.ide.mcu.externaltools.gnu-tools-for-stm32.10.3-2021.10.linux64_1.0.0.202111181127/tools/bin/../lib/gcc/arm-none-eabi/10.3.1/../../../../arm-none-eabi/lib/thumb/v7e-m+fp/hard/libc_nano.a(lib_a-abort.o)
 .ARM.attributes
                0x00000000000003e7       0x34 /home/valery/st/stm32cubeide_1.10.1/plugins/com.st.stm32cube.ide.mcu.externaltools.gnu-tools-for-stm32.10.3-2021.10.linux64_1.0.0.202111181127/tools/bin/../lib/gcc/arm-none-eabi/10.3.1/../../../../arm-none-eabi/lib/thumb/v7e-m+fp/hard/libc_nano.a(lib_a-errno.o)
 .ARM.attributes
                0x000000000000041b       0x34 /home/valery/st/stm32cubeide_1.10.1/plugins/com.st.stm32cube.ide.mcu.externaltools.gnu-tools-for-stm32.10.3-2021.10.linux64_1.0.0.202111181127/tools/bin/../lib/gcc/arm-none-eabi/10.3.1/../../../../arm-none-eabi/lib/thumb/v7e-m+fp/hard/libc_nano.a(lib_a-impure.o)
 .ARM.attributes
                0x000000000000044f       0x34 /home/valery/st/stm32cubeide_1.10.1/plugins/com.st.stm32cube.ide.mcu.externaltools.gnu-tools-for-stm32.10.3-2021.10.linux64_1.0.0.202111181127/tools/bin/../lib/gcc/arm-none-eabi/10.3.1/../../../../arm-none-eabi/lib/thumb/v7e-m+fp/hard/libc_nano.a(lib_a-init.o)
 .ARM.attributes
                0x0000000000000483       0x34 /home/valery/st/stm32cubeide_1.10.1/plugins/com.st.stm32cube.ide.mcu.externaltools.gnu-tools-for-stm32.10.3-2021.10.linux64_1.0.0.202111181127/tools/bin/../lib/gcc/arm-none-eabi/10.3.1/../../../../arm-none-eabi/lib/thumb/v7e-m+fp/hard/libc_nano.a(lib_a-memcpy-stub.o)
 .ARM.attributes
                0x00000000000004b7       0x34 /home/valery/st/stm32cubeide_1.10.1/plugins/com.st.stm32cube.ide.mcu.externaltools.gnu-tools-for-stm32.10.3-2021.10.linux64_1.0.0.202111181127/tools/bin/../lib/gcc/arm-none-eabi/10.3.1/../../../../arm-none-eabi/lib/thumb/v7e-m+fp/hard/libc_nano.a(lib_a-memset.o)
 .ARM.attributes
                0x00000000000004eb       0x34 /home/valery/st/stm32cubeide_1.10.1/plugins/com.st.stm32cube.ide.mcu.externaltools.gnu-tools-for-stm32.10.3-2021.10.linux64_1.0.0.202111181127/tools/bin/../lib/gcc/arm-none-eabi/10.3.1/../../../../arm-none-eabi/lib/thumb/v7e-m+fp/hard/libc_nano.a(lib_a-realloc.o)
 .ARM.attributes
                0x000000000000051f       0x34 /home/valery/st/stm32cubeide_1.10.1/plugins/com.st.stm32cube.ide.mcu.externaltools.gnu-tools-for-stm32.10.3-2021.10.linux64_1.0.0.202111181127/tools/bin/../lib/gcc/arm-none-eabi/10.3.1/../../../../arm-none-eabi/lib/thumb/v7e-m+fp/hard/libc_nano.a(lib_a-signal.o)
 .ARM.attributes
                0x0000000000000553       0x34 /home/valery/st/stm32cubeide_1.10.1/plugins/com.st.stm32cube.ide.mcu.externaltools.gnu-tools-for-stm32.10.3-2021.10.linux64_1.0.0.202111181127/tools/bin/../lib/gcc/arm-none-eabi/10.3.1/../../../../arm-none-eabi/lib/thumb/v7e-m+fp/hard/libc_nano.a(lib_a-signalr.o)
 .ARM.attributes
                0x0000000000000587       0x17 /home/valery/st/stm32cubeide_1.10.1/plugins/com.st.stm32cube.ide.mcu.externaltools.gnu-tools-for-stm32.10.3-2021.10.linux64_1.0.0.202111181127/tools/bin/../lib/gcc/arm-none-eabi/10.3.1/../../../../arm-none-eabi/lib/thumb/v7e-m+fp/hard/libc_nano.a(lib_a-strlen.o)
 .ARM.attributes
                0x000000000000059e       0x34 /home/valery/st/stm32cubeide_1.10.1/plugins/com.st.stm32cube.ide.mcu.externaltools.gnu-tools-for-stm32.10.3-2021.10.linux64_1.0.0.202111181127/tools/bin/../lib/gcc/arm-none-eabi/10.3.1/../../../../arm-none-eabi/lib/thumb/v7e-m+fp/hard/libc_nano.a(lib_a-nano-mallocr.o)
 .ARM.attributes
                0x00000000000005d2       0x34 /home/valery/st/stm32cubeide_1.10.1/plugins/com.st.stm32cube.ide.mcu.externaltools.gnu-tools-for-stm32.10.3-2021.10.linux64_1.0.0.202111181127/tools/bin/../lib/gcc/arm-none-eabi/10.3.1/../../../../arm-none-eabi/lib/thumb/v7e-m+fp/hard/libc_nano.a(lib_a-nano-reallocr.o)
 .ARM.attributes
                0x0000000000000606       0x34 /home/valery/st/stm32cubeide_1.10.1/plugins/com.st.stm32cube.ide.mcu.externaltools.gnu-tools-for-stm32.10.3-2021.10.linux64_1.0.0.202111181127/tools/bin/../lib/gcc/arm-none-eabi/10.3.1/../../../../arm-none-eabi/lib/thumb/v7e-m+fp/hard/libc_nano.a(lib_a-reent.o)
 .ARM.attributes
                0x000000000000063a       0x34 /home/valery/st/stm32cubeide_1.10.1/plugins/com.st.stm32cube.ide.mcu.externaltools.gnu-tools-for-stm32.10.3-2021.10.linux64_1.0.0.202111181127/tools/bin/../lib/gcc/arm-none-eabi/10.3.1/../../../../arm-none-eabi/lib/thumb/v7e-m+fp/hard/libc_nano.a(lib_a-sbrkr.o)
 .ARM.attributes
                0x000000000000066e       0x34 /home/valery/st/stm32cubeide_1.10.1/plugins/com.st.stm32cube.ide.mcu.externaltools.gnu-tools-for-stm32.10.3-2021.10.linux64_1.0.0.202111181127/tools/bin/../lib/gcc/arm-none-eabi/10.3.1/../../../../arm-none-eabi/lib/thumb/v7e-m+fp/hard/libc_nano.a(lib_a-mlock.o)
 .ARM.attributes
                0x00000000000006a2       0x34 /home/valery/st/stm32cubeide_1.10.1/plugins/com.st.stm32cube.ide.mcu.externaltools.gnu-tools-for-stm32.10.3-2021.10.linux64_1.0.0.202111181127/tools/bin/../lib/gcc/arm-none-eabi/10.3.1/../../../../arm-none-eabi/lib/thumb/v7e-m+fp/hard/libc_nano.a(lib_a-nano-freer.o)
 .ARM.attributes
                0x00000000000006d6       0x34 /home/valery/st/stm32cubeide_1.10.1/plugins/com.st.stm32cube.ide.mcu.externaltools.gnu-tools-for-stm32.10.3-2021.10.linux64_1.0.0.202111181127/tools/bin/../lib/gcc/arm-none-eabi/10.3.1/../../../../arm-none-eabi/lib/thumb/v7e-m+fp/hard/libc_nano.a(lib_a-nano-msizer.o)
 .ARM.attributes
                0x000000000000070a       0x34 /home/valery/st/stm32cubeide_1.10.1/plugins/com.st.stm32cube.ide.mcu.externaltools.gnu-tools-for-stm32.10.3-2021.10.linux64_1.0.0.202111181127/tools/bin/../lib/gcc/arm-none-eabi/10.3.1/../../../../arm-none-eabi/lib/thumb/v7e-m+fp/hard/libc_nano.a(lib_a-lock.o)
 .ARM.attributes
                0x000000000000073e       0x1e /home/valery/st/stm32cubeide_1.10.1/plugins/com.st.stm32cube.ide.mcu.externaltools.gnu-tools-for-stm32.10.3-2021.10.linux64_1.0.0.202111181127/tools/bin/../lib/gcc/arm-none-eabi/10.3.1/thumb/v7e-m+fp/hard/libgcc.a(_aeabi_uldivmod.o)
 .ARM.attributes
                0x000000000000075c       0x34 /home/valery/st/stm32cubeide_1.10.1/plugins/com.st.stm32cube.ide.mcu.externaltools.gnu-tools-for-stm32.10.3-2021.10.linux64_1.0.0.202111181127/tools/bin/../lib/gcc/arm-none-eabi/10.3.1/thumb/v7e-m+fp/hard/libgcc.a(_udivmoddi4.o)
 .ARM.attributes
                0x0000000000000790       0x1e /home/valery/st/stm32cubeide_1.10.1/plugins/com.st.stm32cube.ide.mcu.externaltools.gnu-tools-for-stm32.10.3-2021.10.linux64_1.0.0.202111181127/tools/bin/../lib/gcc/arm-none-eabi/10.3.1/thumb/v7e-m+fp/hard/libgcc.a(_dvmd_tls.o)
 .ARM.attributes
                0x00000000000007ae       0x1e /home/valery/st/stm32cubeide_1.10.1/plugins/com.st.stm32cube.ide.mcu.externaltools.gnu-tools-for-stm32.10.3-2021.10.linux64_1.0.0.202111181127/tools/bin/../lib/gcc/arm-none-eabi/10.3.1/thumb/v7e-m+fp/hard/crtn.o
OUTPUT(stm32f407_controller.elf elf32-littlearm)
LOAD linker stubs
LOAD /home/valery/st/stm32cubeide_1.10.1/plugins/com.st.stm32cube.ide.mcu.externaltools.gnu-tools-for-stm32.10.3-2021.10.linux64_1.0.0.202111181127/tools/bin/../lib/gcc/arm-none-eabi/10.3.1/../../../../arm-none-eabi/lib/thumb/v7e-m+fp/hard/libc.a
LOAD /home/valery/st/stm32cubeide_1.10.1/plugins/com.st.stm32cube.ide.mcu.externaltools.gnu-tools-for-stm32.10.3-2021.10.linux64_1.0.0.202111181127/tools/bin/../lib/gcc/arm-none-eabi/10.3.1/../../../../arm-none-eabi/lib/thumb/v7e-m+fp/hard/libm.a
LOAD /home/valery/st/stm32cubeide_1.10.1/plugins/com.st.stm32cube.ide.mcu.externaltools.gnu-tools-for-stm32.10.3-2021.10.linux64_1.0.0.202111181127/tools/bin/../lib/gcc/arm-none-eabi/10.3.1/thumb/v7e-m+fp/hard/libgcc.a

.debug_info     0x0000000000000000    0x1023b
 .debug_info    0x0000000000000000     0x1bea ./Core/Inc/time.o
 .debug_info    0x0000000000001bea     0x6222 ./Core/Src/main.o
 .debug_info    0x0000000000007e0c      0xc73 ./Core/Src/stm32f4xx_hal_msp.o
 .debug_info    0x0000000000008a7f      0x6b4 ./Core/Src/stm32f4xx_it.o
 .debug_info    0x0000000000009133      0x6e0 ./Core/Src/syscalls.o
 .debug_info    0x0000000000009813      0x171 ./Core/Src/sysmem.o
 .debug_info    0x0000000000009984      0x523 ./Core/Src/system_stm32f4xx.o
 .debug_info    0x0000000000009ea7       0x22 ./Core/Startup/startup_stm32f407vgtx.o
 .debug_info    0x0000000000009ec9      0x97c ./Drivers/STM32F4xx_HAL_Driver/Src/stm32f4xx_hal.o
 .debug_info    0x000000000000a845      0xe1b ./Drivers/STM32F4xx_HAL_Driver/Src/stm32f4xx_hal_cortex.o
 .debug_info    0x000000000000b660      0x94f ./Drivers/STM32F4xx_HAL_Driver/Src/stm32f4xx_hal_dma.o
 .debug_info    0x000000000000bfaf      0x76a ./Drivers/STM32F4xx_HAL_Driver/Src/stm32f4xx_hal_gpio.o
 .debug_info    0x000000000000c719      0x966 ./Drivers/STM32F4xx_HAL_Driver/Src/stm32f4xx_hal_rcc.o
 .debug_info    0x000000000000d07f     0x31bc ./Drivers/STM32F4xx_HAL_Driver/Src/stm32f4xx_hal_uart.o

.debug_abbrev   0x0000000000000000     0x21de
 .debug_abbrev  0x0000000000000000      0x2cb ./Core/Inc/time.o
 .debug_abbrev  0x00000000000002cb      0x941 ./Core/Src/main.o
 .debug_abbrev  0x0000000000000c0c      0x1f6 ./Core/Src/stm32f4xx_hal_msp.o
 .debug_abbrev  0x0000000000000e02      0x166 ./Core/Src/stm32f4xx_it.o
 .debug_abbrev  0x0000000000000f68      0x1b3 ./Core/Src/syscalls.o
 .debug_abbrev  0x000000000000111b       0xbb ./Core/Src/sysmem.o
 .debug_abbrev  0x00000000000011d6      0x116 ./Core/Src/system_stm32f4xx.o
 .debug_abbrev  0x00000000000012ec       0x12 ./Core/Startup/startup_stm32f407vgtx.o
 .debug_abbrev  0x00000000000012fe      0x20d ./Drivers/STM32F4xx_HAL_Driver/Src/stm32f4xx_hal.o
 .debug_abbrev  0x000000000000150b      0x316 ./Drivers/STM32F4xx_HAL_Driver/Src/stm32f4xx_hal_cortex.o
 .debug_abbrev  0x0000000000001821      0x25b ./Drivers/STM32F4xx_HAL_Driver/Src/stm32f4xx_hal_dma.o
 .debug_abbrev  0x0000000000001a7c      0x1c4 ./Drivers/STM32F4xx_HAL_Driver/Src/stm32f4xx_hal_gpio.o
 .debug_abbrev  0x0000000000001c40      0x2aa ./Drivers/STM32F4xx_HAL_Driver/Src/stm32f4xx_hal_rcc.o
 .debug_abbrev  0x0000000000001eea      0x2f4 ./Drivers/STM32F4xx_HAL_Driver/Src/stm32f4xx_hal_uart.o

.debug_aranges  0x0000000000000000      0x9e8
 .debug_aranges
                0x0000000000000000       0x48 ./Core/Inc/time.o
 .debug_aranges
                0x0000000000000048      0x268 ./Core/Src/main.o
 .debug_aranges
                0x00000000000002b0       0x30 ./Core/Src/stm32f4xx_hal_msp.o
 .debug_aranges
                0x00000000000002e0       0x78 ./Core/Src/stm32f4xx_it.o
 .debug_aranges
                0x0000000000000358       0xa8 ./Core/Src/syscalls.o
 .debug_aranges
                0x0000000000000400       0x20 ./Core/Src/sysmem.o
 .debug_aranges
                0x0000000000000420       0x28 ./Core/Src/system_stm32f4xx.o
 .debug_aranges
                0x0000000000000448       0x28 ./Core/Startup/startup_stm32f407vgtx.o
 .debug_aranges
                0x0000000000000470       0xf0 ./Drivers/STM32F4xx_HAL_Driver/Src/stm32f4xx_hal.o
 .debug_aranges
                0x0000000000000560      0x118 ./Drivers/STM32F4xx_HAL_Driver/Src/stm32f4xx_hal_cortex.o
 .debug_aranges
                0x0000000000000678       0x90 ./Drivers/STM32F4xx_HAL_Driver/Src/stm32f4xx_hal_dma.o
 .debug_aranges
                0x0000000000000708       0x58 ./Drivers/STM32F4xx_HAL_Driver/Src/stm32f4xx_hal_gpio.o
 .debug_aranges
                0x0000000000000760       0x88 ./Drivers/STM32F4xx_HAL_Driver/Src/stm32f4xx_hal_rcc.o
 .debug_aranges
                0x00000000000007e8      0x200 ./Drivers/STM32F4xx_HAL_Driver/Src/stm32f4xx_hal_uart.o

.debug_ranges   0x0000000000000000      0x958
 .debug_ranges  0x0000000000000000       0x38 ./Core/Inc/time.o
 .debug_ranges  0x0000000000000038      0x270 ./Core/Src/main.o
 .debug_ranges  0x00000000000002a8       0x20 ./Core/Src/stm32f4xx_hal_msp.o
 .debug_ranges  0x00000000000002c8       0x68 ./Core/Src/stm32f4xx_it.o
 .debug_ranges  0x0000000000000330       0x98 ./Core/Src/syscalls.o
 .debug_ranges  0x00000000000003c8       0x10 ./Core/Src/sysmem.o
 .debug_ranges  0x00000000000003d8       0x18 ./Core/Src/system_stm32f4xx.o
 .debug_ranges  0x00000000000003f0       0x20 ./Core/Startup/startup_stm32f407vgtx.o
 .debug_ranges  0x0000000000000410       0xe0 ./Drivers/STM32F4xx_HAL_Driver/Src/stm32f4xx_hal.o
 .debug_ranges  0x00000000000004f0      0x108 ./Drivers/STM32F4xx_HAL_Driver/Src/stm32f4xx_hal_cortex.o
 .debug_ranges  0x00000000000005f8       0x80 ./Drivers/STM32F4xx_HAL_Driver/Src/stm32f4xx_hal_dma.o
 .debug_ranges  0x0000000000000678       0x48 ./Drivers/STM32F4xx_HAL_Driver/Src/stm32f4xx_hal_gpio.o
 .debug_ranges  0x00000000000006c0       0x78 ./Drivers/STM32F4xx_HAL_Driver/Src/stm32f4xx_hal_rcc.o
 .debug_ranges  0x0000000000000738      0x220 ./Drivers/STM32F4xx_HAL_Driver/Src/stm32f4xx_hal_uart.o

.debug_macro    0x0000000000000000    0x21d7d
 .debug_macro   0x0000000000000000      0x1c1 ./Core/Inc/time.o
 .debug_macro   0x00000000000001c1      0x413 ./Core/Src/main.o
 .debug_macro   0x00000000000005d4      0x295 ./Core/Src/main.o
 .debug_macro   0x0000000000000869       0x2e ./Core/Src/main.o
 .debug_macro   0x0000000000000897       0x2f ./Core/Src/main.o
 .debug_macro   0x00000000000008c6       0x8e ./Core/Src/main.o
 .debug_macro   0x0000000000000954       0x51 ./Core/Src/main.o
 .debug_macro   0x00000000000009a5       0x1c ./Core/Src/main.o
 .debug_macro   0x00000000000009c1       0x22 ./Core/Src/main.o
 .debug_macro   0x00000000000009e3       0xd9 ./Core/Src/main.o
 .debug_macro   0x0000000000000abc     0x102d ./Core/Src/main.o
 .debug_macro   0x0000000000001ae9      0x11f ./Core/Src/main.o
 .debug_macro   0x0000000000001c08    0x15e82 ./Core/Src/main.o
 .debug_macro   0x0000000000017a8a       0x6d ./Core/Src/main.o
 .debug_macro   0x0000000000017af7     0x367e ./Core/Src/main.o
 .debug_macro   0x000000000001b175       0x5c ./Core/Src/main.o
 .debug_macro   0x000000000001b1d1      0x96b ./Core/Src/main.o
 .debug_macro   0x000000000001bb3c      0x9fe ./Core/Src/main.o
 .debug_macro   0x000000000001c53a      0x115 ./Core/Src/main.o
 .debug_macro   0x000000000001c64f      0x13e ./Core/Src/main.o
 .debug_macro   0x000000000001c78d       0xa5 ./Core/Src/main.o
 .debug_macro   0x000000000001c832      0x174 ./Core/Src/main.o
 .debug_macro   0x000000000001c9a6      0x287 ./Core/Src/main.o
 .debug_macro   0x000000000001cc2d       0x5f ./Core/Src/main.o
 .debug_macro   0x000000000001cc8c      0x236 ./Core/Src/main.o
 .debug_macro   0x000000000001cec2      0x12c ./Core/Src/main.o
 .debug_macro   0x000000000001cfee      0x21e ./Core/Src/main.o
 .debug_macro   0x000000000001d20c       0x2e ./Core/Src/main.o
 .debug_macro   0x000000000001d23a      0x11a ./Core/Src/main.o
 .debug_macro   0x000000000001d354       0x7e ./Core/Src/main.o
 .debug_macro   0x000000000001d3d2       0x89 ./Core/Src/main.o
 .debug_macro   0x000000000001d45b      0x295 ./Core/Src/main.o
 .debug_macro   0x000000000001d6f0      0x12d ./Core/Src/main.o
 .debug_macro   0x000000000001d81d       0x52 ./Core/Src/main.o
 .debug_macro   0x000000000001d86f       0x10 ./Core/Src/main.o
 .debug_macro   0x000000000001d87f       0x20 ./Core/Src/main.o
 .debug_macro   0x000000000001d89f       0x10 ./Core/Src/main.o
 .debug_macro   0x000000000001d8af       0x1c ./Core/Src/main.o
 .debug_macro   0x000000000001d8cb       0xde ./Core/Src/main.o
 .debug_macro   0x000000000001d9a9      0x3cd ./Core/Src/main.o
 .debug_macro   0x000000000001dd76       0x10 ./Core/Src/main.o
 .debug_macro   0x000000000001dd86      0x1c4 ./Core/Src/stm32f4xx_hal_msp.o
 .debug_macro   0x000000000001df4a      0xa78 ./Core/Src/stm32f4xx_hal_msp.o
 .debug_macro   0x000000000001e9c2     0x102d ./Core/Src/stm32f4xx_hal_msp.o
 .debug_macro   0x000000000001f9ef      0x174 ./Core/Src/stm32f4xx_hal_msp.o
 .debug_macro   0x000000000001fb63      0x1ce ./Core/Src/stm32f4xx_it.o
 .debug_macro   0x000000000001fd31      0x24c ./Core/Src/syscalls.o
 .debug_macro   0x000000000001ff7d       0x34 ./Core/Src/syscalls.o
 .debug_macro   0x000000000001ffb1      0x341 ./Core/Src/syscalls.o
 .debug_macro   0x00000000000202f2       0x43 ./Core/Src/syscalls.o
 .debug_macro   0x0000000000020335       0x1c ./Core/Src/syscalls.o
 .debug_macro   0x0000000000020351       0x10 ./Core/Src/syscalls.o
 .debug_macro   0x0000000000020361       0x35 ./Core/Src/syscalls.o
 .debug_macro   0x0000000000020396       0x10 ./Core/Src/syscalls.o
 .debug_macro   0x00000000000203a6       0x10 ./Core/Src/syscalls.o
 .debug_macro   0x00000000000203b6       0x10 ./Core/Src/syscalls.o
 .debug_macro   0x00000000000203c6       0x1c ./Core/Src/syscalls.o
 .debug_macro   0x00000000000203e2       0x52 ./Core/Src/syscalls.o
 .debug_macro   0x0000000000020434       0x22 ./Core/Src/syscalls.o
 .debug_macro   0x0000000000020456       0x10 ./Core/Src/syscalls.o
 .debug_macro   0x0000000000020466       0x52 ./Core/Src/syscalls.o
 .debug_macro   0x00000000000204b8       0xd5 ./Core/Src/syscalls.o
 .debug_macro   0x000000000002058d       0x1c ./Core/Src/syscalls.o
 .debug_macro   0x00000000000205a9       0x3d ./Core/Src/syscalls.o
 .debug_macro   0x00000000000205e6       0x35 ./Core/Src/syscalls.o
 .debug_macro   0x000000000002061b      0x12c ./Core/Src/syscalls.o
 .debug_macro   0x0000000000020747       0x10 ./Core/Src/syscalls.o
 .debug_macro   0x0000000000020757      0x241 ./Core/Src/syscalls.o
 .debug_macro   0x0000000000020998       0x1c ./Core/Src/syscalls.o
 .debug_macro   0x00000000000209b4       0x10 ./Core/Src/syscalls.o
 .debug_macro   0x00000000000209c4       0x10 ./Core/Src/syscalls.o
 .debug_macro   0x00000000000209d4       0x16 ./Core/Src/syscalls.o
 .debug_macro   0x00000000000209ea      0x145 ./Core/Src/syscalls.o
 .debug_macro   0x0000000000020b2f      0x189 ./Core/Src/syscalls.o
 .debug_macro   0x0000000000020cb8       0x16 ./Core/Src/syscalls.o
 .debug_macro   0x0000000000020cce       0xce ./Core/Src/syscalls.o
 .debug_macro   0x0000000000020d9c       0xff ./Core/Src/sysmem.o
 .debug_macro   0x0000000000020e9b      0x23b ./Core/Src/sysmem.o
 .debug_macro   0x00000000000210d6      0x1ba ./Core/Src/system_stm32f4xx.o
 .debug_macro   0x0000000000021290      0x21a ./Drivers/STM32F4xx_HAL_Driver/Src/stm32f4xx_hal.o
 .debug_macro   0x00000000000214aa      0x1ba ./Drivers/STM32F4xx_HAL_Driver/Src/stm32f4xx_hal_cortex.o
 .debug_macro   0x0000000000021664      0x1c0 ./Drivers/STM32F4xx_HAL_Driver/Src/stm32f4xx_hal_dma.o
 .debug_macro   0x0000000000021824      0x1c0 ./Drivers/STM32F4xx_HAL_Driver/Src/stm32f4xx_hal_gpio.o
 .debug_macro   0x00000000000219e4      0x1de ./Drivers/STM32F4xx_HAL_Driver/Src/stm32f4xx_hal_rcc.o
 .debug_macro   0x0000000000021bc2      0x1bb ./Drivers/STM32F4xx_HAL_Driver/Src/stm32f4xx_hal_uart.o

.debug_line     0x0000000000000000     0xb7e0
 .debug_line    0x0000000000000000      0x99c ./Core/Inc/time.o
 .debug_line    0x000000000000099c     0x24ed ./Core/Src/main.o
 .debug_line    0x0000000000002e89      0x726 ./Core/Src/stm32f4xx_hal_msp.o
 .debug_line    0x00000000000035af      0x791 ./Core/Src/stm32f4xx_it.o
 .debug_line    0x0000000000003d40      0x7ef ./Core/Src/syscalls.o
 .debug_line    0x000000000000452f      0x4e5 ./Core/Src/sysmem.o
 .debug_line    0x0000000000004a14      0x708 ./Core/Src/system_stm32f4xx.o
 .debug_line    0x000000000000511c       0x88 ./Core/Startup/startup_stm32f407vgtx.o
 .debug_line    0x00000000000051a4      0x96e ./Drivers/STM32F4xx_HAL_Driver/Src/stm32f4xx_hal.o
 .debug_line    0x0000000000005b12      0xc1d ./Drivers/STM32F4xx_HAL_Driver/Src/stm32f4xx_hal_cortex.o
 .debug_line    0x000000000000672f      0xed2 ./Drivers/STM32F4xx_HAL_Driver/Src/stm32f4xx_hal_dma.o
 .debug_line    0x0000000000007601      0xae2 ./Drivers/STM32F4xx_HAL_Driver/Src/stm32f4xx_hal_gpio.o
 .debug_line    0x00000000000080e3      0xcea ./Drivers/STM32F4xx_HAL_Driver/Src/stm32f4xx_hal_rcc.o
 .debug_line    0x0000000000008dcd     0x2a13 ./Drivers/STM32F4xx_HAL_Driver/Src/stm32f4xx_hal_uart.o

.debug_str      0x0000000000000000    0xc9c93
 .debug_str     0x0000000000000000     0x9edb ./Core/Inc/time.o
                                       0xa1ea (size before relaxing)
 .debug_str     0x0000000000009edb    0xbbc82 ./Core/Src/main.o
                                      0xc61f5 (size before relaxing)
 .debug_str     0x00000000000c5b5d      0x2dd ./Core/Src/stm32f4xx_hal_msp.o
                                      0xbd22e (size before relaxing)
 .debug_str     0x00000000000c5e3a      0x131 ./Core/Src/stm32f4xx_it.o
                                      0xbcbd4 (size before relaxing)
 .debug_str     0x00000000000c5f6b     0x26d8 ./Core/Src/syscalls.o
                                       0x8a6e (size before relaxing)
 .debug_str     0x00000000000c8643       0x6b ./Core/Src/sysmem.o
                                       0x5daa (size before relaxing)
 .debug_str     0x00000000000c86ae       0xdb ./Core/Src/system_stm32f4xx.o
                                      0xbc818 (size before relaxing)
 .debug_str     0x00000000000c8789       0x36 ./Core/Startup/startup_stm32f407vgtx.o
                                         0x6c (size before relaxing)
 .debug_str     0x00000000000c87bf      0x585 ./Drivers/STM32F4xx_HAL_Driver/Src/stm32f4xx_hal.o
                                      0xbd39c (size before relaxing)
 .debug_str     0x00000000000c8d44      0x31a ./Drivers/STM32F4xx_HAL_Driver/Src/stm32f4xx_hal_cortex.o
                                      0xbd0cf (size before relaxing)
 .debug_str     0x00000000000c905e      0x2f9 ./Drivers/STM32F4xx_HAL_Driver/Src/stm32f4xx_hal_dma.o
                                      0xbcc32 (size before relaxing)
 .debug_str     0x00000000000c9357      0x14a ./Drivers/STM32F4xx_HAL_Driver/Src/stm32f4xx_hal_gpio.o
                                      0xbc993 (size before relaxing)
 .debug_str     0x00000000000c94a1      0x228 ./Drivers/STM32F4xx_HAL_Driver/Src/stm32f4xx_hal_rcc.o
                                      0xbcc4c (size before relaxing)
 .debug_str     0x00000000000c96c9      0x5ca ./Drivers/STM32F4xx_HAL_Driver/Src/stm32f4xx_hal_uart.o
                                      0xbd1eb (size before relaxing)

.comment        0x0000000000000000       0x50
 .comment       0x0000000000000000       0x50 ./Core/Inc/time.o
                                         0x51 (size before relaxing)
 .comment       0x0000000000000050       0x51 ./Core/Src/main.o
 .comment       0x0000000000000050       0x51 ./Core/Src/stm32f4xx_hal_msp.o
 .comment       0x0000000000000050       0x51 ./Core/Src/stm32f4xx_it.o
 .comment       0x0000000000000050       0x51 ./Core/Src/syscalls.o
 .comment       0x0000000000000050       0x51 ./Core/Src/sysmem.o
 .comment       0x0000000000000050       0x51 ./Core/Src/system_stm32f4xx.o
 .comment       0x0000000000000050       0x51 ./Drivers/STM32F4xx_HAL_Driver/Src/stm32f4xx_hal.o
 .comment       0x0000000000000050       0x51 ./Drivers/STM32F4xx_HAL_Driver/Src/stm32f4xx_hal_cortex.o
 .comment       0x0000000000000050       0x51 ./Drivers/STM32F4xx_HAL_Driver/Src/stm32f4xx_hal_dma.o
 .comment       0x0000000000000050       0x51 ./Drivers/STM32F4xx_HAL_Driver/Src/stm32f4xx_hal_gpio.o
 .comment       0x0000000000000050       0x51 ./Drivers/STM32F4xx_HAL_Driver/Src/stm32f4xx_hal_rcc.o
 .comment       0x0000000000000050       0x51 ./Drivers/STM32F4xx_HAL_Driver/Src/stm32f4xx_hal_uart.o

.debug_frame    0x0000000000000000     0x2d28
 .debug_frame   0x0000000000000000       0xf0 ./Core/Inc/time.o
 .debug_frame   0x00000000000000f0      0xae8 ./Core/Src/main.o
 .debug_frame   0x0000000000000bd8       0x7c ./Core/Src/stm32f4xx_hal_msp.o
 .debug_frame   0x0000000000000c54      0x158 ./Core/Src/stm32f4xx_it.o
 .debug_frame   0x0000000000000dac      0x2ac ./Core/Src/syscalls.o
 .debug_frame   0x0000000000001058       0x34 ./Core/Src/sysmem.o